IQ-TREE multicore version 1.6.12 for Mac OS X 64-bit built Aug 15 2019
Developed by Bui Quang Minh, Nguyen Lam Tung, Olga Chernomor,
Heiko Schmidt, Dominik Schrempf, Michael Woodhams.

Host:    Rowans-MacBook-Pro.local (SSE4.2, 18 GB RAM)
Command: iqtree -s all_seqs.fasta -o NC_003243.1_ABLV -asr -bb 1000
Seed:    230840 (Using SPRNG - Scalable Parallel Random Number Generator)
Time:    Mon Apr  6 15:32:39 2026
Kernel:  SSE2 - 1 threads (11 CPU cores detected)

HINT: Use -nt option to specify number of threads because your CPU has 11 cores!
HINT: -nt AUTO will automatically determine the best number of threads to use.

Reading alignment file all_seqs.fasta ... Fasta format detected
Alignment most likely contains DNA/RNA sequences
Alignment has 414 sequences with 1353 columns, 670 distinct patterns
551 parsimony-informative, 129 singleton sites, 673 constant sites
                  Gap/Ambiguity  Composition  p-value
   1  AY352488            0.00%    passed     64.39%
   2  AY352501            0.00%    passed     76.64%
   3  JN258588            0.00%    passed     74.56%
   4  JN258592            0.00%    passed     65.73%
   5  JX987747            0.00%    passed     65.78%
   6  KU198460            0.00%    passed     66.89%
   7  KU198462            0.00%    passed     72.12%
   8  KU198464            0.00%    passed     65.78%
   9  KU198466            0.00%    passed     84.63%
  10  KU198467            0.00%    passed     74.07%
  11  KU198472            0.00%    passed     81.77%
  12  KU198476            0.00%    passed     77.66%
  13  KU198477            0.00%    passed     83.72%
  14  KU198478            0.00%    passed     84.64%
  15  KX036361            0.00%    passed     79.98%
  16  KX036362            0.00%    passed     78.47%
  17  KX036364            0.00%    passed     81.17%
  18  KX036365            0.00%    passed     86.06%
  19  KX036366            0.00%    passed     82.83%
  20  KX954123            0.00%    passed     69.43%
  21  LT598537            0.00%    passed     77.54%
  22  LT598538            0.00%    passed     82.50%
  23  LT598539            0.00%    passed     75.59%
  24  LT598540            0.00%    passed     76.26%
  25  LT598541            0.00%    passed     82.83%
  26  LT598543            0.00%    passed     84.64%
  27  LT909550            0.00%    passed     65.78%
  28  MG458313            0.00%    passed     67.79%
  29  MN233885            0.00%    passed     74.98%
  30  MN233886            0.00%    passed     78.21%
  31  MN233892            0.00%    passed     79.18%
  32  MN233896            0.00%    passed     80.41%
  33  MN233900            0.00%    passed     78.01%
  34  MN233948            0.00%    passed     81.56%
  35  MN233949            0.00%    passed     73.25%
  36  MN233950            0.00%    passed     74.98%
  37  MN233952            0.00%    passed     76.72%
  38  MN233953            0.00%    passed     76.64%
  39  MN233955            0.00%    passed     78.47%
  40  MN233956            0.00%    passed     86.06%
  41  MN233958            0.00%    passed     76.72%
  42  MN233960            0.00%    passed     78.33%
  43  MN233963            0.00%    passed     74.07%
  44  MN233967            0.00%    passed     75.79%
  45  MN233968            0.00%    passed     78.47%
  46  MN233969            0.00%    passed     74.98%
  47  MN233973            0.00%    passed     83.72%
  48  MN233974            0.00%    passed     78.33%
  49  MN233975            0.00%    passed     77.64%
  50  MN233977            0.00%    passed     76.74%
  51  MN233978            0.00%    passed     83.57%
  52  MN233982            0.00%    passed     75.30%
  53  MN233985            0.00%    passed     74.07%
  54  MN233988            0.00%    passed     76.26%
  55  MN233991            0.00%    passed     87.77%
  56  MN233992            0.00%    passed     81.70%
  57  MN233998            0.00%    passed     80.96%
  58  MN234000            0.00%    passed     79.91%
  59  MN234002            0.00%    passed     80.96%
  60  MN234004            0.00%    passed     79.91%
  61  MN234008            0.00%    passed     80.96%
  62  MN234016            0.00%    passed     82.83%
  63  MN234017            0.00%    passed     74.98%
  64  MN234018            0.00%    passed     74.67%
  65  MN234023            0.00%    passed     79.18%
  66  MN234043            0.00%    passed     83.72%
  67  MN234046            0.00%    passed     84.93%
  68  MN234055            0.00%    passed     77.64%
  69  MN384717            0.00%    passed     77.54%
  70  DQ666289            0.00%    passed     92.12%
  71  DQ666290            0.00%    passed     84.67%
  72  DQ866105            0.00%    passed     93.84%
  73  DQ866106            0.00%    passed     81.59%
  74  DQ866108            0.00%    passed     82.29%
  75  DQ866109            0.00%    passed     80.50%
  76  DQ866110            0.00%    passed     92.68%
  77  DQ866112            0.00%    passed     87.09%
  78  DQ866116            0.00%    passed     94.01%
  79  DQ866119            0.00%    passed     88.95%
  80  EU086182            0.00%    passed     85.06%
  81  EU086183            0.00%    passed     80.50%
  82  EU828653            0.00%    passed     84.76%
  83  FJ561726            0.00%    passed     93.93%
  84  FJ561727            0.00%    passed     92.43%
  85  FJ561728            0.00%    passed     94.08%
  86  FJ866829            0.00%    passed     89.43%
  87  FJ866830            0.00%    passed     93.99%
  88  FJ866831            0.00%    passed     91.92%
  89  GQ472468            0.00%    passed     85.61%
  90  GQ472470            0.00%    passed     77.33%
  91  GQ472473            0.00%    passed     81.21%
  92  GQ472477            0.00%    passed     85.89%
  93  GU358653            0.00%    passed     79.20%
  94  HM486355            0.00%    passed     99.88%
  95  HM486356            0.00%    passed     99.97%
  96  HM486368            0.00%    passed     89.55%
  97  HM486369            0.00%    passed     99.71%
  98  HM486374            0.00%    passed     99.89%
  99  HM486379            0.00%    passed     99.83%
 100  HM486381            0.00%    passed     94.17%
 101  JF819605            0.00%    passed     98.44%
 102  JF819615            0.00%    passed     99.71%
 103  JN974823            0.00%    passed     95.72%
 104  JN974824            0.00%    passed     93.39%
 105  JN974828            0.00%    passed     82.30%
 106  JN974829            0.00%    passed     82.30%
 107  JN974838            0.00%    passed     94.34%
 108  JN974842            0.00%    passed     91.28%
 109  JN974845            0.00%    passed     95.49%
 110  JN974870            0.00%    passed     99.72%
 111  JN974871            0.00%    passed     98.76%
 112  JN974872            0.00%    passed     99.77%
 113  JN974873            0.00%    passed     99.22%
 114  JQ970480            0.00%    passed     95.72%
 115  KT221107            0.00%    passed     96.63%
 116  KT894558            0.00%    passed     91.75%
 117  KT894572            0.00%    passed     93.64%
 118  KT894573            0.00%    passed     98.07%
 119  KT894577            0.00%    passed     79.71%
 120  KT894578            0.00%    passed     76.22%
 121  KX148264            0.00%    passed     79.20%
 122  KY451767            0.00%    passed     93.80%
 123  MG201879            0.00%    passed     82.71%
 124  MG201880            0.00%    passed     81.21%
 125  MG201884            0.00%    passed     82.30%
 126  MG201919            0.00%    passed     80.73%
 127  MG201921            0.00%    passed     78.43%
 128  MN784132            0.00%    passed     95.03%
 129  FJ598135            0.00%    passed     95.37%
 130  FJ712195            0.00%    passed     97.86%
 131  FJ712196            0.00%    passed     92.98%
 132  FJ719751            0.00%    passed     97.35%
 133  FJ719753            0.00%    passed     95.61%
 134  FJ719755            0.00%    passed     91.61%
 135  GU647092            0.00%    passed     94.78%
 136  HQ118114            0.00%    passed     94.92%
 137  JN974877            0.00%    passed     96.02%
 138  JQ950446            0.00%    passed     85.06%
 139  JQ950448            0.00%    passed     90.65%
 140  KF726852            0.00%    passed     83.82%
 141  KP319185            0.00%    passed     93.64%
 142  KP319186            0.00%    passed     97.35%
 143  KP319187            0.00%    passed     94.53%
 144  KP319188            0.00%    passed     96.36%
 145  KP319191            0.00%    passed     93.16%
 146  KP319193            0.00%    passed     93.40%
 147  KP319194            0.00%    passed     90.15%
 148  KP319195            0.00%    passed     87.79%
 149  KP319199            0.00%    passed     97.92%
 150  KP319201            0.00%    passed     98.31%
 151  KP319203            0.00%    passed     83.67%
 152  KP319204            0.00%    passed     86.91%
 153  KP319205            0.00%    passed     92.77%
 154  KP319206            0.00%    passed     98.57%
 155  KP319207            0.00%    passed     98.96%
 156  MT068612            0.00%    passed     98.16%
 157  MT068615            0.00%    passed     90.33%
 158  AY854505            0.00%    passed     82.66%
 159  AY854525            0.00%    passed     85.35%
 160  AY854531            0.00%    passed     96.88%
 161  AY854544            0.00%    passed     98.53%
 162  AY854546            0.00%    passed     98.94%
 163  AY854558            0.00%    passed     92.52%
 164  AY854567            0.00%    passed     97.64%
 165  AY854573            0.00%    passed     99.51%
 166  AY854576            0.00%    passed     92.48%
 167  AB284509            0.00%    passed     96.59%
 168  AB284511            0.00%    passed     96.77%
 169  AB284512            0.00%    passed     98.31%
 170  AB284513            0.00%    passed     95.94%
 171  AB284514            0.00%    passed     98.31%
 172  EU853582            0.00%    passed     98.76%
 173  EU853584            0.00%    passed     91.42%
 174  EU853586            0.00%    passed     90.00%
 175  EU853587            0.00%    passed     97.15%
 176  EU853590            0.00%    passed     96.02%
 177  HM179504            0.00%    passed     82.03%
 178  HM179505            0.00%    passed     84.54%
 179  HM179506            0.00%    passed     91.57%
 180  KF155002            0.00%    passed     95.24%
 181  KR534217            0.00%    passed     92.01%
 182  KR534218            0.00%    passed     92.00%
 183  KR534219            0.00%    passed     97.60%
 184  KR534228            0.00%    passed     98.63%
 185  KR534229            0.00%    passed     94.50%
 186  KR534230            0.00%    passed     99.04%
 187  KR534233            0.00%    passed     92.97%
 188  KR534238            0.00%    passed     97.96%
 189  KR534244            0.00%    passed     92.87%
 190  KR534250            0.00%    passed     88.07%
 191  KR534251            0.00%    passed     98.41%
 192  KR534252            0.00%    passed     97.48%
 193  KR534253            0.00%    passed     93.88%
 194  KR906735            0.00%    passed     96.77%
 195  KR906736            0.00%    passed     96.75%
 196  KR906739            0.00%    passed     97.03%
 197  KR906741            0.00%    passed     97.68%
 198  KR906742            0.00%    passed     96.24%
 199  KR906744            0.00%    passed     97.23%
 200  KR906745            0.00%    passed     96.10%
 201  KR906746            0.00%    passed     90.85%
 202  KR906747            0.00%    passed     91.63%
 203  KR906748            0.00%    passed     85.55%
 204  KR906749            0.00%    passed     96.54%
 205  KR906751            0.00%    passed     87.99%
 206  KR906756            0.00%    passed     92.52%
 207  KR906757            0.00%    passed     87.99%
 208  KR906759            0.00%    passed     98.50%
 209  KR906762            0.00%    passed     96.31%
 210  KR906763            0.00%    passed     94.97%
 211  KR906765            0.00%    passed     96.59%
 212  KR906766            0.00%    passed     95.22%
 213  KR906767            0.00%    passed     96.10%
 214  KR906770            0.00%    passed     99.45%
 215  KR906773            0.00%    passed     92.01%
 216  KR906780            0.00%    passed     92.01%
 217  KR906784            0.00%    passed     99.74%
 218  KR906790            0.00%    passed     98.84%
 219  KR906792            0.00%    passed     81.75%
 220  KT336432            0.00%    passed     92.01%
 221  KT336433            0.00%    passed     93.34%
 222  KT336434            0.00%    passed     70.51%
 223  KT336435            0.00%    passed     85.80%
 224  KT336436            0.00%    passed     93.30%
 225  KT336437            0.00%    passed     90.37%
 226  KX148203            0.00%    passed     89.79%
 227  KX148204            0.00%    passed     94.74%
 228  KX148206            0.00%    passed     98.24%
 229  KX148208            0.00%    passed     99.94%
 230  KY210224            0.00%    passed     85.09%
 231  KY210243            0.00%    passed     93.48%
 232  KY210247            0.00%    passed     93.48%
 233  KY210249            0.00%    passed     90.67%
 234  KY210253            0.00%    passed     97.07%
 235  KY210263            0.00%    passed     99.23%
 236  KY210264            0.00%    passed     99.61%
 237  KY210279            0.00%    passed     99.74%
 238  KY210287            0.00%    passed     90.88%
 239  KY210304            0.00%    passed     99.46%
 240  KY563717            0.00%    passed     69.47%
 241  LC029890            0.00%    passed     98.78%
 242  MN726804            0.00%    passed     96.31%
 243  MN726826            0.00%    passed     96.17%
 244  MN726827            0.00%    passed     95.58%
 245  MT454631            0.00%    passed     89.77%
 246  MT454635            0.00%    passed     94.69%
 247  MT454637            0.00%    passed     87.14%
 248  MT454641            0.00%    passed     93.88%
 249  MT454643            0.00%    passed     97.05%
 250  MT454644            0.00%    passed     88.78%
 251  MT454645            0.00%    passed     97.68%
 252  OK317992            0.00%    passed     99.30%
 253  OK317993            0.00%    passed     95.07%
 254  OK317995            0.00%    passed     97.52%
 255  OK317996            0.00%    passed     97.52%
 256  OK317998            0.00%    passed     97.95%
 257  OK317999            0.00%    passed     98.79%
 258  OP375406            0.00%    passed     94.44%
 259  OP375407            0.00%    passed     97.57%
 260  OP375410            0.00%    passed     92.29%
 261  OP375413            0.00%    passed     94.44%
 262  OP375414            0.00%    passed     92.80%
 263  OP375415            0.00%    passed     93.88%
 264  OP375418            0.00%    passed     94.44%
 265  OP375421            0.00%    passed     92.87%
 266  OP375423            0.00%    passed     95.38%
 267  OR045939            0.00%    passed     89.43%
 268  OR045949            0.00%    passed     88.27%
 269  OR270973            0.00%    passed     89.12%
 270  OR270979            0.00%    passed     92.57%
 271  OR270997            0.00%    passed     91.42%
 272  OR270998            0.00%    passed     92.82%
 273  OR270999            0.00%    passed     91.76%
 274  OR271001            0.00%    passed     91.42%
 275  OR271003            0.00%    passed     92.82%
 276  PV855388            0.00%    passed     85.19%
 277  PV855390            0.00%    passed     86.14%
 278  PV855392            0.00%    passed     87.06%
 279  PV855393            0.00%    passed     87.40%
 280  PV855394            0.00%    passed     85.19%
 281  PV855397            0.00%    passed     87.06%
 282  PV855415            0.00%    passed     88.63%
 283  EU345002            0.00%    passed     97.50%
 284  EU345003            0.00%    passed     99.03%
 285  EU345004            0.00%    passed     95.07%
 286  JQ685938            0.00%    passed     99.08%
 287  JQ685968            0.00%    passed     96.89%
 288  MW055084            0.00%    passed     98.00%
 289  MW055085            0.00%    passed     96.75%
 290  MW055086            0.00%    passed     98.49%
 291  MW055087            0.00%    passed     98.70%
 292  AB519642            0.00%    passed     92.76%
 293  AF070449            0.00%    passed     91.83%
 294  AF351847            0.00%    passed     94.99%
 295  AF351852            0.00%    passed     87.03%
 296  AY854587            0.00%    passed     87.11%
 297  AY854592            0.00%    passed     99.17%
 298  AY854594            0.00%    passed     99.54%
 299  AY877433            0.00%    passed     95.52%
 300  AY877434            0.00%    passed     93.66%
 301  AY877435            0.00%    passed     94.35%
 302  GU592648            0.00%    passed     86.64%
 303  KF656696            0.00%    passed     97.61%
 304  KF864234            0.00%    passed     94.09%
 305  KF864322            0.00%    passed     94.13%
 306  KF864397            0.00%    passed     83.81%
 307  KM594040            0.00%    passed     91.92%
 308  KM594041            0.00%    passed     73.35%
 309  KM594042            0.00%    passed     97.46%
 310  KP202393            0.00%    passed     91.77%
 311  KT023101            0.00%    passed     66.19%
 312  MN968374            0.00%    passed     99.84%
 313  MN968375            0.00%    passed     99.56%
 314  MN968377            0.00%    passed     99.77%
 315  MN968386            0.00%    passed     99.40%
 316  MT891038            0.00%    passed     89.95%
 317  MW249020            0.00%    passed     98.42%
 318  MW579786            0.00%    passed     79.15%
 319  MW579820            0.00%    passed     82.04%
 320  MW579824            0.00%    passed     93.92%
 321  MW579833            0.00%    passed     77.90%
 322  PQ379829            0.00%    passed     98.58%
 323  PQ379831            0.00%    passed     73.25%
 324  PQ379832            0.00%    passed     99.30%
 325  PQ379834            0.00%    passed     99.63%
 326  PQ379836            0.00%    passed     99.53%
 327  PQ379849            0.00%    passed     94.80%
 328  PQ510120            0.00%    passed     92.49%
 329  PQ603086            0.00%    passed     99.37%
 330  PQ671599            0.00%    passed     73.10%
 331  PQ671601            0.00%    passed     54.12%
 332  AF351849            0.00%    passed     72.63%
 333  AF394876            0.00%    passed     84.68%
 334  GU644760            0.00%    passed     68.21%
 335  GU644761            0.00%    passed     78.46%
 336  GU644762            0.00%    passed     72.65%
 337  GU644763            0.00%    passed     74.51%
 338  GU644764            0.00%    passed     68.21%
 339  GU644765            0.00%    passed     62.95%
 340  GU644766            0.00%    passed     65.19%
 341  GU644767            0.00%    passed     67.13%
 342  GU644768            0.00%    passed     67.30%
 343  GU644769            0.00%    passed     57.72%
 344  GU644770            0.00%    passed     76.20%
 345  GU644771            0.00%    passed     81.23%
 346  GU644772            0.00%    passed     69.92%
 347  GU644773            0.00%    passed     67.13%
 348  GU644774            0.00%    passed     67.30%
 349  GU644775            0.00%    passed     63.99%
 350  GU644776            0.00%    passed     62.05%
 351  GU644777            0.00%    passed     72.20%
 352  GU644778            0.00%    passed     72.20%
 353  GU644779            0.00%    passed     67.30%
 354  GU644780            0.00%    passed     78.46%
 355  GU644781            0.00%    passed     73.74%
 356  GU644782            0.00%    passed     81.23%
 357  GU644784            0.00%    passed     72.65%
 358  GU644785            0.00%    passed     64.79%
 359  GU644786            0.00%    passed     79.32%
 360  GU644787            0.00%    passed     70.54%
 361  GU644788            0.00%    passed     74.51%
 362  JQ685905            0.00%    passed     75.49%
 363  AF351828            0.00%    passed     93.63%
 364  AF351831            0.00%    passed     92.50%
 365  AF351832            0.00%    passed     88.69%
 366  AF351833            0.00%    passed     92.00%
 367  AF351855            0.00%    passed     83.45%
 368  AF351861            0.00%    passed     98.47%
 369  AF351862            0.00%    passed     91.51%
 370  AY039227            0.00%    passed     87.67%
 371  AY039228            0.00%    passed     90.35%
 372  AY039229            0.00%    passed     88.70%
 373  GU644652            0.00%    passed     96.07%
 374  GU644654            0.00%    passed     85.69%
 375  GU644655            0.00%    passed     90.35%
 376  GU644656            0.00%    passed     88.17%
 377  GU644657            0.00%    passed     92.31%
 378  GU644658            0.00%    passed     84.56%
 379  GU644659            0.00%    passed     85.79%
 380  GU644660            0.00%    passed     96.59%
 381  GU644661            0.00%    passed     90.88%
 382  GU644662            0.00%    passed     94.65%
 383  GU644663            0.00%    passed     95.06%
 384  GU644664            0.00%    passed     97.12%
 385  GU644665            0.00%    passed     90.39%
 386  GU644666            0.00%    passed     94.98%
 387  GU644667            0.00%    passed     90.02%
 388  GU644668            0.00%    passed     92.72%
 389  GU644669            0.00%    passed     93.05%
 390  GU644670            0.00%    passed     96.19%
 391  GU644671            0.00%    passed     87.62%
 392  GU644676            0.00%    passed     91.01%
 393  GU644677            0.00%    passed     90.98%
 394  GU644684            0.00%    passed     89.41%
 395  GU644689            0.00%    passed     89.41%
 396  GU644690            0.00%    passed     89.95%
 397  GU644695            0.00%    passed     89.95%
 398  AF351845            0.00%    passed     99.26%
 399  AF351846            0.00%    passed     96.10%
 400  AF351858            0.00%    passed     92.53%
 401  AF394883            0.00%    passed     98.92%
 402  AF394884            0.00%    passed     99.27%
 403  GU644712            0.00%    passed     96.26%
 404  GU644713            0.00%    passed     96.06%
 405  GU644714            0.00%    passed     95.55%
 406  GU644715            0.00%    passed     97.93%
 407  GU644716            0.00%    passed     96.26%
 408  GU644717            0.00%    passed     98.23%
 409  GU644718            0.00%    passed     97.93%
 410  GU644719            0.00%    passed     96.63%
 411  GU644720            0.00%    passed     97.56%
 412  GU644721            0.00%    passed     98.25%
 413  JQ685947            0.00%    passed     98.23%
 414  NC_003243.1_ABLV    0.00%    passed     87.21%
****  TOTAL               0.00%  0 sequences failed composition chi2 test (p-value<5%; df=3)


Create initial parsimony tree by phylogenetic likelihood library (PLL)... 0.031 seconds
NOTE: ModelFinder requires 93 MB RAM!
ModelFinder will test 286 DNA models (sample size: 1353) ...
 No. Model         -LnL         df  AIC          AICc         BIC
  1  JC            23975.939    825 49601.879    52188.027    53900.194
  2  JC+I          22526.222    826 46704.445    49301.791    51007.971
  3  JC+G4         22252.067    826 46156.134    48753.480    50459.660
  4  JC+I+G4       22238.279    827 46130.559    48739.153    50439.294
  5  JC+R2         22367.864    827 46389.727    48998.321    50698.463
  6  JC+R3         22250.757    829 46159.514    48790.757    50478.670
  7  JC+R4         22225.659    831 46113.318    48767.414    50442.894
  8  JC+R5         22224.790    833 46115.579    48792.735    50455.575
 14  F81+F         24002.074    828 49660.148    52280.041    53974.094
 15  F81+F+I       22551.110    829 46760.220    49391.463    51079.376
 16  F81+F+G4      22283.637    829 46225.273    48856.516    50544.429
 17  F81+F+I+G4    22267.326    830 46194.651    48837.295    50519.017
 18  F81+F+R2      22360.823    830 46381.647    49024.291    50706.013
 19  F81+F+R3      22254.543    832 46173.087    48838.687    50507.873
 20  F81+F+R4      22253.967    834 46175.934    48864.699    50521.141
 27  K2P           22409.033    826 46470.066    49067.412    50773.591
 28  K2P+I         20908.407    827 43470.813    46079.407    47779.549
 29  K2P+G4        20600.984    827 42855.968    45464.562    47164.703
 30  K2P+I+G4      20582.962    828 42821.924    45441.817    47135.869
 31  K2P+R2        20672.938    828 43001.877    45621.770    47315.823
 32  K2P+R3        20572.171    830 42804.341    45446.985    47128.707
 33  K2P+R4        20571.373    832 42806.745    45472.345    47141.531
 40  HKY+F         22427.621    829 46513.243    49144.485    50832.399
 41  HKY+F+I       20920.039    830 43500.077    46142.721    47824.444
 42  HKY+F+G4      20593.523    830 42847.046    45489.689    47171.412
 43  HKY+F+I+G4    20574.489    831 42810.977    45465.073    47140.554
 44  HKY+F+R2      20652.985    831 42967.971    45622.067    47297.547
 45  HKY+F+R3      20562.848    833 42791.695    45468.851    47131.692
 46  HKY+F+R4      20562.431    835 42794.863    45495.288    47145.279
 53  TNe           22374.827    827 46403.654    49012.249    50712.390
 54  TNe+I         20878.196    828 43412.393    46032.286    47726.339
 55  TNe+G4        20595.900    828 42847.799    45467.692    47161.745
 56  TNe+I+G4      20571.288    829 42800.577    45431.820    47119.733
 57  TNe+R2        20643.987    829 42945.974    45577.217    47265.130
 58  TNe+R3        20562.275    831 42786.551    45440.647    47116.127
 59  TNe+R4        20561.919    833 42789.838    45466.994    47129.834
 66  TN+F          22358.604    830 46377.208    49019.852    50701.574
 67  TN+F+I        20860.348    831 43382.696    46036.792    47712.272
 68  TN+F+G4       20574.942    831 42811.884    45465.980    47141.460
 69  TN+F+I+G4     20545.474    832 42754.948    45420.548    47089.734
 70  TN+F+R2       20618.293    832 42900.585    45566.185    47235.372
 71  TN+F+R3       20536.540    834 42741.080    45429.844    47086.286
 72  TN+F+R4       20535.935    836 42743.869    45456.009    47099.496
 79  K3P           22379.037    827 46412.073    49020.668    50720.809
 80  K3P+I         20877.145    828 43410.289    46030.182    47724.235
 81  K3P+G4        20568.846    828 42793.692    45413.585    47107.638
 82  K3P+I+G4      20550.972    829 42759.944    45391.187    47079.100
 83  K3P+R2        20604.534    829 42867.068    45498.311    47186.224
 84  K3P+R3        20539.269    831 42740.538    45394.634    47070.115
 85  K3P+R4        20538.575    833 42743.149    45420.305    47083.146
 92  K3Pu+F        22394.696    830 46449.392    49092.036    50773.758
 93  K3Pu+F+I      20886.291    831 43434.582    46088.678    47764.158
 94  K3Pu+F+G4     20558.525    831 42779.050    45433.146    47108.626
 95  K3Pu+F+I+G4   20539.236    832 42742.473    45408.073    47077.259
 96  K3Pu+F+R2     20594.232    832 42852.464    45518.064    47187.250
 97  K3Pu+F+R3     20526.974    834 42721.948    45410.712    47067.154
 98  K3Pu+F+R4     20526.150    836 42724.300    45436.440    47079.927
105  TPM2+F        22414.430    830 46488.860    49131.504    50813.227
106  TPM2+F+I      20909.047    831 43480.093    46134.189    47809.669
107  TPM2+F+G4     20583.531    831 42829.062    45483.158    47158.638
108  TPM2+F+I+G4   20565.390    832 42794.780    45460.380    47129.566
109  TPM2+F+R2     20617.986    832 42899.973    45565.573    47234.759
110  TPM2+F+R3     20552.523    834 42773.047    45461.811    47118.253
111  TPM2+F+R4     20551.667    836 42775.333    45487.473    47130.960
118  TPM2u+F       22414.163    830 46488.326    49130.970    50812.692
119  TPM2u+F+I     20908.777    831 43479.554    46133.650    47809.130
120  TPM2u+F+G4    20583.237    831 42828.475    45482.570    47158.051
121  TPM2u+F+I+G4  20565.126    832 42794.251    45459.851    47129.038
122  TPM2u+F+R2    20617.529    832 42899.058    45564.658    47233.844
123  TPM2u+F+R3    20552.490    834 42772.980    45461.745    47118.187
124  TPM2u+F+R4    20551.600    836 42775.200    45487.340    47130.827
131  TPM3+F        22427.321    830 46514.642    49157.286    50839.008
132  TPM3+F+I      20919.418    831 43500.836    46154.932    47830.412
133  TPM3+F+G4     20593.415    831 42848.830    45502.926    47178.406
134  TPM3+F+I+G4   20574.446    832 42812.893    45478.493    47147.679
135  TPM3+F+R2     20627.658    832 42919.317    45584.917    47254.103
136  TPM3+F+R3     20561.615    834 42791.229    45479.994    47136.436
137  TPM3+F+R4     20560.728    836 42793.455    45505.595    47149.082
144  TPM3u+F       22427.339    830 46514.678    49157.322    50839.044
145  TPM3u+F+I     20919.435    831 43500.869    46154.965    47830.445
146  TPM3u+F+G4    20593.433    831 42848.866    45502.962    47178.443
147  TPM3u+F+I+G4  20574.469    832 42812.939    45478.539    47147.725
148  TPM3u+F+R2    20627.558    832 42919.116    45584.716    47253.902
149  TPM3u+F+R3    20561.599    834 42791.199    45479.963    47136.405
150  TPM3u+F+R4    20560.660    836 42793.319    45505.459    47148.946
157  TIMe          22344.799    828 46345.598    48965.491    50659.544
158  TIMe+I        20846.940    829 43351.880    45983.123    47671.036
159  TIMe+G4       20563.770    829 42785.541    45416.783    47104.697
160  TIMe+I+G4     20539.443    830 42738.887    45381.530    47063.253
161  TIMe+R2       20596.961    830 42853.923    45496.566    47178.289
162  TIMe+R3       20529.762    832 42723.524    45389.124    47058.310
163  TIMe+R4       20528.890    834 42725.779    45414.544    47070.986
170  TIM+F         22325.697    831 46313.395    48967.491    50642.971
171  TIM+F+I       20826.683    832 43317.367    45982.967    47652.153
172  TIM+F+G4      20540.058    832 42744.116    45409.716    47078.903
173  TIM+F+I+G4    20510.502    833 42687.004    45364.160    47027.001
174  TIM+F+R2      20574.145    833 42814.290    45491.446    47154.286
175  TIM+F+R3      20501.200    835 42672.399    45372.825    47022.816
176  TIM+F+R4      20497.506    837 42669.012    45392.918    47029.848
183  TIM2e         22353.667    828 46363.334    48983.227    50677.280
184  TIM2e+I       20860.203    829 43378.407    46009.650    47697.563
185  TIM2e+G4      20576.004    829 42810.008    45441.250    47129.164
186  TIM2e+I+G4    20552.303    830 42764.605    45407.249    47088.971
187  TIM2e+R2      20608.968    830 42877.936    45520.580    47202.302
188  TIM2e+R3      20542.641    832 42749.282    45414.882    47084.068
189  TIM2e+R4      20538.105    834 42744.209    45432.974    47089.416
196  TIM2+F        22345.390    831 46352.780    49006.876    50682.357
197  TIM2+F+I      20849.270    832 43362.540    46028.140    47697.326
198  TIM2+F+G4     20564.709    832 42793.417    45459.017    47128.204
199  TIM2+F+I+G4   20535.878    833 42737.756    45414.912    47077.753
200  TIM2+F+R2     20598.503    833 42863.006    45540.162    47203.003
201  TIM2+F+R3     20526.462    835 42722.924    45423.350    47073.340
202  TIM2+F+R4     20521.723    837 42717.445    45441.352    47078.282
209  TIM3e         22372.035    828 46400.070    49019.963    50714.016
210  TIM3e+I       20874.954    829 43407.908    46039.151    47727.064
211  TIM3e+G4      20593.662    829 42845.324    45476.567    47164.480
212  TIM3e+I+G4    20568.861    830 42797.722    45440.366    47122.088
213  TIM3e+R2      20626.376    830 42912.752    45555.396    47237.118
214  TIM3e+R3      20558.864    832 42781.728    45447.328    47116.514
215  TIM3e+R4      20554.592    834 42777.184    45465.948    47122.390
222  TIM3+F        22358.541    831 46379.082    49033.178    50708.658
223  TIM3+F+I      20859.958    832 43383.915    46049.515    47718.702
224  TIM3+F+G4     20575.107    832 42814.214    45479.814    47149.000
225  TIM3+F+I+G4   20545.623    833 42757.246    45434.402    47097.242
226  TIM3+F+R2     20608.471    833 42882.943    45560.099    47222.939
227  TIM3+F+R3     20535.751    835 42741.502    45441.928    47091.919
228  TIM3+F+R4     20531.269    837 42736.539    45460.446    47097.375
235  TVMe          22339.646    829 46337.292    48968.535    50656.448
236  TVMe+I        20841.554    830 43343.108    45985.752    47667.474
237  TVMe+G4       20533.988    830 42727.977    45370.620    47052.343
238  TVMe+I+G4     20517.273    831 42696.545    45350.641    47026.122
239  TVMe+R2       20566.239    831 42794.478    45448.574    47124.054
240  TVMe+R3       20505.854    833 42677.709    45354.865    47017.705
241  TVMe+R4       20500.332    835 42670.663    45371.089    47021.080
248  TVM+F         22366.915    832 46397.830    49063.430    50732.616
249  TVM+F+I       20860.932    833 43387.864    46065.020    47727.861
250  TVM+F+G4      20537.174    833 42740.349    45417.505    47080.345
251  TVM+F+I+G4    20519.340    834 42706.679    45395.444    47051.886
252  TVM+F+R2      20570.690    834 42809.380    45498.145    47154.587
253  TVM+F+R3      20507.039    836 42686.077    45398.217    47041.704
254  TVM+F+R4      20501.764    838 42679.528    45415.255    47045.575
261  SYM           22305.486    830 46270.972    48913.616    50595.338
262  SYM+I         20811.258    831 43284.516    45938.612    47614.092
263  SYM+G4        20528.973    831 42719.946    45374.042    47049.522
264  SYM+I+G4      20505.732    832 42675.465    45341.065    47010.251
265  SYM+R2        20562.356    832 42788.711    45454.311    47123.498
266  SYM+R3        20496.545    834 42661.090    45349.855    47006.296
267  SYM+R4        20491.788    836 42655.577    45367.716    47011.204
274  GTR+F         22298.105    833 46262.209    48939.365    50602.206
275  GTR+F+I       20801.397    834 43270.795    45959.559    47616.001
276  GTR+F+G4      20518.573    834 42705.146    45393.911    47050.353
277  GTR+F+I+G4    20490.233    835 42650.466    45350.891    47000.882
278  GTR+F+R2      20552.363    835 42774.727    45475.152    47125.143
279  GTR+F+R3      20481.363    837 42636.726    45360.633    46997.563
280  GTR+F+R4      20476.532    839 42631.063    45378.666    47002.320
Akaike Information Criterion:           GTR+F+R4
Corrected Akaike Information Criterion: SYM+I+G4
Bayesian Information Criterion:         GTR+F+R3
Best-fit model: GTR+F+R3 chosen according to BIC

All model information printed to all_seqs.fasta.model.gz
CPU time for ModelFinder: 153.876 seconds (0h:2m:33s)
Wall-clock time for ModelFinder: 153.948 seconds (0h:2m:33s)
Generating 1000 samples for ultrafast bootstrap (seed: 230840)...

NOTE: 29 MB RAM (0 GB) is required!
Estimate model parameters (epsilon = 0.100)
1. Initial log-likelihood: -22636.322
2. Current log-likelihood: -20657.057
3. Current log-likelihood: -20603.301
4. Current log-likelihood: -20582.205
5. Current log-likelihood: -20568.463
6. Current log-likelihood: -20563.080
7. Current log-likelihood: -20558.500
8. Current log-likelihood: -20554.850
9. Current log-likelihood: -20551.052
10. Current log-likelihood: -20547.596
11. Current log-likelihood: -20544.105
12. Current log-likelihood: -20541.123
13. Current log-likelihood: -20538.152
14. Current log-likelihood: -20535.543
15. Current log-likelihood: -20533.141
16. Current log-likelihood: -20531.092
17. Current log-likelihood: -20528.795
18. Current log-likelihood: -20527.293
19. Current log-likelihood: -20525.604
20. Current log-likelihood: -20524.620
21. Current log-likelihood: -20523.294
22. Current log-likelihood: -20522.044
23. Current log-likelihood: -20520.969
24. Current log-likelihood: -20520.117
25. Current log-likelihood: -20519.460
26. Current log-likelihood: -20518.996
27. Current log-likelihood: -20518.573
28. Current log-likelihood: -20518.266
29. Current log-likelihood: -20518.075
30. Current log-likelihood: -20517.799
31. Current log-likelihood: -20517.622
Optimal log-likelihood: -20517.530
Rate parameters:  A-C: 1.29306  A-G: 6.76881  A-T: 0.69577  C-G: 0.21139  C-T: 9.44952  G-T: 1.00000
Base frequencies:  A: 0.295  C: 0.206  G: 0.238  T: 0.261
Site proportion and rates:  (0.623,0.126) (0.168,1.526) (0.209,3.183)
Parameters optimization took 31 rounds (13.302 sec)
Computing ML distances based on estimated model parameters... 0.859 sec
Computing BIONJ tree...
0.074 seconds
Log-likelihood of BIONJ tree: -20836.734
--------------------------------------------------------------------
|             INITIALIZING CANDIDATE TREE SET                      |
--------------------------------------------------------------------
Generating 98 parsimony trees... 3.276 second
Computing log-likelihood of 98 initial trees ... 6.961 seconds
Current best score: -20499.115

Do NNI search on 20 best initial trees
Estimate model parameters (epsilon = 0.100)
BETTER TREE FOUND at iteration 1: -20464.515
Estimate model parameters (epsilon = 0.100)
BETTER TREE FOUND at iteration 4: -20460.446
Estimate model parameters (epsilon = 0.100)
BETTER TREE FOUND at iteration 6: -20460.000
Iteration 10 / LogL: -20471.689 / Time: 0h:0m:51s
Iteration 20 / LogL: -20472.688 / Time: 0h:1m:7s
Finish initializing candidate tree set (20)
Current best tree score: -20460.000 / CPU time: 53.105
Number of iterations: 20
--------------------------------------------------------------------
|               OPTIMIZING CANDIDATE TREE SET                      |
--------------------------------------------------------------------
Estimate model parameters (epsilon = 0.100)
BETTER TREE FOUND at iteration 22: -20458.336
Estimate model parameters (epsilon = 0.100)
BETTER TREE FOUND at iteration 28: -20457.714
Iteration 30 / LogL: -20483.634 / Time: 0h:1m:25s (0h:4m:47s left)
Iteration 40 / LogL: -20460.273 / Time: 0h:1m:44s (0h:3m:55s left)
Iteration 50 / LogL: -20602.301 / Time: 0h:1m:58s (0h:3m:8s left)
Log-likelihood cutoff on original alignment: -20498.747
Iteration 60 / LogL: -20466.821 / Time: 0h:2m:15s (0h:2m:35s left)
Iteration 70 / LogL: -20595.921 / Time: 0h:2m:30s (0h:2m:6s left)
Estimate model parameters (epsilon = 0.100)
BETTER TREE FOUND at iteration 75: -20457.391
Iteration 80 / LogL: -20479.992 / Time: 0h:2m:46s (0h:3m:19s left)
Iteration 90 / LogL: -20557.326 / Time: 0h:3m:3s (0h:2m:55s left)
Iteration 100 / LogL: -20460.124 / Time: 0h:3m:19s (0h:2m:30s left)
Log-likelihood cutoff on original alignment: -20498.355
NOTE: Bootstrap correlation coefficient of split occurrence frequencies: 0.996
Iteration 110 / LogL: -20461.064 / Time: 0h:3m:35s (0h:2m:58s left)
Iteration 120 / LogL: -20470.791 / Time: 0h:3m:51s (0h:2m:35s left)
Iteration 130 / LogL: -20460.588 / Time: 0h:4m:8s (0h:2m:14s left)
Estimate model parameters (epsilon = 0.100)
BETTER TREE FOUND at iteration 133: -20457.310
Iteration 140 / LogL: -20563.678 / Time: 0h:4m:23s (0h:2m:56s left)
Iteration 150 / LogL: -20460.935 / Time: 0h:4m:40s (0h:2m:36s left)
Log-likelihood cutoff on original alignment: -20498.355
Iteration 160 / LogL: -20590.112 / Time: 0h:4m:56s (0h:2m:16s left)
Estimate model parameters (epsilon = 0.100)
BETTER TREE FOUND at iteration 164: -20457.235
Iteration 170 / LogL: -20462.694 / Time: 0h:5m:13s (0h:2m:54s left)
Iteration 180 / LogL: -20462.952 / Time: 0h:5m:31s (0h:2m:35s left)
BETTER TREE FOUND at iteration 181: -20457.229
Iteration 190 / LogL: -20829.741 / Time: 0h:5m:46s (0h:2m:46s left)
Iteration 200 / LogL: -20476.007 / Time: 0h:6m:2s (0h:2m:27s left)
Log-likelihood cutoff on original alignment: -20498.355
NOTE: Bootstrap correlation coefficient of split occurrence frequencies: 0.998
BETTER TREE FOUND at iteration 206: -20457.224
BETTER TREE FOUND at iteration 209: -20457.219
Iteration 210 / LogL: -20477.110 / Time: 0h:6m:19s (0h:2m:59s left)
Iteration 220 / LogL: -20467.783 / Time: 0h:6m:36s (0h:2m:40s left)
Iteration 230 / LogL: -20517.948 / Time: 0h:6m:51s (0h:2m:21s left)
Iteration 240 / LogL: -20457.475 / Time: 0h:7m:8s (0h:2m:3s left)
BETTER TREE FOUND at iteration 242: -20457.215
BETTER TREE FOUND at iteration 245: -20457.214
BETTER TREE FOUND at iteration 250: -20457.214
Iteration 250 / LogL: -20457.214 / Time: 0h:7m:26s (0h:2m:59s left)
Log-likelihood cutoff on original alignment: -20498.718
Iteration 260 / LogL: -20558.719 / Time: 0h:7m:44s (0h:2m:41s left)
BETTER TREE FOUND at iteration 261: -20457.208
Estimate model parameters (epsilon = 0.100)
BETTER TREE FOUND at iteration 264: -20457.079
Iteration 270 / LogL: -20465.624 / Time: 0h:8m:1s (0h:2m:48s left)
BETTER TREE FOUND at iteration 278: -20457.070
Iteration 280 / LogL: -20457.172 / Time: 0h:8m:17s (0h:2m:54s left)
BETTER TREE FOUND at iteration 287: -20457.067
Iteration 290 / LogL: -20473.675 / Time: 0h:8m:32s (0h:2m:52s left)
BETTER TREE FOUND at iteration 293: -20457.065
BETTER TREE FOUND at iteration 294: -20457.061
Iteration 300 / LogL: -20486.059 / Time: 0h:8m:50s (0h:2m:46s left)
Log-likelihood cutoff on original alignment: -20498.355
NOTE: Bootstrap correlation coefficient of split occurrence frequencies: 0.997
Estimate model parameters (epsilon = 0.100)
BETTER TREE FOUND at iteration 307: -20456.782
Iteration 310 / LogL: -20456.794 / Time: 0h:9m:7s (0h:2m:51s left)
Iteration 320 / LogL: -20523.699 / Time: 0h:9m:25s (0h:2m:34s left)
Estimate model parameters (epsilon = 0.100)
BETTER TREE FOUND at iteration 321: -20456.723
BETTER TREE FOUND at iteration 329: -20456.716
Iteration 330 / LogL: -20520.152 / Time: 0h:9m:43s (0h:2m:55s left)
Iteration 340 / LogL: -20463.870 / Time: 0h:9m:59s (0h:2m:37s left)
BETTER TREE FOUND at iteration 346: -20456.713
Iteration 350 / LogL: -20565.451 / Time: 0h:10m:15s (0h:2m:49s left)
Log-likelihood cutoff on original alignment: -20498.355
BETTER TREE FOUND at iteration 356: -20456.709
BETTER TREE FOUND at iteration 360: -20456.707
Iteration 360 / LogL: -20456.707 / Time: 0h:10m:33s (0h:2m:56s left)
Iteration 370 / LogL: -20486.386 / Time: 0h:10m:50s (0h:2m:38s left)
Iteration 380 / LogL: -20459.880 / Time: 0h:11m:7s (0h:2m:20s left)
Iteration 390 / LogL: -20596.109 / Time: 0h:11m:23s (0h:2m:3s left)
Iteration 400 / LogL: -20613.706 / Time: 0h:11m:40s (0h:1m:45s left)
Log-likelihood cutoff on original alignment: -20498.355
NOTE: Bootstrap correlation coefficient of split occurrence frequencies: 0.998
Iteration 410 / LogL: -20533.611 / Time: 0h:11m:56s (0h:2m:37s left)
Iteration 420 / LogL: -20463.845 / Time: 0h:12m:14s (0h:2m:20s left)
Iteration 430 / LogL: -20485.774 / Time: 0h:12m:32s (0h:2m:2s left)
Iteration 440 / LogL: -20472.131 / Time: 0h:12m:51s (0h:1m:45s left)
Iteration 450 / LogL: -20459.410 / Time: 0h:13m:5s (0h:1m:27s left)
Log-likelihood cutoff on original alignment: -20498.355
Iteration 460 / LogL: -20507.333 / Time: 0h:13m:23s (0h:1m:9s left)
TREE SEARCH COMPLETED AFTER 461 ITERATIONS / Time: 0h:13m:24s

--------------------------------------------------------------------
|                    FINALIZING TREE SEARCH                        |
--------------------------------------------------------------------
Performs final model parameters optimization
Estimate model parameters (epsilon = 0.010)
1. Initial log-likelihood: -20456.707
2. Current log-likelihood: -20456.682
3. Current log-likelihood: -20456.650
4. Current log-likelihood: -20456.627
5. Current log-likelihood: -20456.598
6. Current log-likelihood: -20456.579
7. Current log-likelihood: -20456.554
8. Current log-likelihood: -20456.538
9. Current log-likelihood: -20456.521
10. Current log-likelihood: -20456.507
11. Current log-likelihood: -20456.494
12. Current log-likelihood: -20456.483
13. Current log-likelihood: -20456.472
14. Current log-likelihood: -20456.462
Optimal log-likelihood: -20456.449
Rate parameters:  A-C: 1.29173  A-G: 6.56424  A-T: 0.66328  C-G: 0.19866  C-T: 9.84258  G-T: 1.00000
Base frequencies:  A: 0.295  C: 0.206  G: 0.238  T: 0.261
Site proportion and rates:  (0.595,0.065) (0.249,1.530) (0.156,3.721)
Parameters optimization took 14 rounds (4.150 sec)
BEST SCORE FOUND : -20456.449
Ancestral state probabilities printed to all_seqs.fasta.state
Creating bootstrap support values...
Split supports printed to NEXUS file all_seqs.fasta.splits.nex
Total tree length: 3.040

Total number of iterations: 461
CPU time used for tree search: 789.129 sec (0h:13m:9s)
Wall-clock time used for tree search: 790.537 sec (0h:13m:10s)
Total CPU time used: 809.169 sec (0h:13m:29s)
Total wall-clock time used: 811.040 sec (0h:13m:31s)

Computing bootstrap consensus tree...
Reading input file all_seqs.fasta.splits.nex...
414 taxa and 5063 splits.
Consensus tree written to all_seqs.fasta.contree
Reading input trees file all_seqs.fasta.contree
Log-likelihood of consensus tree: -20457.238

Analysis results written to: 
  IQ-TREE report:                all_seqs.fasta.iqtree
  Maximum-likelihood tree:       all_seqs.fasta.treefile
  Likelihood distances:          all_seqs.fasta.mldist
  Ancestral state:               all_seqs.fasta.state

Ultrafast bootstrap approximation results written to:
  Split support values:          all_seqs.fasta.splits.nex
  Consensus tree:                all_seqs.fasta.contree
  Screen log file:               all_seqs.fasta.log

Date and Time: Mon Apr  6 15:48:44 2026
