IQ-TREE multicore version 1.6.12 for Mac OS X 64-bit built Aug 15 2019
Developed by Bui Quang Minh, Nguyen Lam Tung, Olga Chernomor,
Heiko Schmidt, Dominik Schrempf, Michael Woodhams.

Host:    Rowans-MacBook-Pro.local (SSE4.2, 18 GB RAM)
Command: iqtree -s all_seqs_aligned.fasta -o NC_009527.1_eblv1 -asr -bb 1000
Seed:    163888 (Using SPRNG - Scalable Parallel Random Number Generator)
Time:    Mon Apr  6 16:08:19 2026
Kernel:  SSE2 - 1 threads (11 CPU cores detected)

HINT: Use -nt option to specify number of threads because your CPU has 11 cores!
HINT: -nt AUTO will automatically determine the best number of threads to use.

Reading alignment file all_seqs_aligned.fasta ... Fasta format detected
Alignment most likely contains DNA/RNA sequences
Alignment has 414 sequences with 1427 columns, 677 distinct patterns
556 parsimony-informative, 141 singleton sites, 730 constant sites
                   Gap/Ambiguity  Composition  p-value
   1  AY352488             5.19%    passed     64.36%
   2  AY352501             5.19%    passed     76.73%
   3  JN258588             5.19%    passed     74.66%
   4  JN258592             5.19%    passed     65.67%
   5  JX987747             5.19%    passed     65.76%
   6  KU198460             5.19%    passed     66.89%
   7  KU198462             5.19%    passed     72.09%
   8  KU198464             5.19%    passed     65.76%
   9  KU198466             5.19%    passed     84.71%
  10  KU198467             5.19%    passed     74.15%
  11  KU198472             5.19%    passed     81.84%
  12  KU198476             5.19%    passed     77.73%
  13  KU198477             5.19%    passed     83.78%
  14  KU198478             5.19%    passed     84.73%
  15  KX036361             5.19%    passed     80.08%
  16  KX036362             5.19%    passed     78.56%
  17  KX036364             5.19%    passed     81.28%
  18  KX036365             5.19%    passed     86.14%
  19  KX036366             5.19%    passed     82.90%
  20  KX954123             5.19%    passed     69.37%
  21  LT598537             5.19%    passed     77.61%
  22  LT598538             5.19%    passed     82.57%
  23  LT598539             5.19%    passed     75.67%
  24  LT598540             5.19%    passed     76.35%
  25  LT598541             5.19%    passed     82.88%
  26  LT598543             5.19%    passed     84.73%
  27  LT909550             5.19%    passed     65.76%
  28  MG458313             5.19%    passed     67.76%
  29  MN233885             5.19%    passed     75.07%
  30  MN233886             5.19%    passed     78.29%
  31  MN233892             5.19%    passed     79.25%
  32  MN233896             5.19%    passed     80.48%
  33  MN233900             5.19%    passed     78.11%
  34  MN233948             5.19%    passed     81.64%
  35  MN233949             5.19%    passed     73.36%
  36  MN233950             5.19%    passed     75.07%
  37  MN233952             5.19%    passed     76.82%
  38  MN233953             5.19%    passed     76.73%
  39  MN233955             5.19%    passed     78.56%
  40  MN233956             5.19%    passed     86.14%
  41  MN233958             5.19%    passed     76.82%
  42  MN233960             5.19%    passed     78.39%
  43  MN233963             5.19%    passed     74.15%
  44  MN233967             5.19%    passed     75.89%
  45  MN233968             5.19%    passed     78.56%
  46  MN233969             5.19%    passed     75.07%
  47  MN233973             5.19%    passed     83.78%
  48  MN233974             5.19%    passed     78.39%
  49  MN233975             5.19%    passed     77.72%
  50  MN233977             5.19%    passed     76.84%
  51  MN233978             5.19%    passed     83.61%
  52  MN233982             5.19%    passed     75.39%
  53  MN233985             5.19%    passed     74.15%
  54  MN233988             5.19%    passed     76.35%
  55  MN233991             5.19%    passed     87.83%
  56  MN233992             5.19%    passed     81.79%
  57  MN233998             5.19%    passed     81.04%
  58  MN234000             5.19%    passed     79.99%
  59  MN234002             5.19%    passed     81.04%
  60  MN234004             5.19%    passed     80.01%
  61  MN234008             5.19%    passed     81.04%
  62  MN234016             5.19%    passed     82.90%
  63  MN234017             5.19%    passed     75.07%
  64  MN234018             5.19%    passed     74.79%
  65  MN234023             5.19%    passed     79.25%
  66  MN234043             5.19%    passed     83.78%
  67  MN234046             5.19%    passed     84.99%
  68  MN234055             5.19%    passed     77.72%
  69  MN384717             5.19%    passed     77.61%
  70  DQ666289             5.19%    passed     92.01%
  71  DQ666290             5.19%    passed     84.51%
  72  DQ866105             5.19%    passed     93.74%
  73  DQ866106             5.19%    passed     81.44%
  74  DQ866108             5.19%    passed     82.14%
  75  DQ866109             5.19%    passed     80.34%
  76  DQ866110             5.19%    passed     92.59%
  77  DQ866112             5.19%    passed     86.96%
  78  DQ866116             5.19%    passed     93.93%
  79  DQ866119             5.19%    passed     88.83%
  80  EU086182             5.19%    passed     84.92%
  81  EU086183             5.19%    passed     80.34%
  82  EU828653             5.19%    passed     84.64%
  83  FJ561726             5.19%    passed     93.84%
  84  FJ561727             5.19%    passed     92.32%
  85  FJ561728             5.19%    passed     93.99%
  86  FJ866829             5.19%    passed     89.30%
  87  FJ866830             5.19%    passed     93.89%
  88  FJ866831             5.19%    passed     91.80%
  89  GQ472468             5.19%    passed     85.46%
  90  GQ472470             5.19%    passed     77.15%
  91  GQ472473             5.19%    passed     81.06%
  92  GQ472477             5.19%    passed     85.75%
  93  GU358653             5.19%    passed     79.03%
  94  HM486355             5.19%    passed     99.87%
  95  HM486356             5.19%    passed     99.96%
  96  HM486368             5.19%    passed     89.44%
  97  HM486369             5.19%    passed     99.69%
  98  HM486374             5.19%    passed     99.88%
  99  HM486379             5.19%    passed     99.82%
 100  HM486381             5.19%    passed     94.07%
 101  JF819605             5.19%    passed     98.41%
 102  JF819615             5.19%    passed     99.69%
 103  JN974823             5.19%    passed     95.64%
 104  JN974824             5.19%    passed     93.29%
 105  JN974828             5.19%    passed     82.14%
 106  JN974829             5.19%    passed     82.14%
 107  JN974838             5.19%    passed     94.25%
 108  JN974842             5.19%    passed     91.17%
 109  JN974845             5.19%    passed     95.41%
 110  JN974870             5.19%    passed     99.71%
 111  JN974871             5.19%    passed     98.73%
 112  JN974872             5.19%    passed     99.77%
 113  JN974873             5.19%    passed     99.20%
 114  JQ970480             5.19%    passed     95.64%
 115  KT221107             5.19%    passed     96.56%
 116  KT894558             5.19%    passed     91.64%
 117  KT894572             5.19%    passed     93.54%
 118  KT894573             5.19%    passed     98.02%
 119  KT894577             5.19%    passed     79.55%
 120  KT894578             5.19%    passed     76.04%
 121  KX148264             5.19%    passed     79.03%
 122  KY451767             5.19%    passed     93.70%
 123  MG201879             5.19%    passed     82.55%
 124  MG201880             5.19%    passed     81.06%
 125  MG201884             5.19%    passed     82.14%
 126  MG201919             5.19%    passed     80.56%
 127  MG201921             5.19%    passed     78.27%
 128  MN784132             5.19%    passed     94.95%
 129  FJ598135             5.19%    passed     95.35%
 130  FJ712195             5.19%    passed     97.82%
 131  FJ712196             5.19%    passed     92.92%
 132  FJ719751             5.19%    passed     97.30%
 133  FJ719753             5.19%    passed     95.56%
 134  FJ719755             5.19%    passed     91.50%
 135  GU647092             5.19%    passed     94.72%
 136  HQ118114             5.19%    passed     94.88%
 137  JN974877             5.19%    passed     95.98%
 138  JQ950446             5.19%    passed     84.92%
 139  JQ950448             5.19%    passed     90.55%
 140  KF726852             5.19%    passed     83.66%
 141  KP319185             5.19%    passed     93.56%
 142  KP319186             5.19%    passed     97.30%
 143  KP319187             5.19%    passed     94.48%
 144  KP319188             5.19%    passed     96.29%
 145  KP319191             5.19%    passed     93.10%
 146  KP319193             5.19%    passed     93.33%
 147  KP319194             5.19%    passed     90.02%
 148  KP319195             5.19%    passed     87.65%
 149  KP319199             5.19%    passed     97.88%
 150  KP319201             5.19%    passed     98.28%
 151  KP319203             5.19%    passed     83.54%
 152  KP319204             5.19%    passed     86.80%
 153  KP319205             5.19%    passed     92.67%
 154  KP319206             5.19%    passed     98.54%
 155  KP319207             5.19%    passed     98.93%
 156  MT068612             5.19%    passed     98.13%
 157  MT068615             5.19%    passed     90.22%
 158  AY854505             5.19%    passed     82.57%
 159  AY854525             5.19%    passed     85.25%
 160  AY854531             5.19%    passed     96.85%
 161  AY854544             5.19%    passed     98.50%
 162  AY854546             5.19%    passed     98.92%
 163  AY854558             5.19%    passed     92.44%
 164  AY854567             5.19%    passed     97.60%
 165  AY854573             5.19%    passed     99.50%
 166  AY854576             5.19%    passed     92.46%
 167  AB284509             5.19%    passed     96.55%
 168  AB284511             5.19%    passed     96.73%
 169  AB284512             5.19%    passed     98.29%
 170  AB284513             5.19%    passed     95.91%
 171  AB284514             5.19%    passed     98.29%
 172  EU853582             5.19%    passed     98.74%
 173  EU853584             5.19%    passed     91.34%
 174  EU853586             5.19%    passed     89.91%
 175  EU853587             5.19%    passed     97.13%
 176  EU853590             5.19%    passed     96.01%
 177  HM179504             5.19%    passed     81.99%
 178  HM179505             5.19%    passed     84.44%
 179  HM179506             5.19%    passed     91.50%
 180  KF155002             5.19%    passed     95.18%
 181  KR534217             5.19%    passed     91.94%
 182  KR534218             5.19%    passed     91.94%
 183  KR534219             5.19%    passed     97.62%
 184  KR534228             5.19%    passed     98.66%
 185  KR534229             5.19%    passed     94.44%
 186  KR534230             5.19%    passed     99.03%
 187  KR534233             5.19%    passed     92.91%
 188  KR534238             5.19%    passed     97.99%
 189  KR534244             5.19%    passed     92.81%
 190  KR534250             5.19%    passed     87.97%
 191  KR534251             5.19%    passed     98.43%
 192  KR534252             5.19%    passed     97.48%
 193  KR534253             5.19%    passed     93.82%
 194  KR906735             5.19%    passed     96.73%
 195  KR906736             5.19%    passed     96.71%
 196  KR906739             5.19%    passed     97.02%
 197  KR906741             5.19%    passed     97.66%
 198  KR906742             5.19%    passed     96.18%
 199  KR906744             5.19%    passed     97.23%
 200  KR906745             5.19%    passed     96.05%
 201  KR906746             5.19%    passed     90.81%
 202  KR906747             5.19%    passed     91.58%
 203  KR906748             5.19%    passed     85.54%
 204  KR906749             5.19%    passed     96.51%
 205  KR906751             5.19%    passed     87.92%
 206  KR906756             5.19%    passed     92.44%
 207  KR906757             5.19%    passed     87.92%
 208  KR906759             5.19%    passed     98.53%
 209  KR906762             5.19%    passed     96.26%
 210  KR906763             5.19%    passed     94.91%
 211  KR906765             5.19%    passed     96.55%
 212  KR906766             5.19%    passed     95.16%
 213  KR906767             5.19%    passed     96.05%
 214  KR906770             5.19%    passed     99.46%
 215  KR906773             5.19%    passed     91.94%
 216  KR906780             5.19%    passed     91.94%
 217  KR906784             5.19%    passed     99.74%
 218  KR906790             5.19%    passed     98.83%
 219  KR906792             5.19%    passed     81.63%
 220  KT336432             5.19%    passed     91.94%
 221  KT336433             5.19%    passed     93.28%
 222  KT336434             5.19%    passed     70.36%
 223  KT336435             5.19%    passed     85.75%
 224  KT336436             5.19%    passed     93.26%
 225  KT336437             5.19%    passed     90.33%
 226  KX148203             5.19%    passed     89.72%
 227  KX148204             5.19%    passed     94.74%
 228  KX148206             5.19%    passed     98.25%
 229  KX148208             5.19%    passed     99.94%
 230  KY210224             5.19%    passed     84.98%
 231  KY210243             5.19%    passed     93.41%
 232  KY210247             5.19%    passed     93.41%
 233  KY210249             5.19%    passed     90.58%
 234  KY210253             5.19%    passed     97.09%
 235  KY210263             5.19%    passed     99.22%
 236  KY210264             5.19%    passed     99.62%
 237  KY210279             5.19%    passed     99.74%
 238  KY210287             5.19%    passed     90.81%
 239  KY210304             5.19%    passed     99.46%
 240  KY563717             5.19%    passed     69.31%
 241  LC029890             5.19%    passed     98.77%
 242  MN726804             5.19%    passed     96.26%
 243  MN726826             5.19%    passed     96.12%
 244  MN726827             5.19%    passed     95.51%
 245  MT454631             5.19%    passed     89.68%
 246  MT454635             5.19%    passed     94.64%
 247  MT454637             5.19%    passed     87.04%
 248  MT454641             5.19%    passed     93.82%
 249  MT454643             5.19%    passed     97.02%
 250  MT454644             5.19%    passed     88.73%
 251  MT454645             5.19%    passed     97.66%
 252  OK317992             5.19%    passed     99.30%
 253  OK317993             5.19%    passed     95.02%
 254  OK317995             5.19%    passed     97.51%
 255  OK317996             5.19%    passed     97.51%
 256  OK317998             5.19%    passed     97.93%
 257  OK317999             5.19%    passed     98.79%
 258  OP375406             5.19%    passed     94.37%
 259  OP375407             5.19%    passed     97.53%
 260  OP375410             5.19%    passed     92.21%
 261  OP375413             5.19%    passed     94.37%
 262  OP375414             5.19%    passed     92.74%
 263  OP375415             5.19%    passed     93.82%
 264  OP375418             5.19%    passed     94.37%
 265  OP375421             5.19%    passed     92.81%
 266  OP375423             5.19%    passed     95.34%
 267  OR045939             5.19%    passed     89.41%
 268  OR045949             5.19%    passed     88.17%
 269  OR270973             5.19%    passed     89.02%
 270  OR270979             5.19%    passed     92.49%
 271  OR270997             5.19%    passed     91.34%
 272  OR270998             5.19%    passed     92.75%
 273  OR270999             5.19%    passed     91.68%
 274  OR271001             5.19%    passed     91.34%
 275  OR271003             5.19%    passed     92.75%
 276  PV855388             5.19%    passed     85.11%
 277  PV855390             5.19%    passed     86.05%
 278  PV855392             5.19%    passed     86.98%
 279  PV855393             5.19%    passed     87.33%
 280  PV855394             5.19%    passed     85.11%
 281  PV855397             5.19%    passed     86.98%
 282  PV855415             5.19%    passed     88.55%
 283  EU345002             5.19%    passed     97.46%
 284  EU345003             5.19%    passed     99.02%
 285  EU345004             5.19%    passed     95.03%
 286  JQ685938             5.19%    passed     99.07%
 287  JQ685968             5.19%    passed     96.91%
 288  MW055084             5.19%    passed     97.97%
 289  MW055085             5.19%    passed     96.69%
 290  MW055086             5.19%    passed     98.51%
 291  MW055087             5.19%    passed     98.71%
 292  AB519642             5.19%    passed     92.84%
 293  AF070449             5.19%    passed     91.93%
 294  AF351847             5.19%    passed     95.04%
 295  AF351852             5.19%    passed     87.16%
 296  AY854587             5.19%    passed     87.23%
 297  AY854592             5.19%    passed     99.20%
 298  AY854594             5.19%    passed     99.56%
 299  AY877433             5.19%    passed     95.55%
 300  AY877434             5.19%    passed     93.73%
 301  AY877435             5.19%    passed     94.41%
 302  GU592648             5.19%    passed     86.74%
 303  KF656696             5.19%    passed     97.65%
 304  KF864234             5.19%    passed     94.17%
 305  KF864322             5.19%    passed     94.20%
 306  KF864397             5.19%    passed     83.95%
 307  KM594040             5.19%    passed     92.03%
 308  KM594041             5.19%    passed     73.50%
 309  KM594042             5.19%    passed     97.51%
 310  KP202393             5.19%    passed     91.85%
 311  KT023101             5.19%    passed     66.35%
 312  MN968374             5.19%    passed     99.84%
 313  MN968375             5.19%    passed     99.54%
 314  MN968377             5.19%    passed     99.76%
 315  MN968386             5.19%    passed     99.38%
 316  MT891038             5.19%    passed     90.07%
 317  MW249020             5.19%    passed     98.45%
 318  MW579786             5.19%    passed     79.29%
 319  MW579820             5.19%    passed     82.15%
 320  MW579824             5.19%    passed     93.99%
 321  MW579833             5.19%    passed     78.04%
 322  PQ379829             5.19%    passed     98.57%
 323  PQ379831             5.19%    passed     73.43%
 324  PQ379832             5.19%    passed     99.29%
 325  PQ379834             5.19%    passed     99.63%
 326  PQ379836             5.19%    passed     99.54%
 327  PQ379849             5.19%    passed     94.86%
 328  PQ510120             5.19%    passed     92.57%
 329  PQ603086             5.19%    passed     99.37%
 330  PQ671599             5.19%    passed     73.26%
 331  PQ671601             5.19%    passed     54.29%
 332  AF351849             5.19%    passed     72.77%
 333  AF394876             5.19%    passed     84.78%
 334  GU644760             5.19%    passed     68.34%
 335  GU644761             5.19%    passed     78.58%
 336  GU644762             5.19%    passed     72.78%
 337  GU644763             5.19%    passed     74.63%
 338  GU644764             5.19%    passed     68.34%
 339  GU644765             5.19%    passed     63.10%
 340  GU644766             5.19%    passed     65.33%
 341  GU644767             5.19%    passed     67.26%
 342  GU644768             5.19%    passed     67.44%
 343  GU644769             5.19%    passed     57.86%
 344  GU644770             5.19%    passed     76.32%
 345  GU644771             5.19%    passed     81.34%
 346  GU644772             5.19%    passed     70.06%
 347  GU644773             5.19%    passed     67.26%
 348  GU644774             5.19%    passed     67.44%
 349  GU644775             5.19%    passed     64.13%
 350  GU644776             5.19%    passed     62.20%
 351  GU644777             5.19%    passed     72.33%
 352  GU644778             5.19%    passed     72.33%
 353  GU644779             5.19%    passed     67.44%
 354  GU644780             5.19%    passed     78.58%
 355  GU644781             5.19%    passed     73.87%
 356  GU644782             5.19%    passed     81.34%
 357  GU644784             5.19%    passed     72.78%
 358  GU644785             5.19%    passed     64.93%
 359  GU644786             5.19%    passed     79.44%
 360  GU644787             5.19%    passed     70.67%
 361  GU644788             5.19%    passed     74.63%
 362  JQ685905             5.19%    passed     75.61%
 363  AF351828             5.19%    passed     93.69%
 364  AF351831             5.19%    passed     92.59%
 365  AF351832             5.19%    passed     88.82%
 366  AF351833             5.19%    passed     92.10%
 367  AF351855             5.19%    passed     83.58%
 368  AF351861             5.19%    passed     98.51%
 369  AF351862             5.19%    passed     91.62%
 370  AY039227             5.19%    passed     87.80%
 371  AY039228             5.19%    passed     90.47%
 372  AY039229             5.19%    passed     88.83%
 373  GU644652             5.19%    passed     96.14%
 374  GU644654             5.19%    passed     85.83%
 375  GU644655             5.19%    passed     90.47%
 376  GU644656             5.19%    passed     88.30%
 377  GU644657             5.19%    passed     92.41%
 378  GU644658             5.19%    passed     84.71%
 379  GU644659             5.19%    passed     85.93%
 380  GU644660             5.19%    passed     96.65%
 381  GU644661             5.19%    passed     90.99%
 382  GU644662             5.19%    passed     94.74%
 383  GU644663             5.19%    passed     95.15%
 384  GU644664             5.19%    passed     97.18%
 385  GU644665             5.19%    passed     90.51%
 386  GU644666             5.19%    passed     95.06%
 387  GU644667             5.19%    passed     90.14%
 388  GU644668             5.19%    passed     92.82%
 389  GU644669             5.19%    passed     93.15%
 390  GU644670             5.19%    passed     96.26%
 391  GU644671             5.19%    passed     87.76%
 392  GU644676             5.19%    passed     91.12%
 393  GU644677             5.19%    passed     91.09%
 394  GU644684             5.19%    passed     89.53%
 395  GU644689             5.19%    passed     89.53%
 396  GU644690             5.19%    passed     90.07%
 397  GU644695             5.19%    passed     90.07%
 398  AF351845             5.19%    passed     99.25%
 399  AF351846             5.19%    passed     96.10%
 400  AF351858             5.19%    passed     92.49%
 401  AF394883             5.19%    passed     98.91%
 402  AF394884             5.19%    passed     99.26%
 403  GU644712             5.19%    passed     96.24%
 404  GU644713             5.19%    passed     96.04%
 405  GU644714             5.19%    passed     95.50%
 406  GU644715             5.19%    passed     97.92%
 407  GU644716             5.19%    passed     96.24%
 408  GU644717             5.19%    passed     98.23%
 409  GU644718             5.19%    passed     97.92%
 410  GU644719             5.19%    passed     96.61%
 411  GU644720             5.19%    passed     97.54%
 412  GU644721             5.19%    passed     98.24%
 413  JQ685947             5.19%    passed     98.23%
 414  NC_009527.1_eblv1    0.00%    passed     71.34%
****  TOTAL                5.17%  0 sequences failed composition chi2 test (p-value<5%; df=3)


Create initial parsimony tree by phylogenetic likelihood library (PLL)... 0.037 seconds
NOTE: ModelFinder requires 94 MB RAM!
ModelFinder will test 286 DNA models (sample size: 1427) ...
 No. Model         -LnL         df  AIC          AICc         BIC
  1  JC            24111.603    825 49873.207    52140.927    54215.454
  2  JC+I          22731.297    826 47114.595    49391.601    51462.105
  3  JC+G4         22426.980    826 46505.960    48782.967    50853.470
  4  JC+I+G4       22418.927    827 46491.854    48778.184    50844.627
  5  JC+R2         22533.613    827 46721.226    49007.556    51073.999
  6  JC+R3         22422.148    829 46502.297    48807.389    50865.597
  7  JC+R4         22407.644    831 46477.287    48801.294    50851.114
  8  JC+R5         22404.622    833 46475.243    48818.319    50859.597
 14  F81+F         24133.325    828 49922.650    52218.342    54280.687
 15  F81+F+I       22751.240    829 47160.480    49465.572    51523.780
 16  F81+F+G4      22454.365    829 46566.729    48871.821    50930.029
 17  F81+F+I+G4    22443.656    830 46547.311    48861.842    50915.875
 18  F81+F+R2      22527.097    830 46714.194    49028.724    51082.757
 19  F81+F+R3      22433.318    832 46530.636    48864.158    50909.726
 20  F81+F+R4      22432.231    834 46532.463    48885.131    50922.079
 27  K2P           22585.517    826 46823.034    49100.041    51170.545
 28  K2P+I         21147.457    827 43948.914    46235.244    48301.688
 29  K2P+G4        20812.208    827 43278.415    45564.746    47631.189
 30  K2P+I+G4      20800.891    828 43257.782    45553.475    47615.819
 31  K2P+R2        20880.054    828 43416.109    45711.801    47774.146
 32  K2P+R3        20791.789    830 43243.577    45558.107    47612.141
 33  K2P+R4        20789.338    832 43242.676    45576.198    47621.766
 40  HKY+F         22600.055    829 46858.109    49163.202    51221.410
 41  HKY+F+I       21149.087    830 43958.174    46272.704    48326.738
 42  HKY+F+G4      20800.862    830 43261.725    45576.255    47630.288
 43  HKY+F+I+G4    20787.360    831 43236.719    45560.726    47610.546
 44  HKY+F+R2      20859.065    831 43380.131    45704.137    47753.957
 45  HKY+F+R3      20778.719    833 43223.437    45566.513    47607.791
 46  HKY+F+R4      20776.175    835 43222.350    45584.651    47617.230
 53  TNe           22550.254    827 46754.508    49040.838    51107.281
 54  TNe+I         21121.260    828 43898.521    46194.213    48256.558
 55  TNe+G4        20807.570    828 43271.140    45566.832    47629.177
 56  TNe+I+G4      20790.706    829 43239.413    45544.505    47602.713
 57  TNe+R2        20851.517    829 43361.035    45666.127    47724.335
 58  TNe+R3        20781.805    831 43225.611    45549.617    47599.437
 59  TNe+R4        20779.152    833 43224.303    45567.379    47608.657
 66  TN+F          22529.518    830 46719.036    49033.566    51087.600
 67  TN+F+I        21095.930    831 43853.860    46177.866    48227.687
 68  TN+F+G4       20783.548    831 43229.096    45553.103    47602.923
 69  TN+F+I+G4     20760.532    832 43185.063    45518.585    47564.154
 70  TN+F+R2       20824.455    832 43312.910    45646.432    47692.000
 71  TN+F+R3       20752.419    834 43172.838    45525.507    47562.455
 72  TN+F+R4       20750.396    836 43172.793    45544.766    47572.937
 79  K3P           22556.997    827 46767.995    49054.325    51120.768
 80  K3P+I         21115.730    828 43887.460    46183.152    48245.497
 81  K3P+G4        20780.504    828 43217.009    45512.701    47575.046
 82  K3P+I+G4      20768.742    829 43195.484    45500.576    47558.784
 83  K3P+R2        20816.222    829 43290.444    45595.536    47653.744
 84  K3P+R3        20758.674    831 43179.349    45503.356    47553.176
 85  K3P+R4        20755.188    833 43176.376    45519.452    47560.730
 92  K3Pu+F        22567.968    830 46795.936    49110.466    51164.500
 93  K3Pu+F+I      21113.715    831 43889.431    46213.437    48263.258
 94  K3Pu+F+G4     20765.614    831 43193.228    45517.234    47567.055
 95  K3Pu+F+I+G4   20751.205    832 43166.410    45499.932    47545.500
 96  K3Pu+F+R2     20804.817    832 43273.634    45607.156    47652.724
 97  K3Pu+F+R3     20742.463    834 43152.926    45505.595    47542.543
 98  K3Pu+F+R4     20739.748    836 43151.496    45523.469    47551.640
105  TPM2+F        22586.000    830 46832.000    49146.530    51200.563
106  TPM2+F+I      21138.969    831 43939.939    46263.946    48313.766
107  TPM2+F+G4     20790.352    831 43242.704    45566.710    47616.531
108  TPM2+F+I+G4   20777.594    832 43219.189    45552.710    47598.279
109  TPM2+F+R2     20828.214    832 43320.429    45653.950    47699.519
110  TPM2+F+R3     20768.085    834 43204.169    45556.838    47593.786
111  TPM2+F+R4     20764.948    836 43201.897    45573.870    47602.040
118  TPM2u+F       22586.019    830 46832.038    49146.568    51200.602
119  TPM2u+F+I     21138.989    831 43939.977    46263.984    48313.804
120  TPM2u+F+G4    20790.372    831 43242.745    45566.751    47616.571
121  TPM2u+F+I+G4  20777.629    832 43219.259    45552.781    47598.349
122  TPM2u+F+R2    20828.135    832 43320.269    45653.791    47699.359
123  TPM2u+F+R3    20768.043    834 43204.085    45556.754    47593.702
124  TPM2u+F+R4    20764.939    836 43201.878    45573.851    47602.022
131  TPM3+F        22599.908    830 46859.816    49174.346    51228.380
132  TPM3+F+I      21148.857    831 43959.713    46283.720    48333.540
133  TPM3+F+G4     20800.705    831 43263.410    45587.417    47637.237
134  TPM3+F+I+G4   20787.135    832 43238.270    45571.792    47617.360
135  TPM3+F+R2     20839.078    832 43342.156    45675.678    47721.246
136  TPM3+F+R3     20777.760    834 43223.520    45576.189    47613.137
137  TPM3+F+R4     20775.024    836 43222.047    45594.020    47622.191
144  TPM3u+F       22599.925    830 46859.849    49174.379    51228.413
145  TPM3u+F+I     21148.873    831 43959.746    46283.753    48333.573
146  TPM3u+F+G4    20800.723    831 43263.446    45587.453    47637.273
147  TPM3u+F+I+G4  20787.160    832 43238.321    45571.843    47617.411
148  TPM3u+F+R2    20839.045    832 43342.091    45675.612    47721.181
149  TPM3u+F+R3    20777.727    834 43223.454    45576.123    47613.071
150  TPM3u+F+R4    20774.976    836 43221.952    45593.925    47622.096
157  TIMe          22521.630    828 46699.260    48994.952    51057.297
158  TIMe+I        21089.490    829 43836.981    46142.073    48200.281
159  TIMe+G4       20775.730    829 43209.460    45514.552    47572.760
160  TIMe+I+G4     20758.648    830 43177.295    45491.826    47545.859
161  TIMe+R2       20809.586    830 43279.172    45593.703    47647.736
162  TIMe+R3       20749.438    832 43162.876    45496.398    47541.966
163  TIMe+R4       20746.575    834 43161.151    45513.820    47550.768
170  TIM+F         22497.749    831 46657.498    48981.505    51031.325
171  TIM+F+I       21061.002    832 43786.003    46119.525    48165.093
172  TIM+F+G4      20748.560    832 43161.120    45494.642    47540.210
173  TIM+F+I+G4    20724.863    833 43115.727    45458.803    47500.080
174  TIM+F+R2      20784.208    833 43234.416    45577.492    47618.769
175  TIM+F+R3      20716.536    835 43103.072    45465.373    47497.952
176  TIM+F+R4      20714.646    837 43103.292    45484.976    47508.699
183  TIM2e         22528.447    828 46712.894    49008.586    51070.931
184  TIM2e+I       21104.927    829 43867.853    46172.945    48231.153
185  TIM2e+G4      20787.378    829 43232.755    45537.847    47596.055
186  TIM2e+I+G4    20771.576    830 43203.152    45517.682    47571.715
187  TIM2e+R2      20820.928    830 43301.855    45616.386    47670.419
188  TIM2e+R3      20761.945    832 43187.890    45521.412    47566.981
189  TIM2e+R4      20758.787    834 43185.575    45538.244    47575.192
196  TIM2+F        22515.590    831 46693.181    49017.187    51067.008
197  TIM2+F+I      21085.849    832 43835.697    46169.219    48214.787
198  TIM2+F+G4     20772.967    832 43209.933    45543.455    47589.024
199  TIM2+F+I+G4   20750.702    833 43167.403    45510.479    47551.757
200  TIM2+F+R2     20808.120    833 43282.240    45625.315    47666.593
201  TIM2+F+R3     20741.826    835 43153.651    45515.952    47548.531
202  TIM2+F+R4     20739.767    837 43153.535    45535.219    47558.941
209  TIM3e         22549.293    828 46754.586    49050.278    51112.623
210  TIM3e+I       21119.480    829 43896.961    46202.053    48260.261
211  TIM3e+G4      20806.423    829 43270.847    45575.939    47634.147
212  TIM3e+I+G4    20789.544    830 43239.087    45553.617    47607.651
213  TIM3e+R2      20839.851    830 43339.701    45654.231    47708.265
214  TIM3e+R3      20779.782    832 43223.565    45557.086    47602.655
215  TIM3e+R4      20777.198    834 43222.395    45575.064    47612.012
222  TIM3+F        22529.515    831 46721.031    49045.038    51094.858
223  TIM3+F+I      21095.821    832 43855.642    46189.164    48234.732
224  TIM3+F+G4     20783.535    832 43231.070    45564.592    47610.160
225  TIM3+F+I+G4   20760.412    833 43186.824    45529.900    47571.177
226  TIM3+F+R2     20818.719    833 43303.438    45646.514    47687.792
227  TIM3+F+R3     20751.591    835 43173.182    45535.483    47568.062
228  TIM3+F+R4     20749.813    837 43173.626    45555.310    47579.033
235  TVMe          22520.802    829 46699.605    49004.697    51062.905
236  TVMe+I        21083.646    830 43827.292    46141.822    48195.855
237  TVMe+G4       20746.354    830 43152.708    45467.239    47521.272
238  TVMe+I+G4     20736.054    831 43134.107    45458.114    47507.934
239  TVMe+R2       20779.545    831 43221.090    45545.097    47594.917
240  TVMe+R3       20725.719    833 43117.437    45460.513    47501.791
241  TVMe+R4       20721.280    835 43112.561    45474.862    47507.441
248  TVM+F         22542.779    832 46749.557    49083.079    51128.647
249  TVM+F+I       21091.236    833 43848.473    46191.548    48232.826
250  TVM+F+G4      20745.264    833 43156.528    45499.603    47540.881
251  TVM+F+I+G4    20732.129    834 43132.257    45484.926    47521.874
252  TVM+F+R2      20782.770    834 43233.540    45586.208    47623.156
253  TVM+F+R3      20722.815    836 43117.630    45489.603    47517.774
254  TVM+F+R4      20719.374    838 43114.749    45506.184    47525.419
261  SYM           22485.375    830 46630.750    48945.280    50999.313
262  SYM+I         21057.116    831 43776.231    46100.238    48150.058
263  SYM+G4        20741.619    831 43145.237    45469.244    47519.064
264  SYM+I+G4      20726.068    832 43116.136    45449.658    47495.226
265  SYM+R2        20774.771    832 43213.542    45547.064    47592.632
266  SYM+R3        20716.652    834 43101.305    45453.974    47490.922
267  SYM+R4        20713.352    836 43098.705    45470.677    47498.848
274  GTR+F         22472.294    833 46610.589    48953.665    50994.943
275  GTR+F+I       21038.082    834 43744.164    46096.833    48133.781
276  GTR+F+G4      20727.696    834 43123.392    45476.061    47513.009
277  GTR+F+I+G4    20705.212    835 43080.424    45442.725    47475.304
278  GTR+F+R2      20762.680    835 43195.361    45557.662    47590.241
279  GTR+F+R3      20696.822    837 43067.644    45449.328    47473.051
280  GTR+F+R4      20694.673    839 43067.347    45468.573    47483.280
Akaike Information Criterion:           GTR+F+R4
Corrected Akaike Information Criterion: GTR+F+I+G4
Bayesian Information Criterion:         GTR+F+R3
Best-fit model: GTR+F+R3 chosen according to BIC

All model information printed to all_seqs_aligned.fasta.model.gz
CPU time for ModelFinder: 154.458 seconds (0h:2m:34s)
Wall-clock time for ModelFinder: 154.549 seconds (0h:2m:34s)
Generating 1000 samples for ultrafast bootstrap (seed: 163888)...

NOTE: 30 MB RAM (0 GB) is required!
Estimate model parameters (epsilon = 0.100)
1. Initial log-likelihood: -22806.213
2. Current log-likelihood: -20863.238
3. Current log-likelihood: -20806.958
4. Current log-likelihood: -20788.966
5. Current log-likelihood: -20778.738
6. Current log-likelihood: -20774.697
7. Current log-likelihood: -20770.474
8. Current log-likelihood: -20767.141
9. Current log-likelihood: -20764.065
10. Current log-likelihood: -20761.011
11. Current log-likelihood: -20757.922
12. Current log-likelihood: -20754.820
13. Current log-likelihood: -20751.765
14. Current log-likelihood: -20748.670
15. Current log-likelihood: -20745.864
16. Current log-likelihood: -20743.001
17. Current log-likelihood: -20740.464
18. Current log-likelihood: -20737.890
19. Current log-likelihood: -20735.659
20. Current log-likelihood: -20733.453
21. Current log-likelihood: -20731.427
22. Current log-likelihood: -20729.567
23. Current log-likelihood: -20727.876
24. Current log-likelihood: -20726.331
25. Current log-likelihood: -20724.528
26. Current log-likelihood: -20723.297
27. Current log-likelihood: -20722.635
Optimal log-likelihood: -20722.569
Rate parameters:  A-C: 1.34108  A-G: 6.65971  A-T: 0.69669  C-G: 0.22354  C-T: 9.45765  G-T: 1.00000
Base frequencies:  A: 0.295  C: 0.206  G: 0.238  T: 0.261
Site proportion and rates:  (0.621,0.123) (0.184,1.560) (0.195,3.262)
Parameters optimization took 27 rounds (13.024 sec)
Computing ML distances based on estimated model parameters... 0.859 sec
Computing BIONJ tree...
0.076 seconds
Log-likelihood of BIONJ tree: -21048.643
--------------------------------------------------------------------
|             INITIALIZING CANDIDATE TREE SET                      |
--------------------------------------------------------------------
Generating 98 parsimony trees... 3.558 second
Computing log-likelihood of 98 initial trees ... 7.203 seconds
Current best score: -20716.491

Do NNI search on 20 best initial trees
Estimate model parameters (epsilon = 0.100)
BETTER TREE FOUND at iteration 1: -20691.377
Estimate model parameters (epsilon = 0.100)
BETTER TREE FOUND at iteration 3: -20685.244
Estimate model parameters (epsilon = 0.100)
BETTER TREE FOUND at iteration 4: -20678.427
Iteration 10 / LogL: -20685.325 / Time: 0h:0m:48s
Iteration 20 / LogL: -20683.624 / Time: 0h:1m:3s
Finish initializing candidate tree set (20)
Current best tree score: -20678.427 / CPU time: 49.196
Number of iterations: 20
--------------------------------------------------------------------
|               OPTIMIZING CANDIDATE TREE SET                      |
--------------------------------------------------------------------
Iteration 30 / LogL: -20698.483 / Time: 0h:1m:18s (0h:3m:20s left)
Estimate model parameters (epsilon = 0.100)
BETTER TREE FOUND at iteration 36: -20677.165
Iteration 40 / LogL: -20680.587 / Time: 0h:1m:39s (0h:4m:4s left)
Iteration 50 / LogL: -20677.496 / Time: 0h:1m:56s (0h:3m:25s left)
Log-likelihood cutoff on original alignment: -20720.025
Estimate model parameters (epsilon = 0.100)
BETTER TREE FOUND at iteration 57: -20676.739
Iteration 60 / LogL: -20716.838 / Time: 0h:2m:16s (0h:3m:43s left)
Estimate model parameters (epsilon = 0.100)
BETTER TREE FOUND at iteration 63: -20676.448
Iteration 70 / LogL: -20690.514 / Time: 0h:2m:35s (0h:3m:29s left)
Estimate model parameters (epsilon = 0.100)
BETTER TREE FOUND at iteration 75: -20676.339
Estimate model parameters (epsilon = 0.100)
BETTER TREE FOUND at iteration 77: -20675.924
Iteration 80 / LogL: -20679.112 / Time: 0h:2m:55s (0h:3m:35s left)
BETTER TREE FOUND at iteration 89: -20675.916
Iteration 90 / LogL: -20676.169 / Time: 0h:3m:13s (0h:3m:34s left)
BETTER TREE FOUND at iteration 92: -20675.910
Iteration 100 / LogL: -20679.739 / Time: 0h:3m:31s (0h:3m:16s left)
Log-likelihood cutoff on original alignment: -20720.025
NOTE: Bootstrap correlation coefficient of split occurrence frequencies: 0.995
Iteration 110 / LogL: -20675.917 / Time: 0h:3m:49s (0h:3m:9s left)
Iteration 120 / LogL: -20675.913 / Time: 0h:4m:5s (0h:2m:45s left)
Iteration 130 / LogL: -20687.563 / Time: 0h:4m:23s (0h:2m:23s left)
Iteration 140 / LogL: -20679.548 / Time: 0h:4m:40s (0h:2m:0s left)
Iteration 150 / LogL: -20701.352 / Time: 0h:4m:56s (0h:1m:39s left)
Log-likelihood cutoff on original alignment: -20720.025
Iteration 160 / LogL: -20685.689 / Time: 0h:5m:14s (0h:1m:19s left)
Iteration 170 / LogL: -20692.255 / Time: 0h:5m:30s (0h:0m:58s left)
Iteration 180 / LogL: -20711.370 / Time: 0h:5m:46s (0h:0m:38s left)
Iteration 190 / LogL: -20691.125 / Time: 0h:6m:3s (0h:0m:19s left)
TREE SEARCH COMPLETED AFTER 193 ITERATIONS / Time: 0h:6m:9s

--------------------------------------------------------------------
|                    FINALIZING TREE SEARCH                        |
--------------------------------------------------------------------
Performs final model parameters optimization
Estimate model parameters (epsilon = 0.010)
1. Initial log-likelihood: -20675.910
2. Current log-likelihood: -20675.856
3. Current log-likelihood: -20675.795
4. Current log-likelihood: -20675.771
5. Current log-likelihood: -20675.749
Optimal log-likelihood: -20675.737
Rate parameters:  A-C: 1.34470  A-G: 6.58013  A-T: 0.68210  C-G: 0.21557  C-T: 9.91332  G-T: 1.00000
Base frequencies:  A: 0.295  C: 0.206  G: 0.238  T: 0.261
Site proportion and rates:  (0.601,0.078) (0.263,1.637) (0.135,3.859)
Parameters optimization took 5 rounds (1.639 sec)
BEST SCORE FOUND : -20675.737
Ancestral state probabilities printed to all_seqs_aligned.fasta.state
Creating bootstrap support values...
Split supports printed to NEXUS file all_seqs_aligned.fasta.splits.nex
Total tree length: 3.155

Total number of iterations: 193
CPU time used for tree search: 354.594 sec (0h:5m:54s)
Wall-clock time used for tree search: 355.234 sec (0h:5m:55s)
Total CPU time used: 371.701 sec (0h:6m:11s)
Total wall-clock time used: 372.792 sec (0h:6m:12s)

Computing bootstrap consensus tree...
Reading input file all_seqs_aligned.fasta.splits.nex...
414 taxa and 4314 splits.
Consensus tree written to all_seqs_aligned.fasta.contree
Reading input trees file all_seqs_aligned.fasta.contree
Log-likelihood of consensus tree: -20676.084

Analysis results written to: 
  IQ-TREE report:                all_seqs_aligned.fasta.iqtree
  Maximum-likelihood tree:       all_seqs_aligned.fasta.treefile
  Likelihood distances:          all_seqs_aligned.fasta.mldist
  Ancestral state:               all_seqs_aligned.fasta.state

Ultrafast bootstrap approximation results written to:
  Split support values:          all_seqs_aligned.fasta.splits.nex
  Consensus tree:                all_seqs_aligned.fasta.contree
  Screen log file:               all_seqs_aligned.fasta.log

Date and Time: Mon Apr  6 16:17:07 2026
