IQ-TREE multicore version 1.6.12 for Mac OS X 64-bit built Aug 15 2019
Developed by Bui Quang Minh, Nguyen Lam Tung, Olga Chernomor,
Heiko Schmidt, Dominik Schrempf, Michael Woodhams.

Host:    Rowans-MacBook-Pro.local (SSE4.2, 18 GB RAM)
Command: iqtree -s all_seqs.fasta -bb 1000 -asr -o gannoruwa_outgroup -redo
Seed:    755166 (Using SPRNG - Scalable Parallel Random Number Generator)
Time:    Fri Nov 28 15:19:51 2025
Kernel:  SSE2 - 1 threads (11 CPU cores detected)

HINT: Use -nt option to specify number of threads because your CPU has 11 cores!
HINT: -nt AUTO will automatically determine the best number of threads to use.

Reading alignment file all_seqs.fasta ... Fasta format detected
Alignment most likely contains DNA/RNA sequences
Alignment has 431 sequences with 1353 columns, 651 distinct patterns
545 parsimony-informative, 115 singleton sites, 693 constant sites
                    Gap/Ambiguity  Composition  p-value
   1  DQ666289              0.00%    passed     94.50%
   2  DQ666290              0.00%    passed     89.64%
   3  DQ866105              0.00%    passed     96.07%
   4  DQ866106              0.00%    passed     87.64%
   5  DQ866108              0.00%    passed     88.42%
   6  DQ866109              0.00%    passed     86.97%
   7  DQ866110              0.00%    passed     96.08%
   8  DQ866112              0.00%    passed     92.31%
   9  DQ866116              0.00%    passed     96.85%
  10  DQ866119              0.00%    passed     93.31%
  11  EU086182              0.00%    passed     90.50%
  12  EU086183              0.00%    passed     86.97%
  13  EU159386              0.00%    passed     90.50%
  14  EU828653              0.00%    passed     90.80%
  15  FJ561726              0.00%    passed     96.40%
  16  FJ561727              0.00%    passed     95.36%
  17  FJ561728              0.00%    passed     95.18%
  18  FJ866829              0.00%    passed     90.56%
  19  FJ866830              0.00%    passed     95.58%
  20  FJ866831              0.00%    passed     94.39%
  21  GQ472468              0.00%    passed     90.92%
  22  GQ472470              0.00%    passed     83.63%
  23  GQ472473              0.00%    passed     87.77%
  24  GQ472477              0.00%    passed     90.90%
  25  GU358653              0.00%    passed     85.59%
  26  HM486355              0.00%    passed     99.78%
  27  HM486356              0.00%    passed     99.75%
  28  HM486357              0.00%    passed     99.78%
  29  HM486358              0.00%    passed     99.78%
  30  HM486359              0.00%    passed     99.78%
  31  HM486361              0.00%    passed     99.78%
  32  HM486362              0.00%    passed     99.78%
  33  HM486364              0.00%    passed     99.78%
  34  HM486365              0.00%    passed     99.78%
  35  HM486366              0.00%    passed     99.78%
  36  HM486367              0.00%    passed     99.78%
  37  HM486368              0.00%    passed     93.95%
  38  HM486369              0.00%    passed     99.73%
  39  HM486370              0.00%    passed     99.78%
  40  HM486371              0.00%    passed     99.78%
  41  HM486372              0.00%    passed     99.78%
  42  HM486373              0.00%    passed     99.78%
  43  HM486374              0.00%    passed     99.76%
  44  HM486375              0.00%    passed     99.76%
  45  HM486379              0.00%    passed     99.53%
  46  HM486380              0.00%    passed     99.53%
  47  HM486381              0.00%    passed     95.67%
  48  JF819605              0.00%    passed     97.50%
  49  JF819615              0.00%    passed     99.73%
  50  JF819622              0.00%    passed     99.78%
  51  JN974823              0.00%    passed     97.10%
  52  JN974824              0.00%    passed     96.53%
  53  JN974828              0.00%    passed     88.23%
  54  JN974829              0.00%    passed     88.23%
  55  JN974838              0.00%    passed     96.98%
  56  JN974842              0.00%    passed     94.49%
  57  JN974845              0.00%    passed     97.26%
  58  JN974854              0.00%    passed     99.78%
  59  JN974870              0.00%    passed     99.93%
  60  JN974871              0.00%    passed     99.70%
  61  JN974872              0.00%    passed     99.50%
  62  JN974873              0.00%    passed     99.16%
  63  JQ970480              0.00%    passed     97.10%
  64  KT221107              0.00%    passed     98.25%
  65  KT894558              0.00%    passed     93.97%
  66  KT894572              0.00%    passed     95.98%
  67  KT894573              0.00%    passed     99.39%
  68  KT894577              0.00%    passed     86.40%
  69  KT894578              0.00%    passed     83.33%
  70  KX148264              0.00%    passed     85.59%
  71  KY451767              0.00%    passed     95.15%
  72  MG201879              0.00%    passed     88.53%
  73  MG201880              0.00%    passed     87.77%
  74  MG201884              0.00%    passed     88.23%
  75  MG201919              0.00%    passed     86.60%
  76  MG201921              0.00%    passed     85.43%
  77  FJ598135              0.00%    passed     97.28%
  78  FJ712195              0.00%    passed     97.76%
  79  FJ712196              0.00%    passed     96.13%
  80  GU647092              0.00%    passed     97.80%
  81  KF726852              0.00%    passed     89.21%
  82  KP319184              0.00%    passed     89.21%
  83  KP319185              0.00%    passed     97.05%
  84  KP319186              0.00%    passed     98.67%
  85  KP319187              0.00%    passed     97.10%
  86  KP319188              0.00%    passed     98.08%
  87  KP319189              0.00%    passed     97.10%
  88  KP319190              0.00%    passed     98.20%
  89  KP319191              0.00%    passed     96.83%
  90  KP319192              0.00%    passed     97.80%
  91  KP319193              0.00%    passed     96.71%
  92  KP319194              0.00%    passed     93.96%
  93  KP319195              0.00%    passed     92.13%
  94  KP319196              0.00%    passed     94.94%
  95  KP319197              0.00%    passed     94.94%
  96  KP319198              0.00%    passed     94.94%
  97  KP319199              0.00%    passed     98.70%
  98  KP319200              0.00%    passed     94.94%
  99  KP319201              0.00%    passed     98.82%
 100  KP319202              0.00%    passed     94.94%
 101  KP319203              0.00%    passed     89.76%
 102  KP319204              0.00%    passed     92.34%
 103  KP319205              0.00%    passed     96.31%
 104  KP319206              0.00%    passed     99.45%
 105  KP319207              0.00%    passed     99.52%
 106  KP319208              0.00%    passed     94.94%
 107  KP319209              0.00%    passed     94.94%
 108  KP319210              0.00%    passed     94.94%
 109  KP319211              0.00%    passed     94.94%
 110  KP319212              0.00%    passed     92.34%
 111  KP319213              0.00%    passed     94.94%
 112  AB519642              0.00%    passed     91.48%
 113  AF070449              0.00%    passed     86.74%
 114  AF351847              0.00%    passed     95.79%
 115  AF351852              0.00%    passed     82.99%
 116  AY854587              0.00%    passed     81.62%
 117  AY854592              0.00%    passed     98.02%
 118  AY854594              0.00%    passed     98.80%
 119  AY877433              0.00%    passed     90.81%
 120  AY877434              0.00%    passed     91.95%
 121  AY877435              0.00%    passed     92.28%
 122  GU592648              0.00%    passed     85.06%
 123  KF656696              0.00%    passed     96.71%
 124  KF656697              0.00%    passed     96.71%
 125  KF864234              0.00%    passed     88.87%
 126  KF864322              0.00%    passed     89.01%
 127  KF864397              0.00%    passed     78.32%
 128  KM594040              0.00%    passed     88.75%
 129  KM594041              0.00%    passed     66.56%
 130  KM594042              0.00%    passed     95.38%
 131  KP202393              0.00%    passed     89.28%
 132  KT023101              0.00%    passed     59.07%
 133  KU523255              0.00%    passed     59.07%
 134  MN968374              0.00%    passed     99.97%
 135  MN968375              0.00%    passed     99.87%
 136  MN968376              0.00%    passed     99.87%
 137  MN968377              0.00%    passed     99.89%
 138  MN968378              0.00%    passed     99.89%
 139  MN968379              0.00%    passed     99.89%
 140  MN968380              0.00%    passed     99.89%
 141  MN968381              0.00%    passed     99.89%
 142  MN968382              0.00%    passed     99.89%
 143  MN968383              0.00%    passed     99.89%
 144  MN968384              0.00%    passed     99.89%
 145  MN968385              0.00%    passed     99.89%
 146  MN968386              0.00%    passed     99.71%
 147  MN968387              0.00%    passed     99.87%
 148  MT891038              0.00%    passed     86.71%
 149  MW249020              0.00%    passed     97.60%
 150  MW249021              0.00%    passed     86.71%
 151  AB284509              0.00%    passed     97.20%
 152  AB284510              0.00%    passed     97.20%
 153  AB284511              0.00%    passed     97.73%
 154  AB284512              0.00%    passed     98.03%
 155  AB284513              0.00%    passed     96.89%
 156  AB284514              0.00%    passed     98.03%
 157  AB285215              0.00%    passed     97.20%
 158  EU853582              0.00%    passed     99.07%
 159  EU853584              0.00%    passed     95.56%
 160  EU853585              0.00%    passed     95.56%
 161  EU853586              0.00%    passed     94.73%
 162  EU853587              0.00%    passed     98.91%
 163  EU853588              0.00%    passed     98.91%
 164  EU853589              0.00%    passed     98.91%
 165  EU853590              0.00%    passed     98.34%
 166  HM179504              0.00%    passed     88.27%
 167  HM179505              0.00%    passed     90.35%
 168  HM179506              0.00%    passed     95.70%
 169  KF155002              0.00%    passed     96.60%
 170  KR534217              0.00%    passed     95.60%
 171  KR534218              0.00%    passed     95.60%
 172  KR534219              0.00%    passed     98.21%
 173  KR534220              0.00%    passed     95.60%
 174  KR534228              0.00%    passed     98.65%
 175  KR534229              0.00%    passed     97.07%
 176  KR534230              0.00%    passed     99.82%
 177  KR534231              0.00%    passed     98.65%
 178  KR534233              0.00%    passed     96.05%
 179  KR534238              0.00%    passed     97.72%
 180  KR534244              0.00%    passed     95.95%
 181  KR534247              0.00%    passed     95.95%
 182  KR534249              0.00%    passed     95.95%
 183  KR534250              0.00%    passed     92.24%
 184  KR534251              0.00%    passed     98.66%
 185  KR534252              0.00%    passed     99.02%
 186  KR534253              0.00%    passed     96.92%
 187  KR906734              0.00%    passed     98.21%
 188  KR906735              0.00%    passed     97.73%
 189  KR906736              0.00%    passed     98.05%
 190  KR906739              0.00%    passed     98.93%
 191  KR906741              0.00%    passed     99.23%
 192  KR906742              0.00%    passed     97.22%
 193  KR906743              0.00%    passed     98.65%
 194  KR906744              0.00%    passed     98.88%
 195  KR906745              0.00%    passed     98.15%
 196  KR906746              0.00%    passed     95.38%
 197  KR906747              0.00%    passed     95.95%
 198  KR906748              0.00%    passed     90.59%
 199  KR906749              0.00%    passed     98.59%
 200  KR906750              0.00%    passed     97.22%
 201  KR906751              0.00%    passed     93.49%
 202  KR906752              0.00%    passed     90.59%
 203  KR906754              0.00%    passed     97.22%
 204  KR906755              0.00%    passed     95.95%
 205  KR906756              0.00%    passed     95.62%
 206  KR906757              0.00%    passed     93.49%
 207  KR906759              0.00%    passed     97.96%
 208  KR906760              0.00%    passed     96.05%
 209  KR906762              0.00%    passed     97.64%
 210  KR906763              0.00%    passed     97.11%
 211  KR906765              0.00%    passed     97.20%
 212  KR906766              0.00%    passed     96.95%
 213  KR906767              0.00%    passed     98.15%
 214  KR906768              0.00%    passed     97.22%
 215  KR906770              0.00%    passed     99.73%
 216  KR906771              0.00%    passed     95.95%
 217  KR906772              0.00%    passed     96.05%
 218  KR906773              0.00%    passed     95.60%
 219  KR906774              0.00%    passed     98.66%
 220  KR906776              0.00%    passed     99.73%
 221  KR906780              0.00%    passed     95.60%
 222  KR906782              0.00%    passed     95.95%
 223  KR906784              0.00%    passed     99.80%
 224  KR906789              0.00%    passed     99.73%
 225  KR906790              0.00%    passed     99.66%
 226  KR906792              0.00%    passed     86.92%
 227  KT336432              0.00%    passed     95.60%
 228  KT336433              0.00%    passed     96.92%
 229  KT336434              0.00%    passed     77.94%
 230  KT336435              0.00%    passed     91.34%
 231  KT336436              0.00%    passed     96.45%
 232  KT336437              0.00%    passed     94.71%
 233  KX148203              0.00%    passed     93.96%
 234  KX148204              0.00%    passed     97.44%
 235  KX148205              0.00%    passed     99.07%
 236  KX148206              0.00%    passed     99.04%
 237  KX148208              0.00%    passed     99.90%
 238  KY210222              0.00%    passed     95.60%
 239  KY210223              0.00%    passed     98.66%
 240  KY210224              0.00%    passed     89.78%
 241  KY210226              0.00%    passed     92.24%
 242  KY210227              0.00%    passed     99.73%
 243  KY210229              0.00%    passed     95.95%
 244  KY210231              0.00%    passed     95.95%
 245  KY210232              0.00%    passed     95.95%
 246  KY210234              0.00%    passed     95.95%
 247  KY210235              0.00%    passed     95.95%
 248  KY210238              0.00%    passed     95.95%
 249  KY210239              0.00%    passed     95.95%
 250  KY210243              0.00%    passed     96.09%
 251  KY210244              0.00%    passed     89.78%
 252  KY210245              0.00%    passed     99.66%
 253  KY210247              0.00%    passed     96.09%
 254  KY210248              0.00%    passed     89.78%
 255  KY210249              0.00%    passed     94.29%
 256  KY210250              0.00%    passed     95.95%
 257  KY210251              0.00%    passed     95.95%
 258  KY210252              0.00%    passed     99.66%
 259  KY210253              0.00%    passed     97.99%
 260  KY210254              0.00%    passed     97.99%
 261  KY210255              0.00%    passed     97.99%
 262  KY210256              0.00%    passed     97.99%
 263  KY210257              0.00%    passed     99.73%
 264  KY210258              0.00%    passed     95.95%
 265  KY210260              0.00%    passed     95.95%
 266  KY210263              0.00%    passed     99.79%
 267  KY210264              0.00%    passed     99.53%
 268  KY210265              0.00%    passed     89.78%
 269  KY210266              0.00%    passed     97.99%
 270  KY210267              0.00%    passed     95.62%
 271  KY210269              0.00%    passed     99.73%
 272  KY210270              0.00%    passed     99.73%
 273  KY210271              0.00%    passed     95.95%
 274  KY210272              0.00%    passed     95.95%
 275  KY210273              0.00%    passed     89.78%
 276  KY210278              0.00%    passed     95.60%
 277  KY210279              0.00%    passed     99.80%
 278  KY210280              0.00%    passed     98.66%
 279  KY210281              0.00%    passed     98.66%
 280  KY210282              0.00%    passed     98.66%
 281  KY210286              0.00%    passed     95.60%
 282  KY210287              0.00%    passed     95.02%
 283  KY210288              0.00%    passed     95.02%
 284  KY210289              0.00%    passed     95.95%
 285  KY210290              0.00%    passed     95.95%
 286  KY210292              0.00%    passed     95.95%
 287  KY210293              0.00%    passed     95.95%
 288  KY210294              0.00%    passed     99.73%
 289  KY210295              0.00%    passed     95.02%
 290  KY210296              0.00%    passed     95.02%
 291  KY210299              0.00%    passed     95.95%
 292  KY210300              0.00%    passed     95.95%
 293  KY210303              0.00%    passed     89.78%
 294  KY210304              0.00%    passed     99.86%
 295  KY210307              0.00%    passed     95.95%
 296  KY210311              0.00%    passed     99.79%
 297  KY563717              0.00%    passed     76.84%
 298  LC029890              0.00%    passed     99.76%
 299  MN726804              0.00%    passed     97.64%
 300  MN726826              0.00%    passed     97.87%
 301  MN726827              0.00%    passed     97.34%
 302  MT454631              0.00%    passed     93.91%
 303  MT454634              0.00%    passed     95.60%
 304  MT454635              0.00%    passed     97.24%
 305  MT454636              0.00%    passed     95.60%
 306  MT454637              0.00%    passed     91.83%
 307  MT454639              0.00%    passed     95.60%
 308  MT454641              0.00%    passed     96.92%
 309  MT454643              0.00%    passed     99.08%
 310  MT454644              0.00%    passed     93.89%
 311  MT454645              0.00%    passed     99.34%
 312  AF351828              0.00%    passed     88.40%
 313  AF351831              0.00%    passed     87.15%
 314  AF351832              0.00%    passed     82.65%
 315  AF351833              0.00%    passed     87.84%
 316  AF351855              0.00%    passed     76.41%
 317  AF351861              0.00%    passed     97.46%
 318  AF351862              0.00%    passed     88.04%
 319  AY039227              0.00%    passed     82.35%
 320  AY039228              0.00%    passed     87.52%
 321  AY039229              0.00%    passed     84.33%
 322  GU644652              0.00%    passed     93.47%
 323  GU644654              0.00%    passed     82.99%
 324  GU644655              0.00%    passed     87.52%
 325  GU644656              0.00%    passed     83.89%
 326  GU644657              0.00%    passed     87.16%
 327  GU644658              0.00%    passed     78.47%
 328  GU644659              0.00%    passed     82.40%
 329  GU644660              0.00%    passed     94.32%
 330  GU644661              0.00%    passed     87.08%
 331  GU644662              0.00%    passed     90.89%
 332  GU644663              0.00%    passed     92.09%
 333  GU644664              0.00%    passed     94.04%
 334  GU644665              0.00%    passed     85.56%
 335  GU644666              0.00%    passed     91.72%
 336  GU644667              0.00%    passed     85.27%
 337  GU644668              0.00%    passed     88.41%
 338  GU644669              0.00%    passed     90.23%
 339  GU644670              0.00%    passed     92.98%
 340  GU644671              0.00%    passed     84.34%
 341  GU644676              0.00%    passed     88.11%
 342  GU644677              0.00%    passed     86.47%
 343  GU644684              0.00%    passed     86.65%
 344  GU644689              0.00%    passed     86.65%
 345  GU644690              0.00%    passed     86.71%
 346  GU644695              0.00%    passed     86.71%
 347  JQ685925              0.00%    passed     86.65%
 348  AF351845              0.00%    passed     98.89%
 349  AF351846              0.00%    passed     93.06%
 350  AF351858              0.00%    passed     90.59%
 351  AF394883              0.00%    passed     97.94%
 352  AF394884              0.00%    passed     98.37%
 353  GU644712              0.00%    passed     94.00%
 354  GU644713              0.00%    passed     93.43%
 355  GU644714              0.00%    passed     94.73%
 356  GU644715              0.00%    passed     96.02%
 357  GU644716              0.00%    passed     94.00%
 358  GU644717              0.00%    passed     96.08%
 359  GU644718              0.00%    passed     96.02%
 360  GU644719              0.00%    passed     95.16%
 361  GU644720              0.00%    passed     96.58%
 362  GU644721              0.00%    passed     96.78%
 363  JQ685947              0.00%    passed     96.08%
 364  AY854505              0.00%    passed     89.63%
 365  AY854525              0.00%    passed     91.66%
 366  AY854531              0.00%    passed     99.06%
 367  AY854544              0.00%    passed     99.63%
 368  AY854546              0.00%    passed     99.72%
 369  AY854558              0.00%    passed     95.62%
 370  AY854567              0.00%    passed     98.57%
 371  AY854573              0.00%    passed     99.96%
 372  AY854576              0.00%    passed     96.18%
 373  EU345002              0.00%    passed     98.86%
 374  EU345003              0.00%    passed     99.47%
 375  EU345004              0.00%    passed     97.57%
 376  JQ685938              0.00%    passed     99.52%
 377  JQ685968              0.00%    passed     96.11%
 378  MW055084              0.00%    passed     99.05%
 379  MW055085              0.00%    passed     98.48%
 380  MW055086              0.00%    passed     97.07%
 381  MW055087              0.00%    passed     98.26%
 382  AF351849              0.00%    passed     67.37%
 383  AF394876              0.00%    passed     80.38%
 384  GU644760              0.00%    passed     64.13%
 385  GU644761              0.00%    passed     74.33%
 386  GU644762              0.00%    passed     69.23%
 387  GU644763              0.00%    passed     71.03%
 388  GU644764              0.00%    passed     64.13%
 389  GU644765              0.00%    passed     58.30%
 390  GU644766              0.00%    passed     61.69%
 391  GU644767              0.00%    passed     63.55%
 392  GU644768              0.00%    passed     62.81%
 393  GU644769              0.00%    passed     52.67%
 394  GU644770              0.00%    passed     71.70%
 395  GU644771              0.00%    passed     77.97%
 396  GU644772              0.00%    passed     64.38%
 397  GU644773              0.00%    passed     63.55%
 398  GU644774              0.00%    passed     62.81%
 399  GU644775              0.00%    passed     59.71%
 400  GU644776              0.00%    passed     57.89%
 401  GU644777              0.00%    passed     67.43%
 402  GU644778              0.00%    passed     67.43%
 403  GU644779              0.00%    passed     62.81%
 404  GU644780              0.00%    passed     74.33%
 405  GU644781              0.00%    passed     69.81%
 406  GU644782              0.00%    passed     77.97%
 407  GU644783              0.00%    passed     77.97%
 408  GU644784              0.00%    passed     69.23%
 409  GU644785              0.00%    passed     60.03%
 410  GU644786              0.00%    passed     74.18%
 411  GU644787              0.00%    passed     66.77%
 412  GU644788              0.00%    passed     71.03%
 413  JQ685905              0.00%    passed     71.50%
 414  AY352488              0.00%    passed     58.22%
 415  AY352501              0.00%    passed     67.43%
 416  KX954123              0.00%    passed     64.74%
 417  LT598537              0.00%    passed     68.91%
 418  LT598538              0.00%    passed     74.08%
 419  LT598539              0.00%    passed     66.41%
 420  LT598540              0.00%    passed     67.06%
 421  LT598541              0.00%    passed     74.78%
 422  LT598542              0.00%    passed     67.06%
 423  LT598543              0.00%    passed     76.65%
 424  LT909550              0.00%    passed     59.19%
 425  MN384717              0.00%    passed     68.91%
 426  AY352487              0.00%    passed     58.22%
 427  EF611828              0.22%    passed     56.95%
 428  EF611830              0.22%    passed     49.91%
 429  EF611851              0.22%    passed     66.42%
 430  L20675                0.00%    passed     73.72%
 431  gannoruwa_outgroup    0.00%    passed     87.79%
****  TOTAL                 0.00%  0 sequences failed composition chi2 test (p-value<5%; df=3)

NOTE: Restoring information from model checkpoint file all_seqs.fasta.model.gz

CHECKPOINT: Initial tree restored
NOTE: ModelFinder requires 94 MB RAM!
ModelFinder will test 286 DNA models (sample size: 1353) ...
 No. Model         -LnL         df  AIC          AICc         BIC
  1  JC            21343.875    859 44405.751    47402.668    48881.209
  2  JC+I          20049.919    860 41819.838    44829.838    46300.507
  3  JC+G4         19825.162    860 41370.324    44380.324    45850.992
  4  JC+I+G4       19828.054    861 41378.107    44401.252    45863.986
  5  JC+R2         19921.754    861 41565.508    44588.652    46051.386
  6  JC+R3         19842.172    863 41410.344    44459.964    45906.643
  7  JC+R4         19815.245    865 41360.490    44436.835    45867.209
  8  JC+R5         19812.721    867 41359.441    44462.765    45876.580
 14  F81+F         21362.807    862 44449.615    47485.966    48940.703
 15  F81+F+I       20066.614    863 41859.227    44908.847    46355.526
 16  F81+F+G4      19847.827    863 41421.655    44471.274    45917.953
 17  F81+F+I+G4    19849.879    864 41427.759    44490.710    45929.268
 18  F81+F+R2      19911.345    864 41550.691    44613.642    46052.200
 19  F81+F+R3      19842.003    866 41416.007    44505.809    45927.936
 20  F81+F+R4      19835.052    868 41406.105    44523.014    45928.454
 27  K2P           19941.236    860 41602.472    44612.472    46083.140
 28  K2P+I         18600.642    861 38923.284    41946.429    43409.163
 29  K2P+G4        18347.520    861 38417.040    41440.184    42902.918
 30  K2P+I+G4      18346.400    862 38416.799    41453.150    42907.888
 31  K2P+R2        18404.469    862 38532.937    41569.288    43024.026
 32  K2P+R3        18333.777    864 38395.555    41458.506    42897.064
 33  K2P+R4        18333.083    866 38398.166    41487.968    42910.095
 40  HKY+F         19953.439    863 41632.878    44682.497    46129.176
 41  HKY+F+I       18603.618    864 38935.236    41998.187    43436.745
 42  HKY+F+G4      18335.616    864 38399.232    41462.183    42900.741
 43  HKY+F+I+G4    18332.016    865 38394.033    41470.378    42900.752
 44  HKY+F+R2      18382.752    865 38495.504    41571.849    43002.223
 45  HKY+F+R3      18320.989    867 38375.978    41479.302    42893.117
 46  HKY+F+R4      18320.889    869 38379.778    41510.337    42907.337
 53  TNe           19910.907    861 41543.813    44566.958    46029.692
 54  TNe+I         18573.856    862 38871.711    41908.062    43362.800
 55  TNe+G4        18342.632    862 38409.263    41445.614    42900.352
 56  TNe+I+G4      18332.586    863 38391.172    41440.792    42887.471
 57  TNe+R2        18378.489    863 38482.977    41532.597    42979.276
 58  TNe+R3        18325.505    865 38381.009    41457.354    42887.728
 59  TNe+R4        18325.424    867 38384.849    41488.172    42901.988
 66  TN+F          19892.022    864 41512.045    44574.996    46013.554
 67  TN+F+I        18550.713    865 38831.427    41907.772    43338.146
 68  TN+F+G4       18317.671    865 38365.343    41441.688    42872.062
 69  TN+F+I+G4     18303.997    866 38339.994    41429.797    42851.923
 70  TN+F+R2       18353.188    866 38438.377    41528.179    42950.306
 71  TN+F+R3       18299.625    868 38335.251    41452.160    42857.600
 72  TN+F+R4       18299.074    870 38338.148    41482.422    42870.918
 79  K3P           19921.739    861 41565.479    44588.623    46051.357
 80  K3P+I         18578.227    862 38880.454    41916.805    43371.543
 81  K3P+G4        18324.516    862 38373.033    41409.384    42864.121
 82  K3P+I+G4      18319.452    863 38364.903    41414.523    42861.202
 83  K3P+R2        18353.129    863 38432.259    41481.878    42928.557
 84  K3P+R3        18309.595    865 38349.190    41425.535    42855.908
 85  K3P+R4        18309.550    867 38353.100    41456.424    42870.239
 92  K3Pu+F        19931.868    864 41591.735    44654.686    46093.244
 93  K3Pu+F+I      18579.146    865 38888.291    41964.636    43395.010
 94  K3Pu+F+G4     18310.166    865 38350.331    41426.676    42857.050
 95  K3Pu+F+I+G4   18303.208    866 38338.417    41428.219    42850.346
 96  K3Pu+F+R2     18341.529    866 38415.057    41504.860    42926.986
 97  K3Pu+F+R3     18294.879    868 38325.758    41442.668    42848.108
 98  K3Pu+F+R4     18294.843    870 38329.687    41473.961    42862.456
105  TPM2+F        19935.559    864 41599.119    44662.070    46100.628
106  TPM2+F+I      18590.023    865 38910.047    41986.392    43416.766
107  TPM2+F+G4     18323.494    865 38376.987    41453.332    42883.706
108  TPM2+F+I+G4   18317.134    866 38366.269    41456.071    42878.198
109  TPM2+F+R2     18353.673    866 38439.346    41529.149    42951.275
110  TPM2+F+R3     18307.750    868 38351.501    41468.410    42873.850
111  TPM2+F+R4     18307.723    870 38355.445    41499.719    42888.215
118  TPM2u+F       19935.616    864 41599.231    44662.182    46100.740
119  TPM2u+F+I     18590.079    865 38910.157    41986.502    43416.876
120  TPM2u+F+G4    18323.553    865 38377.105    41453.450    42883.824
121  TPM2u+F+I+G4  18317.188    866 38366.375    41456.178    42878.304
122  TPM2u+F+R2    18353.636    866 38439.273    41529.075    42951.202
123  TPM2u+F+R3    18307.709    868 38351.417    41468.326    42873.766
124  TPM2u+F+R4    18307.688    870 38355.376    41499.650    42888.146
131  TPM3+F        19953.513    864 41635.026    44697.977    46136.535
132  TPM3+F+I      18603.566    865 38937.133    42013.478    43443.852
133  TPM3+F+G4     18335.798    865 38401.596    41477.941    42908.314
134  TPM3+F+I+G4   18329.109    866 38390.217    41480.020    42902.146
135  TPM3+F+R2     18365.527    866 38463.053    41552.856    42974.982
136  TPM3+F+R3     18319.786    868 38375.572    41492.482    42897.922
137  TPM3+F+R4     18319.764    870 38379.528    41523.802    42912.297
144  TPM3u+F       19953.559    864 41635.118    44698.069    46136.627
145  TPM3u+F+I     18603.608    865 38937.217    42013.562    43443.936
146  TPM3u+F+G4    18335.843    865 38401.686    41478.031    42908.405
147  TPM3u+F+I+G4  18329.157    866 38390.314    41480.116    42902.243
148  TPM3u+F+R2    18365.503    866 38463.007    41552.809    42974.936
149  TPM3u+F+R3    18319.755    868 38375.511    41492.420    42897.860
150  TPM3u+F+R4    18319.739    870 38379.477    41523.751    42912.247
157  TIMe          19891.437    862 41506.874    44543.225    45997.962
158  TIMe+I        18551.518    863 38829.036    41878.655    43325.334
159  TIMe+G4       18319.659    863 38365.318    41414.938    42861.617
160  TIMe+I+G4     18309.898    864 38347.795    41410.746    42849.304
161  TIMe+R2       18347.151    864 38422.303    41485.254    42923.812
162  TIMe+R3       18302.072    866 38336.143    41425.946    42848.072
163  TIMe+R4       18302.059    868 38340.119    41457.028    42862.468
170  TIM+F         19870.512    865 41471.024    44547.369    45977.743
171  TIM+F+I       18526.442    866 38784.885    41874.687    43296.814
172  TIM+F+G4      18292.147    866 38316.294    41406.097    42828.223
173  TIM+F+I+G4    18278.469    867 38290.938    41394.261    42808.077
174  TIM+F+R2      18324.259    867 38382.519    41485.842    42899.658
175  TIM+F+R3      18273.670    869 38285.340    41415.899    42812.899
176  TIM+F+R4      18273.639    871 38289.278    41447.332    42827.258
183  TIM2e         19884.398    862 41492.796    44529.147    45983.885
184  TIM2e+I       18552.355    863 38830.710    41880.330    43327.009
185  TIM2e+G4      18319.984    863 38365.969    41415.588    42862.267
186  TIM2e+I+G4    18310.160    864 38348.321    41411.271    42849.829
187  TIM2e+R2      18346.316    864 38420.632    41483.583    42922.141
188  TIM2e+R3      18301.514    866 38335.029    41424.831    42846.958
189  TIM2e+R4      18300.959    868 38337.918    41454.828    42860.268
196  TIM2+F        19873.669    865 41477.338    44553.682    45984.056
197  TIM2+F+I      18536.310    866 38804.620    41894.422    43316.549
198  TIM2+F+G4     18304.545    866 38341.089    41430.892    42853.018
199  TIM2+F+I+G4   18291.107    867 38316.214    41419.537    42833.353
200  TIM2+F+R2     18335.123    867 38404.245    41507.569    42921.385
201  TIM2+F+R3     18285.418    869 38308.837    41439.396    42836.396
202  TIM2+F+R4     18285.386    871 38312.772    41470.827    42850.752
209  TIM3e         19908.703    862 41541.406    44577.757    46032.494
210  TIM3e+I       18571.437    863 38868.874    41918.494    43365.173
211  TIM3e+G4      18340.843    863 38407.685    41457.305    42903.984
212  TIM3e+I+G4    18330.993    864 38389.986    41452.937    42891.495
213  TIM3e+R2      18366.695    864 38461.390    41524.340    42962.898
214  TIM3e+R3      18322.512    866 38377.024    41466.827    42888.953
215  TIM3e+R4      18322.511    868 38381.022    41497.931    42903.371
222  TIM3+F        19891.599    865 41513.198    44589.543    46019.917
223  TIM3+F+I      18550.154    866 38832.308    41922.110    43344.237
224  TIM3+F+G4     18317.328    866 38366.657    41456.459    42878.586
225  TIM3+F+I+G4   18303.623    867 38341.246    41444.570    42858.385
226  TIM3+F+R2     18347.675    867 38429.350    41532.674    42946.489
227  TIM3+F+R3     18297.993    869 38333.986    41464.545    42861.545
228  TIM3+F+R4     18297.968    871 38337.937    41495.991    42875.916
235  TVMe          19880.647    863 41487.295    44536.914    45983.593
236  TVMe+I        18543.043    864 38814.087    41877.038    43315.596
237  TVMe+G4       18290.070    864 38308.141    41371.092    42809.650
238  TVMe+I+G4     18285.350    865 38300.700    41377.045    42807.419
239  TVMe+R2       18316.822    865 38363.643    41439.988    42870.362
240  TVMe+R3       18274.256    867 38282.512    41385.836    42799.651
241  TVMe+R4       18274.248    869 38286.495    41417.054    42814.054
248  TVM+F         19902.102    866 41536.204    44626.006    46048.133
249  TVM+F+I       18553.979    867 38841.957    41945.281    43359.096
250  TVM+F+G4      18288.910    867 38311.820    41415.144    42828.959
251  TVM+F+I+G4    18282.794    868 38301.589    41418.498    42823.938
252  TVM+F+R2      18319.329    868 38374.658    41491.567    42897.007
253  TVM+F+R3      18273.252    870 38286.504    41430.778    42819.273
254  TVM+F+R4      18273.246    872 38290.492    41462.392    42833.682
261  SYM           19849.821    864 41427.643    44490.594    45929.152
262  SYM+I         18515.359    865 38760.718    41837.063    43267.437
263  SYM+G4        18284.656    865 38299.312    41375.657    42806.031
264  SYM+I+G4      18275.157    866 38282.315    41372.117    42794.244
265  SYM+R2        18311.120    866 38354.241    41444.043    42866.170
266  SYM+R3        18266.540    868 38269.080    41385.989    42791.429
267  SYM+R4        18266.545    870 38273.091    41417.365    42805.860
274  GTR+F         19840.291    867 41414.581    44517.905    45931.720
275  GTR+F+I       18500.437    868 38736.875    41853.784    43259.224
276  GTR+F+G4      18269.956    868 38275.912    41392.821    42798.261
277  GTR+F+I+G4    18256.884    869 38251.768    41382.327    42779.327
278  GTR+F+R2      18301.352    869 38340.703    41471.262    42868.263
279  GTR+F+R3      18251.441    871 38244.882    41402.936    42782.862
280  GTR+F+R4      18251.420    873 38248.840    41434.652    42797.239
Akaike Information Criterion:           GTR+F+R3
Corrected Akaike Information Criterion: TVMe+G4
Bayesian Information Criterion:         GTR+F+I+G4
Best-fit model: GTR+F+I+G4 chosen according to BIC

All model information printed to all_seqs.fasta.model.gz
CPU time for ModelFinder: 0.191 seconds (0h:0m:0s)
Wall-clock time for ModelFinder: 0.204 seconds (0h:0m:0s)
Generating 1000 samples for ultrafast bootstrap (seed: 755166)...

NOTE: 39 MB RAM (0 GB) is required!
Estimate model parameters (epsilon = 0.100)
Thoroughly optimizing +I+G parameters from 10 start values...
Init pinv, alpha: 0.000, 1.000 / Estimate: 0.000, 0.288 / LogL: -18269.966
Init pinv, alpha: 0.057, 1.000 / Estimate: 0.070, 0.330 / LogL: -18269.194
Init pinv, alpha: 0.114, 1.000 / Estimate: 0.139, 0.387 / LogL: -18268.522
Init pinv, alpha: 0.171, 1.000 / Estimate: 0.209, 0.467 / LogL: -18267.561
Init pinv, alpha: 0.228, 1.000 / Estimate: 0.431, 1.198 / LogL: -18256.621
Init pinv, alpha: 0.285, 1.000 / Estimate: 0.431, 1.198 / LogL: -18256.697
Init pinv, alpha: 0.341, 1.000 / Estimate: 0.430, 1.185 / LogL: -18256.832
Init pinv, alpha: 0.398, 1.000 / Estimate: 0.431, 1.193 / LogL: -18256.900
Init pinv, alpha: 0.455, 1.000 / Estimate: 0.439, 1.262 / LogL: -18256.859
Init pinv, alpha: 0.512, 1.000 / Estimate: 0.446, 1.329 / LogL: -18257.064
Optimal pinv,alpha: 0.431, 1.198 / LogL: -18256.621

Parameters optimization took 33.289 sec
Computing ML distances based on estimated model parameters... 0.959 sec
Computing BIONJ tree...
0.088 seconds
Log-likelihood of BIONJ tree: -18495.243
--------------------------------------------------------------------
|             INITIALIZING CANDIDATE TREE SET                      |
--------------------------------------------------------------------
Generating 98 parsimony trees... 3.325 second
Computing log-likelihood of 98 initial trees ... 9.189 seconds
Current best score: -18235.216

Do NNI search on 20 best initial trees
Estimate model parameters (epsilon = 0.100)
BETTER TREE FOUND at iteration 1: -18228.047
Iteration 10 / LogL: -18232.224 / Time: 0h:1m:9s
Iteration 20 / LogL: -18239.238 / Time: 0h:1m:30s
Finish initializing candidate tree set (20)
Current best tree score: -18228.047 / CPU time: 56.417
Number of iterations: 20
--------------------------------------------------------------------
|               OPTIMIZING CANDIDATE TREE SET                      |
--------------------------------------------------------------------
Estimate model parameters (epsilon = 0.100)
BETTER TREE FOUND at iteration 22: -18227.457
Iteration 30 / LogL: -18256.509 / Time: 0h:1m:51s (0h:5m:52s left)
Estimate model parameters (epsilon = 0.100)
BETTER TREE FOUND at iteration 36: -18226.988
Iteration 40 / LogL: -18230.135 / Time: 0h:2m:9s (0h:5m:18s left)
Estimate model parameters (epsilon = 0.100)
BETTER TREE FOUND at iteration 42: -18225.656
Estimate model parameters (epsilon = 0.100)
BETTER TREE FOUND at iteration 47: -18225.529
Iteration 50 / LogL: -18295.856 / Time: 0h:2m:30s (0h:4m:57s left)
Log-likelihood cutoff on original alignment: -18263.425
Iteration 60 / LogL: -18231.397 / Time: 0h:2m:50s (0h:4m:10s left)
Iteration 70 / LogL: -18323.811 / Time: 0h:3m:9s (0h:3m:31s left)
Iteration 80 / LogL: -18291.354 / Time: 0h:3m:31s (0h:2m:59s left)
Iteration 90 / LogL: -18234.734 / Time: 0h:3m:51s (0h:2m:28s left)
Estimate model parameters (epsilon = 0.100)
BETTER TREE FOUND at iteration 96: -18225.310
Iteration 100 / LogL: -18302.254 / Time: 0h:4m:13s (0h:4m:5s left)
Log-likelihood cutoff on original alignment: -18263.425
NOTE: Bootstrap correlation coefficient of split occurrence frequencies: 0.995
Iteration 110 / LogL: -18248.928 / Time: 0h:4m:32s (0h:3m:45s left)
BETTER TREE FOUND at iteration 112: -18225.308
Iteration 120 / LogL: -18225.402 / Time: 0h:4m:54s (0h:3m:47s left)
Iteration 130 / LogL: -18235.578 / Time: 0h:5m:15s (0h:3m:20s left)
Iteration 140 / LogL: -18243.073 / Time: 0h:5m:33s (0h:2m:52s left)
BETTER TREE FOUND at iteration 147: -18225.307
BETTER TREE FOUND at iteration 149: -18225.306
Iteration 150 / LogL: -18254.161 / Time: 0h:5m:54s (0h:3m:55s left)
Log-likelihood cutoff on original alignment: -18263.425
BETTER TREE FOUND at iteration 156: -18225.304
Iteration 160 / LogL: -18225.307 / Time: 0h:6m:14s (0h:3m:45s left)
BETTER TREE FOUND at iteration 161: -18225.303
Iteration 170 / LogL: -18231.064 / Time: 0h:6m:38s (0h:3m:34s left)
BETTER TREE FOUND at iteration 171: -18225.302
Iteration 180 / LogL: -18273.766 / Time: 0h:6m:59s (0h:3m:33s left)
Iteration 190 / LogL: -18230.338 / Time: 0h:7m:20s (0h:3m:8s left)
Iteration 200 / LogL: -18314.093 / Time: 0h:7m:44s (0h:2m:45s left)
Log-likelihood cutoff on original alignment: -18263.595
NOTE: Bootstrap correlation coefficient of split occurrence frequencies: 0.997
Iteration 210 / LogL: -18242.085 / Time: 0h:8m:7s (0h:3m:29s left)
Iteration 220 / LogL: -18266.258 / Time: 0h:8m:28s (0h:3m:5s left)
Iteration 230 / LogL: -18244.390 / Time: 0h:8m:50s (0h:2m:42s left)
BETTER TREE FOUND at iteration 234: -18225.299
Iteration 240 / LogL: -18243.473 / Time: 0h:9m:11s (0h:3m:37s left)
Iteration 250 / LogL: -18231.071 / Time: 0h:9m:33s (0h:3m:13s left)
Log-likelihood cutoff on original alignment: -18263.595
Iteration 260 / LogL: -18225.300 / Time: 0h:9m:58s (0h:2m:50s left)
BETTER TREE FOUND at iteration 261: -18225.298
Iteration 270 / LogL: -18243.319 / Time: 0h:10m:19s (0h:3m:29s left)
Iteration 280 / LogL: -18250.729 / Time: 0h:10m:41s (0h:3m:6s left)
Iteration 290 / LogL: -18330.578 / Time: 0h:11m:3s (0h:2m:43s left)
Iteration 300 / LogL: -18225.298 / Time: 0h:11m:26s (0h:2m:20s left)
Log-likelihood cutoff on original alignment: -18263.425
NOTE: Bootstrap correlation coefficient of split occurrence frequencies: 0.998
Iteration 310 / LogL: -18225.301 / Time: 0h:11m:53s (0h:3m:27s left)
Iteration 320 / LogL: -18226.149 / Time: 0h:12m:16s (0h:3m:4s left)
BETTER TREE FOUND at iteration 323: -18225.294
BETTER TREE FOUND at iteration 324: -18225.294
Iteration 330 / LogL: -18620.235 / Time: 0h:12m:39s (0h:3m:37s left)
Iteration 340 / LogL: -18237.104 / Time: 0h:13m:2s (0h:3m:13s left)
Iteration 350 / LogL: -18266.842 / Time: 0h:13m:24s (0h:2m:50s left)
Log-likelihood cutoff on original alignment: -18263.425
Iteration 360 / LogL: -18302.937 / Time: 0h:13m:44s (0h:2m:26s left)
Iteration 370 / LogL: -18225.298 / Time: 0h:14m:4s (0h:2m:3s left)
Iteration 380 / LogL: -18228.340 / Time: 0h:14m:26s (0h:1m:40s left)
Iteration 390 / LogL: -18233.935 / Time: 0h:14m:49s (0h:1m:17s left)
Iteration 400 / LogL: -18250.728 / Time: 0h:15m:13s (0h:0m:54s left)
Log-likelihood cutoff on original alignment: -18263.425
NOTE: Bootstrap correlation coefficient of split occurrence frequencies: 0.997
Iteration 410 / LogL: -18346.682 / Time: 0h:15m:35s (0h:3m:25s left)
Iteration 420 / LogL: -18322.390 / Time: 0h:15m:57s (0h:3m:2s left)
BETTER TREE FOUND at iteration 422: -18225.292
Iteration 430 / LogL: -18322.280 / Time: 0h:16m:19s (0h:3m:30s left)
Iteration 440 / LogL: -18296.956 / Time: 0h:16m:41s (0h:3m:7s left)
Iteration 450 / LogL: -18231.865 / Time: 0h:17m:3s (0h:2m:44s left)
Log-likelihood cutoff on original alignment: -18264.034
Iteration 460 / LogL: -18231.723 / Time: 0h:17m:29s (0h:2m:21s left)
Iteration 470 / LogL: -18225.297 / Time: 0h:17m:53s (0h:1m:59s left)
Iteration 480 / LogL: -18232.262 / Time: 0h:18m:16s (0h:1m:36s left)
Iteration 490 / LogL: -18248.156 / Time: 0h:18m:38s (0h:1m:13s left)
Iteration 500 / LogL: -18230.090 / Time: 0h:19m:2s (0h:0m:50s left)
Log-likelihood cutoff on original alignment: -18264.034
NOTE: Bootstrap correlation coefficient of split occurrence frequencies: 0.997
Iteration 510 / LogL: -18225.294 / Time: 0h:19m:27s (0h:3m:26s left)
BETTER TREE FOUND at iteration 512: -18225.289
Iteration 520 / LogL: -18250.438 / Time: 0h:19m:50s (0h:3m:30s left)
Iteration 530 / LogL: -18225.293 / Time: 0h:20m:14s (0h:3m:8s left)
Iteration 540 / LogL: -18242.459 / Time: 0h:20m:36s (0h:2m:45s left)
BETTER TREE FOUND at iteration 550: -18225.289
Iteration 550 / LogL: -18225.289 / Time: 0h:20m:59s (0h:3m:49s left)
Log-likelihood cutoff on original alignment: -18264.034
Iteration 560 / LogL: -18253.143 / Time: 0h:21m:22s (0h:3m:26s left)
Iteration 570 / LogL: -18244.930 / Time: 0h:21m:47s (0h:3m:3s left)
Iteration 580 / LogL: -18244.510 / Time: 0h:22m:11s (0h:2m:40s left)
Iteration 590 / LogL: -18225.793 / Time: 0h:22m:35s (0h:2m:18s left)
Iteration 600 / LogL: -18238.935 / Time: 0h:22m:57s (0h:1m:55s left)
Log-likelihood cutoff on original alignment: -18264.034
NOTE: Bootstrap correlation coefficient of split occurrence frequencies: 0.998
BETTER TREE FOUND at iteration 605: -18225.289
Iteration 610 / LogL: -18236.317 / Time: 0h:23m:22s (0h:3m:38s left)
Iteration 620 / LogL: -18237.486 / Time: 0h:23m:45s (0h:3m:15s left)
Iteration 630 / LogL: -18325.129 / Time: 0h:24m:8s (0h:2m:52s left)
BETTER TREE FOUND at iteration 640: -18225.287
Iteration 640 / LogL: -18225.287 / Time: 0h:24m:32s (0h:3m:50s left)
Iteration 650 / LogL: -18225.293 / Time: 0h:24m:56s (0h:3m:27s left)
Log-likelihood cutoff on original alignment: -18264.034
Iteration 660 / LogL: -18248.190 / Time: 0h:25m:21s (0h:3m:4s left)
BETTER TREE FOUND at iteration 668: -18225.287
Iteration 670 / LogL: -18232.642 / Time: 0h:25m:44s (0h:3m:46s left)
BETTER TREE FOUND at iteration 677: -18225.287
Iteration 680 / LogL: -18425.033 / Time: 0h:26m:8s (0h:3m:44s left)
Iteration 690 / LogL: -18225.290 / Time: 0h:26m:32s (0h:3m:21s left)
Iteration 700 / LogL: -18228.145 / Time: 0h:26m:56s (0h:2m:58s left)
Log-likelihood cutoff on original alignment: -18264.034
NOTE: Bootstrap correlation coefficient of split occurrence frequencies: 0.998
BETTER TREE FOUND at iteration 704: -18225.286
Iteration 710 / LogL: -18232.259 / Time: 0h:27m:21s (0h:3m:37s left)
Iteration 720 / LogL: -18262.016 / Time: 0h:27m:44s (0h:3m:14s left)
Iteration 730 / LogL: -18243.914 / Time: 0h:28m:10s (0h:2m:51s left)
Iteration 740 / LogL: -18225.942 / Time: 0h:28m:35s (0h:2m:28s left)
Iteration 750 / LogL: -18230.806 / Time: 0h:28m:59s (0h:2m:5s left)
Log-likelihood cutoff on original alignment: -18264.034
Iteration 760 / LogL: -18230.231 / Time: 0h:29m:25s (0h:1m:42s left)
Iteration 770 / LogL: -18241.128 / Time: 0h:29m:50s (0h:1m:19s left)
Iteration 780 / LogL: -18253.118 / Time: 0h:30m:15s (0h:0m:55s left)
Iteration 790 / LogL: -18258.697 / Time: 0h:30m:40s (0h:0m:32s left)
Iteration 800 / LogL: -18226.251 / Time: 0h:31m:5s (0h:0m:9s left)
Log-likelihood cutoff on original alignment: -18264.034
NOTE: Bootstrap correlation coefficient of split occurrence frequencies: 0.999
TREE SEARCH COMPLETED AFTER 805 ITERATIONS / Time: 0h:31m:19s

--------------------------------------------------------------------
|                    FINALIZING TREE SEARCH                        |
--------------------------------------------------------------------
Performs final model parameters optimization
Estimate model parameters (epsilon = 0.010)
1. Initial log-likelihood: -18225.286
Optimal log-likelihood: -18225.284
Rate parameters:  A-C: 1.45480  A-G: 7.04518  A-T: 0.77358  C-G: 0.22489  C-T: 11.15373  G-T: 1.00000
Base frequencies:  A: 0.297  C: 0.207  G: 0.237  T: 0.260
Proportion of invariable sites: 0.439
Gamma shape alpha: 1.265
Parameters optimization took 1 rounds (0.223 sec)
BEST SCORE FOUND : -18225.284
Ancestral state probabilities printed to all_seqs.fasta.state
Creating bootstrap support values...
Split supports printed to NEXUS file all_seqs.fasta.splits.nex
Total tree length: 2.663

Total number of iterations: 805
CPU time used for tree search: 1838.906 sec (0h:30m:38s)
Wall-clock time used for tree search: 1844.625 sec (0h:30m:44s)
Total CPU time used: 1875.356 sec (0h:31m:15s)
Total wall-clock time used: 1881.585 sec (0h:31m:21s)

Computing bootstrap consensus tree...
Reading input file all_seqs.fasta.splits.nex...
431 taxa and 9394 splits.
Consensus tree written to all_seqs.fasta.contree
Reading input trees file all_seqs.fasta.contree
Log-likelihood of consensus tree: -18225.345

Analysis results written to: 
  IQ-TREE report:                all_seqs.fasta.iqtree
  Maximum-likelihood tree:       all_seqs.fasta.treefile
  Likelihood distances:          all_seqs.fasta.mldist
  Ancestral state:               all_seqs.fasta.state

Ultrafast bootstrap approximation results written to:
  Split support values:          all_seqs.fasta.splits.nex
  Consensus tree:                all_seqs.fasta.contree
  Screen log file:               all_seqs.fasta.log

Date and Time: Fri Nov 28 15:51:15 2025
