IQ-TREE multicore version 1.6.12 for Mac OS X 64-bit built Aug 15 2019
Developed by Bui Quang Minh, Nguyen Lam Tung, Olga Chernomor,
Heiko Schmidt, Dominik Schrempf, Michael Woodhams.

Host:    Rowans-MacBook-Pro.local (SSE4.2, 18 GB RAM)
Command: iqtree -s all_seqs.fasta -o Gannoruwa_bat_lyssavirus_NC_031988.1 -asr -bb 1000
Seed:    549364 (Using SPRNG - Scalable Parallel Random Number Generator)
Time:    Mon Mar 23 16:29:23 2026
Kernel:  SSE2 - 1 threads (11 CPU cores detected)

HINT: Use -nt option to specify number of threads because your CPU has 11 cores!
HINT: -nt AUTO will automatically determine the best number of threads to use.

Reading alignment file all_seqs.fasta ... Fasta format detected
Alignment most likely contains DNA/RNA sequences
Alignment has 414 sequences with 1353 columns, 667 distinct patterns
552 parsimony-informative, 122 singleton sites, 679 constant sites
                                      Gap/Ambiguity  Composition  p-value
   1  AY352488                                0.00%    passed     64.36%
   2  AY352501                                0.00%    passed     76.71%
   3  JN258588                                0.00%    passed     74.63%
   4  JN258592                                0.00%    passed     65.69%
   5  JX987747                                0.00%    passed     65.76%
   6  KU198460                                0.00%    passed     66.88%
   7  KU198462                                0.00%    passed     72.10%
   8  KU198464                                0.00%    passed     65.76%
   9  KU198466                                0.00%    passed     84.68%
  10  KU198467                                0.00%    passed     74.14%
  11  KU198472                                0.00%    passed     81.83%
  12  KU198476                                0.00%    passed     77.72%
  13  KU198477                                0.00%    passed     83.77%
  14  KU198478                                0.00%    passed     84.70%
  15  KX036361                                0.00%    passed     80.05%
  16  KX036362                                0.00%    passed     78.53%
  17  KX036364                                0.00%    passed     81.25%
  18  KX036365                                0.00%    passed     86.11%
  19  KX036366                                0.00%    passed     82.87%
  20  KX954123                                0.00%    passed     69.39%
  21  LT598537                                0.00%    passed     77.58%
  22  LT598538                                0.00%    passed     82.56%
  23  LT598539                                0.00%    passed     75.66%
  24  LT598540                                0.00%    passed     76.33%
  25  LT598541                                0.00%    passed     82.88%
  26  LT598543                                0.00%    passed     84.70%
  27  LT909550                                0.00%    passed     65.76%
  28  MG458313                                0.00%    passed     67.77%
  29  MN233885                                0.00%    passed     75.04%
  30  MN233886                                0.00%    passed     78.27%
  31  MN233892                                0.00%    passed     79.24%
  32  MN233896                                0.00%    passed     80.47%
  33  MN233900                                0.00%    passed     78.09%
  34  MN233948                                0.00%    passed     81.62%
  35  MN233949                                0.00%    passed     73.32%
  36  MN233950                                0.00%    passed     75.04%
  37  MN233952                                0.00%    passed     76.79%
  38  MN233953                                0.00%    passed     76.71%
  39  MN233955                                0.00%    passed     78.53%
  40  MN233956                                0.00%    passed     86.11%
  41  MN233958                                0.00%    passed     76.79%
  42  MN233960                                0.00%    passed     78.39%
  43  MN233963                                0.00%    passed     74.14%
  44  MN233967                                0.00%    passed     75.87%
  45  MN233968                                0.00%    passed     78.53%
  46  MN233969                                0.00%    passed     75.04%
  47  MN233973                                0.00%    passed     83.77%
  48  MN233974                                0.00%    passed     78.39%
  49  MN233975                                0.00%    passed     77.71%
  50  MN233977                                0.00%    passed     76.83%
  51  MN233978                                0.00%    passed     83.61%
  52  MN233982                                0.00%    passed     75.37%
  53  MN233985                                0.00%    passed     74.14%
  54  MN233988                                0.00%    passed     76.33%
  55  MN233991                                0.00%    passed     87.82%
  56  MN233992                                0.00%    passed     81.76%
  57  MN233998                                0.00%    passed     81.03%
  58  MN234000                                0.00%    passed     79.96%
  59  MN234002                                0.00%    passed     81.03%
  60  MN234004                                0.00%    passed     79.99%
  61  MN234008                                0.00%    passed     81.03%
  62  MN234016                                0.00%    passed     82.87%
  63  MN234017                                0.00%    passed     75.04%
  64  MN234018                                0.00%    passed     74.75%
  65  MN234023                                0.00%    passed     79.24%
  66  MN234043                                0.00%    passed     83.77%
  67  MN234046                                0.00%    passed     84.98%
  68  MN234055                                0.00%    passed     77.71%
  69  MN384717                                0.00%    passed     77.58%
  70  DQ666289                                0.00%    passed     92.07%
  71  DQ666290                                0.00%    passed     84.59%
  72  DQ866105                                0.00%    passed     93.79%
  73  DQ866106                                0.00%    passed     81.51%
  74  DQ866108                                0.00%    passed     82.21%
  75  DQ866109                                0.00%    passed     80.41%
  76  DQ866110                                0.00%    passed     92.64%
  77  DQ866112                                0.00%    passed     87.01%
  78  DQ866116                                0.00%    passed     93.98%
  79  DQ866119                                0.00%    passed     88.89%
  80  EU086182                                0.00%    passed     84.98%
  81  EU086183                                0.00%    passed     80.41%
  82  EU828653                                0.00%    passed     84.69%
  83  FJ561726                                0.00%    passed     93.89%
  84  FJ561727                                0.00%    passed     92.38%
  85  FJ561728                                0.00%    passed     94.04%
  86  FJ866829                                0.00%    passed     89.38%
  87  FJ866830                                0.00%    passed     93.95%
  88  FJ866831                                0.00%    passed     91.87%
  89  GQ472468                                0.00%    passed     85.53%
  90  GQ472470                                0.00%    passed     77.23%
  91  GQ472473                                0.00%    passed     81.13%
  92  GQ472477                                0.00%    passed     85.82%
  93  GU358653                                0.00%    passed     79.11%
  94  HM486355                                0.00%    passed     99.87%
  95  HM486356                                0.00%    passed     99.97%
  96  HM486368                                0.00%    passed     89.50%
  97  HM486369                                0.00%    passed     99.70%
  98  HM486374                                0.00%    passed     99.88%
  99  HM486379                                0.00%    passed     99.83%
 100  HM486381                                0.00%    passed     94.13%
 101  JF819605                                0.00%    passed     98.43%
 102  JF819615                                0.00%    passed     99.70%
 103  JN974823                                0.00%    passed     95.69%
 104  JN974824                                0.00%    passed     93.34%
 105  JN974828                                0.00%    passed     82.21%
 106  JN974829                                0.00%    passed     82.21%
 107  JN974838                                0.00%    passed     94.29%
 108  JN974842                                0.00%    passed     91.22%
 109  JN974845                                0.00%    passed     95.45%
 110  JN974870                                0.00%    passed     99.71%
 111  JN974871                                0.00%    passed     98.75%
 112  JN974872                                0.00%    passed     99.77%
 113  JN974873                                0.00%    passed     99.22%
 114  JQ970480                                0.00%    passed     95.69%
 115  KT221107                                0.00%    passed     96.60%
 116  KT894558                                0.00%    passed     91.69%
 117  KT894572                                0.00%    passed     93.60%
 118  KT894573                                0.00%    passed     98.04%
 119  KT894577                                0.00%    passed     79.61%
 120  KT894578                                0.00%    passed     76.11%
 121  KX148264                                0.00%    passed     79.11%
 122  KY451767                                0.00%    passed     93.75%
 123  MG201879                                0.00%    passed     82.62%
 124  MG201880                                0.00%    passed     81.13%
 125  MG201884                                0.00%    passed     82.21%
 126  MG201919                                0.00%    passed     80.64%
 127  MG201921                                0.00%    passed     78.34%
 128  MN784132                                0.00%    passed     94.99%
 129  FJ598135                                0.00%    passed     95.37%
 130  FJ712195                                0.00%    passed     97.85%
 131  FJ712196                                0.00%    passed     92.96%
 132  FJ719751                                0.00%    passed     97.33%
 133  FJ719753                                0.00%    passed     95.58%
 134  FJ719755                                0.00%    passed     91.55%
 135  GU647092                                0.00%    passed     94.75%
 136  HQ118114                                0.00%    passed     94.90%
 137  JN974877                                0.00%    passed     96.00%
 138  JQ950446                                0.00%    passed     84.98%
 139  JQ950448                                0.00%    passed     90.60%
 140  KF726852                                0.00%    passed     83.73%
 141  KP319185                                0.00%    passed     93.59%
 142  KP319186                                0.00%    passed     97.33%
 143  KP319187                                0.00%    passed     94.51%
 144  KP319188                                0.00%    passed     96.33%
 145  KP319191                                0.00%    passed     93.13%
 146  KP319193                                0.00%    passed     93.36%
 147  KP319194                                0.00%    passed     90.08%
 148  KP319195                                0.00%    passed     87.72%
 149  KP319199                                0.00%    passed     97.91%
 150  KP319201                                0.00%    passed     98.30%
 151  KP319203                                0.00%    passed     83.60%
 152  KP319204                                0.00%    passed     86.85%
 153  KP319205                                0.00%    passed     92.72%
 154  KP319206                                0.00%    passed     98.56%
 155  KP319207                                0.00%    passed     98.95%
 156  MT068612                                0.00%    passed     98.16%
 157  MT068615                                0.00%    passed     90.27%
 158  AY854505                                0.00%    passed     82.59%
 159  AY854525                                0.00%    passed     85.27%
 160  AY854531                                0.00%    passed     96.85%
 161  AY854544                                0.00%    passed     98.51%
 162  AY854546                                0.00%    passed     98.92%
 163  AY854558                                0.00%    passed     92.45%
 164  AY854567                                0.00%    passed     97.60%
 165  AY854573                                0.00%    passed     99.50%
 166  AY854576                                0.00%    passed     92.44%
 167  AB284509                                0.00%    passed     96.55%
 168  AB284511                                0.00%    passed     96.73%
 169  AB284512                                0.00%    passed     98.29%
 170  AB284513                                0.00%    passed     95.90%
 171  AB284514                                0.00%    passed     98.29%
 172  EU853582                                0.00%    passed     98.74%
 173  EU853584                                0.00%    passed     91.35%
 174  EU853586                                0.00%    passed     89.92%
 175  EU853587                                0.00%    passed     97.12%
 176  EU853590                                0.00%    passed     95.99%
 177  HM179504                                0.00%    passed     81.96%
 178  HM179505                                0.00%    passed     84.44%
 179  HM179506                                0.00%    passed     91.50%
 180  KF155002                                0.00%    passed     95.19%
 181  KR534217                                0.00%    passed     91.94%
 182  KR534218                                0.00%    passed     91.93%
 183  KR534219                                0.00%    passed     97.60%
 184  KR534228                                0.00%    passed     98.64%
 185  KR534229                                0.00%    passed     94.44%
 186  KR534230                                0.00%    passed     99.02%
 187  KR534233                                0.00%    passed     92.90%
 188  KR534238                                0.00%    passed     97.98%
 189  KR534244                                0.00%    passed     92.81%
 190  KR534250                                0.00%    passed     87.98%
 191  KR534251                                0.00%    passed     98.42%
 192  KR534252                                0.00%    passed     97.47%
 193  KR534253                                0.00%    passed     93.82%
 194  KR906735                                0.00%    passed     96.73%
 195  KR906736                                0.00%    passed     96.71%
 196  KR906739                                0.00%    passed     97.01%
 197  KR906741                                0.00%    passed     97.65%
 198  KR906742                                0.00%    passed     96.19%
 199  KR906744                                0.00%    passed     97.22%
 200  KR906745                                0.00%    passed     96.05%
 201  KR906746                                0.00%    passed     90.80%
 202  KR906747                                0.00%    passed     91.57%
 203  KR906748                                0.00%    passed     85.52%
 204  KR906749                                0.00%    passed     96.51%
 205  KR906751                                0.00%    passed     87.92%
 206  KR906756                                0.00%    passed     92.45%
 207  KR906757                                0.00%    passed     87.92%
 208  KR906759                                0.00%    passed     98.52%
 209  KR906762                                0.00%    passed     96.26%
 210  KR906763                                0.00%    passed     94.92%
 211  KR906765                                0.00%    passed     96.55%
 212  KR906766                                0.00%    passed     95.16%
 213  KR906767                                0.00%    passed     96.05%
 214  KR906770                                0.00%    passed     99.45%
 215  KR906773                                0.00%    passed     91.94%
 216  KR906780                                0.00%    passed     91.94%
 217  KR906784                                0.00%    passed     99.74%
 218  KR906790                                0.00%    passed     98.83%
 219  KR906792                                0.00%    passed     81.64%
 220  KT336432                                0.00%    passed     91.94%
 221  KT336433                                0.00%    passed     93.28%
 222  KT336434                                0.00%    passed     70.38%
 223  KT336435                                0.00%    passed     85.72%
 224  KT336436                                0.00%    passed     93.24%
 225  KT336437                                0.00%    passed     90.31%
 226  KX148203                                0.00%    passed     89.71%
 227  KX148204                                0.00%    passed     94.72%
 228  KX148206                                0.00%    passed     98.24%
 229  KX148208                                0.00%    passed     99.94%
 230  KY210224                                0.00%    passed     84.99%
 231  KY210243                                0.00%    passed     93.41%
 232  KY210247                                0.00%    passed     93.41%
 233  KY210249                                0.00%    passed     90.59%
 234  KY210253                                0.00%    passed     97.07%
 235  KY210263                                0.00%    passed     99.21%
 236  KY210264                                0.00%    passed     99.61%
 237  KY210279                                0.00%    passed     99.74%
 238  KY210287                                0.00%    passed     90.81%
 239  KY210304                                0.00%    passed     99.46%
 240  KY563717                                0.00%    passed     69.34%
 241  LC029890                                0.00%    passed     98.77%
 242  MN726804                                0.00%    passed     96.26%
 243  MN726826                                0.00%    passed     96.13%
 244  MN726827                                0.00%    passed     95.52%
 245  MT454631                                0.00%    passed     89.68%
 246  MT454635                                0.00%    passed     94.64%
 247  MT454637                                0.00%    passed     87.04%
 248  MT454641                                0.00%    passed     93.82%
 249  MT454643                                0.00%    passed     97.01%
 250  MT454644                                0.00%    passed     88.72%
 251  MT454645                                0.00%    passed     97.66%
 252  OK317992                                0.00%    passed     99.30%
 253  OK317993                                0.00%    passed     95.02%
 254  OK317995                                0.00%    passed     97.50%
 255  OK317996                                0.00%    passed     97.50%
 256  OK317998                                0.00%    passed     97.93%
 257  OK317999                                0.00%    passed     98.79%
 258  OP375406                                0.00%    passed     94.38%
 259  OP375407                                0.00%    passed     97.54%
 260  OP375410                                0.00%    passed     92.22%
 261  OP375413                                0.00%    passed     94.38%
 262  OP375414                                0.00%    passed     92.74%
 263  OP375415                                0.00%    passed     93.82%
 264  OP375418                                0.00%    passed     94.38%
 265  OP375421                                0.00%    passed     92.81%
 266  OP375423                                0.00%    passed     95.33%
 267  OR045939                                0.00%    passed     89.40%
 268  OR045949                                0.00%    passed     88.18%
 269  OR270973                                0.00%    passed     89.04%
 270  OR270979                                0.00%    passed     92.50%
 271  OR270997                                0.00%    passed     91.35%
 272  OR270998                                0.00%    passed     92.75%
 273  OR270999                                0.00%    passed     91.68%
 274  OR271001                                0.00%    passed     91.35%
 275  OR271003                                0.00%    passed     92.75%
 276  PV855388                                0.00%    passed     85.11%
 277  PV855390                                0.00%    passed     86.05%
 278  PV855392                                0.00%    passed     86.97%
 279  PV855393                                0.00%    passed     87.32%
 280  PV855394                                0.00%    passed     85.11%
 281  PV855397                                0.00%    passed     86.97%
 282  PV855415                                0.00%    passed     88.55%
 283  EU345002                                0.00%    passed     97.49%
 284  EU345003                                0.00%    passed     99.03%
 285  EU345004                                0.00%    passed     95.05%
 286  JQ685938                                0.00%    passed     99.08%
 287  JQ685968                                0.00%    passed     96.92%
 288  MW055084                                0.00%    passed     97.99%
 289  MW055085                                0.00%    passed     96.73%
 290  MW055086                                0.00%    passed     98.51%
 291  MW055087                                0.00%    passed     98.71%
 292  AB519642                                0.00%    passed     92.81%
 293  AF070449                                0.00%    passed     91.90%
 294  AF351847                                0.00%    passed     95.00%
 295  AF351852                                0.00%    passed     87.12%
 296  AY854587                                0.00%    passed     87.21%
 297  AY854592                                0.00%    passed     99.19%
 298  AY854594                                0.00%    passed     99.55%
 299  AY877433                                0.00%    passed     95.55%
 300  AY877434                                0.00%    passed     93.71%
 301  AY877435                                0.00%    passed     94.40%
 302  GU592648                                0.00%    passed     86.72%
 303  KF656696                                0.00%    passed     97.63%
 304  KF864234                                0.00%    passed     94.14%
 305  KF864322                                0.00%    passed     94.18%
 306  KF864397                                0.00%    passed     83.91%
 307  KM594040                                0.00%    passed     91.99%
 308  KM594041                                0.00%    passed     73.48%
 309  KM594042                                0.00%    passed     97.49%
 310  KP202393                                0.00%    passed     91.84%
 311  KT023101                                0.00%    passed     66.33%
 312  MN968374                                0.00%    passed     99.84%
 313  MN968375                                0.00%    passed     99.55%
 314  MN968377                                0.00%    passed     99.76%
 315  MN968386                                0.00%    passed     99.38%
 316  MT891038                                0.00%    passed     90.02%
 317  MW249020                                0.00%    passed     98.44%
 318  MW579786                                0.00%    passed     79.25%
 319  MW579820                                0.00%    passed     82.12%
 320  MW579824                                0.00%    passed     93.98%
 321  MW579833                                0.00%    passed     78.00%
 322  PQ379829                                0.00%    passed     98.56%
 323  PQ379831                                0.00%    passed     73.37%
 324  PQ379832                                0.00%    passed     99.29%
 325  PQ379834                                0.00%    passed     99.63%
 326  PQ379836                                0.00%    passed     99.53%
 327  PQ379849                                0.00%    passed     94.85%
 328  PQ510120                                0.00%    passed     92.56%
 329  PQ603086                                0.00%    passed     99.36%
 330  PQ671599                                0.00%    passed     73.23%
 331  PQ671601                                0.00%    passed     54.26%
 332  AF351849                                0.00%    passed     72.75%
 333  AF394876                                0.00%    passed     84.78%
 334  GU644760                                0.00%    passed     68.33%
 335  GU644761                                0.00%    passed     78.57%
 336  GU644762                                0.00%    passed     72.76%
 337  GU644763                                0.00%    passed     74.62%
 338  GU644764                                0.00%    passed     68.33%
 339  GU644765                                0.00%    passed     63.08%
 340  GU644766                                0.00%    passed     65.31%
 341  GU644767                                0.00%    passed     67.25%
 342  GU644768                                0.00%    passed     67.43%
 343  GU644769                                0.00%    passed     57.85%
 344  GU644770                                0.00%    passed     76.31%
 345  GU644771                                0.00%    passed     81.33%
 346  GU644772                                0.00%    passed     70.05%
 347  GU644773                                0.00%    passed     67.25%
 348  GU644774                                0.00%    passed     67.43%
 349  GU644775                                0.00%    passed     64.11%
 350  GU644776                                0.00%    passed     62.18%
 351  GU644777                                0.00%    passed     72.32%
 352  GU644778                                0.00%    passed     72.32%
 353  GU644779                                0.00%    passed     67.43%
 354  GU644780                                0.00%    passed     78.57%
 355  GU644781                                0.00%    passed     73.85%
 356  GU644782                                0.00%    passed     81.33%
 357  GU644784                                0.00%    passed     72.76%
 358  GU644785                                0.00%    passed     64.92%
 359  GU644786                                0.00%    passed     79.43%
 360  GU644787                                0.00%    passed     70.66%
 361  GU644788                                0.00%    passed     74.62%
 362  JQ685905                                0.00%    passed     75.60%
 363  AF351828                                0.00%    passed     93.66%
 364  AF351831                                0.00%    passed     92.56%
 365  AF351832                                0.00%    passed     88.76%
 366  AF351833                                0.00%    passed     92.06%
 367  AF351855                                0.00%    passed     83.55%
 368  AF351861                                0.00%    passed     98.48%
 369  AF351862                                0.00%    passed     91.56%
 370  AY039227                                0.00%    passed     87.75%
 371  AY039228                                0.00%    passed     90.41%
 372  AY039229                                0.00%    passed     88.77%
 373  GU644652                                0.00%    passed     96.11%
 374  GU644654                                0.00%    passed     85.77%
 375  GU644655                                0.00%    passed     90.41%
 376  GU644656                                0.00%    passed     88.25%
 377  GU644657                                0.00%    passed     92.38%
 378  GU644658                                0.00%    passed     84.66%
 379  GU644659                                0.00%    passed     85.86%
 380  GU644660                                0.00%    passed     96.62%
 381  GU644661                                0.00%    passed     90.94%
 382  GU644662                                0.00%    passed     94.70%
 383  GU644663                                0.00%    passed     95.10%
 384  GU644664                                0.00%    passed     97.15%
 385  GU644665                                0.00%    passed     90.46%
 386  GU644666                                0.00%    passed     95.02%
 387  GU644667                                0.00%    passed     90.09%
 388  GU644668                                0.00%    passed     92.78%
 389  GU644669                                0.00%    passed     93.10%
 390  GU644670                                0.00%    passed     96.23%
 391  GU644671                                0.00%    passed     87.70%
 392  GU644676                                0.00%    passed     91.07%
 393  GU644677                                0.00%    passed     91.03%
 394  GU644684                                0.00%    passed     89.48%
 395  GU644689                                0.00%    passed     89.48%
 396  GU644690                                0.00%    passed     90.02%
 397  GU644695                                0.00%    passed     90.02%
 398  AF351845                                0.00%    passed     99.25%
 399  AF351846                                0.00%    passed     96.10%
 400  AF351858                                0.00%    passed     92.50%
 401  AF394883                                0.00%    passed     98.92%
 402  AF394884                                0.00%    passed     99.26%
 403  GU644712                                0.00%    passed     96.25%
 404  GU644713                                0.00%    passed     96.05%
 405  GU644714                                0.00%    passed     95.51%
 406  GU644715                                0.00%    passed     97.93%
 407  GU644716                                0.00%    passed     96.25%
 408  GU644717                                0.00%    passed     98.23%
 409  GU644718                                0.00%    passed     97.93%
 410  GU644719                                0.00%    passed     96.61%
 411  GU644720                                0.00%    passed     97.54%
 412  GU644721                                0.00%    passed     98.24%
 413  JQ685947                                0.00%    passed     98.23%
 414  Gannoruwa_bat_lyssavirus_NC_031988.1    0.00%    passed     93.41%
****  TOTAL                                   0.00%  0 sequences failed composition chi2 test (p-value<5%; df=3)


Create initial parsimony tree by phylogenetic likelihood library (PLL)... 0.038 seconds
NOTE: ModelFinder requires 92 MB RAM!
ModelFinder will test 286 DNA models (sample size: 1353) ...
 No. Model         -LnL         df  AIC          AICc         BIC
  1  JC            23897.247    825 49444.494    52030.642    53742.810
  2  JC+I          22447.496    826 46546.991    49144.337    50850.517
  3  JC+G4         22197.668    826 46047.336    48644.682    50350.862
  4  JC+I+G4       22184.652    827 46023.304    48631.898    50332.039
  5  JC+R2         22310.742    827 46275.485    48884.079    50584.221
  6  JC+R3         22200.045    829 46058.090    48689.333    50377.246
  7  JC+R4         22170.375    831 46002.750    48656.846    50332.326
  8  JC+R5         22168.075    833 46002.149    48679.305    50342.146
 14  F81+F         23918.286    828 49492.572    52112.465    53806.518
 15  F81+F+I       22467.197    829 46592.393    49223.636    50911.549
 16  F81+F+G4      22224.798    829 46107.597    48738.839    50426.753
 17  F81+F+I+G4    22209.767    830 46079.535    48722.178    50403.901
 18  F81+F+R2      22299.010    830 46258.020    48900.663    50582.386
 19  F81+F+R3      22195.573    832 46055.146    48720.746    50389.933
 20  F81+F+R4      22194.842    834 46057.684    48746.448    50402.890
 27  K2P           22330.145    826 46312.289    48909.635    50615.815
 28  K2P+I         20835.317    827 43324.634    45933.229    47633.370
 29  K2P+G4        20556.110    827 42766.220    45374.814    47074.955
 30  K2P+I+G4      20538.495    828 42732.989    45352.882    47046.935
 31  K2P+R2        20621.824    828 42899.649    45519.542    47213.595
 32  K2P+R3        20525.788    830 42711.576    45354.220    47035.942
 33  K2P+R4        20525.050    832 42714.099    45379.699    47048.886
 40  HKY+F         22344.860    829 46347.720    48978.963    50666.877
 41  HKY+F+I       20842.337    830 43344.674    45987.318    47669.040
 42  HKY+F+G4      20545.193    830 42750.386    45393.030    47074.752
 43  HKY+F+I+G4    20526.454    831 42714.908    45369.004    47044.484
 44  HKY+F+R2      20598.783    831 42859.567    45513.663    47189.143
 45  HKY+F+R3      20513.690    833 42693.381    45370.537    47033.377
 46  HKY+F+R4      20513.033    835 42696.066    45396.491    47046.482
 53  TNe           22295.305    827 46244.611    48853.205    50553.347
 54  TNe+I         20804.104    828 43264.207    45884.101    47578.153
 55  TNe+G4        20550.604    828 42757.208    45377.101    47071.154
 56  TNe+I+G4      20526.104    829 42710.207    45341.450    47029.363
 57  TNe+R2        20591.997    829 42841.994    45473.237    47161.150
 58  TNe+R3        20515.125    831 42692.249    45346.345    47021.826
 59  TNe+R4        20513.990    833 42693.980    45371.136    47033.977
 66  TN+F          22274.923    830 46209.846    48852.490    50534.212
 67  TN+F+I        20781.006    831 43224.013    45878.109    47553.589
 68  TN+F+G4       20525.903    831 42713.807    45367.903    47043.383
 69  TN+F+I+G4     20496.543    832 42657.085    45322.685    46991.872
 70  TN+F+R2       20562.031    832 42788.063    45453.663    47122.849
 71  TN+F+R3       20485.683    834 42639.365    45328.130    46984.572
 72  TN+F+R4       20484.436    836 42640.873    45353.012    46996.499
 79  K3P           22301.825    827 46257.649    48866.244    50566.385
 80  K3P+I         20803.799    828 43263.598    45883.492    47577.544
 81  K3P+G4        20524.161    828 42704.322    45324.216    47018.268
 82  K3P+I+G4      20506.659    829 42671.319    45302.561    46990.475
 83  K3P+R2        20553.821    829 42765.643    45396.885    47084.799
 84  K3P+R3        20494.114    831 42650.227    45304.323    46979.804
 85  K3P+R4        20490.066    833 42646.131    45323.287    46986.128
 92  K3Pu+F        22314.053    830 46288.106    48930.750    50612.472
 93  K3Pu+F+I      20808.466    831 43278.933    45933.028    47608.509
 94  K3Pu+F+G4     20510.565    831 42683.131    45337.227    47012.707
 95  K3Pu+F+I+G4   20491.561    832 42647.121    45312.721    46981.908
 96  K3Pu+F+R2     20540.082    832 42744.163    45409.763    47078.949
 97  K3Pu+F+R3     20478.606    834 42625.211    45313.976    46970.418
 98  K3Pu+F+R4     20474.668    836 42621.336    45333.476    46976.963
105  TPM2+F        22326.461    830 46312.923    48955.566    50637.289
106  TPM2+F+I      20828.840    831 43319.680    45973.776    47649.257
107  TPM2+F+G4     20532.994    831 42727.987    45382.083    47057.564
108  TPM2+F+I+G4   20515.109    832 42694.219    45359.819    47029.005
109  TPM2+F+R2     20560.092    832 42784.183    45449.783    47118.970
110  TPM2+F+R3     20501.796    834 42671.593    45360.357    47016.799
111  TPM2+F+R4     20497.579    836 42667.157    45379.297    47022.784
118  TPM2u+F       22326.515    830 46313.029    48955.673    50637.395
119  TPM2u+F+I     20828.896    831 43319.793    45973.889    47649.369
120  TPM2u+F+G4    20533.055    831 42728.111    45382.207    47057.687
121  TPM2u+F+I+G4  20515.171    832 42694.341    45359.941    47029.127
122  TPM2u+F+R2    20559.981    832 42783.962    45449.562    47118.749
123  TPM2u+F+R3    20501.756    834 42671.511    45360.276    47016.718
124  TPM2u+F+R4    20497.405    836 42666.811    45378.950    47022.437
131  TPM3+F        22344.837    830 46349.674    48992.317    50674.040
132  TPM3+F+I      20842.163    831 43346.325    46000.421    47675.901
133  TPM3+F+G4     20545.207    831 42752.414    45406.510    47081.990
134  TPM3+F+I+G4   20526.477    832 42716.955    45382.555    47051.741
135  TPM3+F+R2     20571.884    832 42807.767    45473.367    47142.553
136  TPM3+F+R3     20512.661    834 42693.323    45382.087    47038.529
137  TPM3+F+R4     20508.618    836 42689.236    45401.375    47044.862
144  TPM3u+F       22344.854    830 46349.708    48992.352    50674.074
145  TPM3u+F+I     20842.181    831 43346.362    46000.458    47675.938
146  TPM3u+F+G4    20545.227    831 42752.455    45406.551    47082.031
147  TPM3u+F+I+G4  20526.498    832 42716.995    45382.595    47051.781
148  TPM3u+F+R2    20571.790    832 42807.579    45473.179    47142.366
149  TPM3u+F+R3    20512.643    834 42693.286    45382.050    47038.492
150  TPM3u+F+R4    20508.544    836 42689.088    45401.228    47044.715
157  TIMe          22266.892    828 46189.784    48809.677    50503.730
158  TIMe+I        20772.520    829 43203.040    45834.283    47522.196
159  TIMe+G4       20518.595    829 42695.190    45326.433    47014.346
160  TIMe+I+G4     20494.304    830 42648.608    45291.252    46972.974
161  TIMe+R2       20544.173    830 42748.346    45390.989    47072.712
162  TIMe+R3       20483.399    832 42630.798    45296.398    46965.584
163  TIMe+R4       20479.215    834 42626.431    45315.195    46971.637
170  TIM+F         22244.043    831 46150.085    48804.181    50479.661
171  TIM+F+I       20747.178    832 43158.357    45823.957    47493.143
172  TIM+F+G4      20491.187    832 42646.374    45311.974    46981.160
173  TIM+F+I+G4    20461.808    833 42589.617    45266.773    46929.613
174  TIM+F+R2      20517.005    833 42700.010    45377.166    47040.006
175  TIM+F+R3      20451.307    835 42572.613    45273.039    46923.030
176  TIM+F+R4      20447.040    837 42568.080    45291.987    46928.917
183  TIM2e         22268.004    828 46192.007    48811.900    50505.953
184  TIM2e+I       20782.785    829 43223.571    45854.813    47542.727
185  TIM2e+G4      20527.848    829 42713.696    45344.938    47032.852
186  TIM2e+I+G4    20504.185    830 42668.371    45311.015    46992.737
187  TIM2e+R2      20553.059    830 42766.118    45408.761    47090.484
188  TIM2e+R3      20492.950    832 42649.900    45315.500    46984.686
189  TIM2e+R4      20488.536    834 42645.073    45333.837    46990.279
196  TIM2+F        22256.604    831 46175.207    48829.303    50504.783
197  TIM2+F+I      20767.341    832 43198.681    45864.281    47533.467
198  TIM2+F+G4     20513.457    832 42690.914    45356.514    47025.700
199  TIM2+F+I+G4   20484.801    833 42635.603    45312.759    46975.599
200  TIM2+F+R2     20538.508    833 42743.016    45420.172    47083.012
201  TIM2+F+R3     20473.677    835 42617.353    45317.779    46967.770
202  TIM2+F+R4     20469.400    837 42612.801    45336.708    46973.637
209  TIM3e         22293.554    828 46243.108    48863.001    50557.054
210  TIM3e+I       20801.913    829 43261.826    45893.068    47580.982
211  TIM3e+G4      20549.020    829 42756.039    45387.282    47075.195
212  TIM3e+I+G4    20524.372    830 42708.744    45351.388    47033.110
213  TIM3e+R2      20573.119    830 42806.238    45448.882    47130.604
214  TIM3e+R3      20512.248    832 42688.496    45354.096    47023.283
215  TIM3e+R4      20508.312    834 42684.624    45373.389    47029.831
222  TIM3+F        22275.107    831 46212.214    48866.310    50541.791
223  TIM3+F+I      20781.028    832 43226.055    45891.655    47560.842
224  TIM3+F+G4     20526.157    832 42716.314    45381.914    47051.100
225  TIM3+F+I+G4   20496.749    833 42659.497    45336.653    46999.493
226  TIM3+F+R2     20550.252    833 42766.505    45443.661    47106.501
227  TIM3+F+R3     20484.989    835 42639.979    45340.404    46990.395
228  TIM3+F+R4     20480.932    837 42635.865    45359.772    46996.701
235  TVMe          22257.904    829 46173.807    48805.050    50492.963
236  TVMe+I        20766.710    830 43193.420    45836.064    47517.786
237  TVMe+G4       20487.486    830 42634.972    45277.615    46959.338
238  TVMe+I+G4     20471.090    831 42604.180    45258.276    46933.756
239  TVMe+R2       20513.186    831 42688.371    45342.467    47017.948
240  TVMe+R3       20459.024    833 42584.048    45261.204    46924.045
241  TVMe+R4       20452.928    835 42575.856    45276.282    46926.273
248  TVM+F         22281.898    832 46227.796    48893.396    50562.582
249  TVM+F+I       20781.645    833 43229.291    45906.447    47569.287
250  TVM+F+G4      20487.602    833 42641.205    45318.361    46981.201
251  TVM+F+I+G4    20470.044    834 42608.088    45296.852    46953.294
252  TVM+F+R2      20514.618    834 42697.235    45386.000    47042.441
253  TVM+F+R3      20457.512    836 42587.023    45299.163    46942.650
254  TVM+F+R4      20451.707    838 42579.413    45315.141    46945.460
261  SYM           22222.764    830 46105.527    48748.171    50429.893
262  SYM+I         20734.847    831 43131.693    45785.789    47461.269
263  SYM+G4        20481.764    831 42625.527    45279.623    46955.103
264  SYM+I+G4      20458.499    832 42580.997    45246.597    46915.783
265  SYM+R2        20507.781    832 42679.563    45345.163    47014.349
266  SYM+R3        20448.195    834 42564.389    45253.154    46909.596
267  SYM+R4        20442.706    836 42557.413    45269.552    46913.039
274  GTR+F         22211.436    833 46088.871    48766.028    50428.868
275  GTR+F+I       20719.609    834 43107.217    45795.981    47452.423
276  GTR+F+G4      20467.297    834 42602.593    45291.358    46947.799
277  GTR+F+I+G4    20439.208    835 42548.416    45248.841    46898.832
278  GTR+F+R2      20493.277    835 42656.554    45356.980    47006.971
279  GTR+F+R3      20429.354    837 42532.708    45256.615    46893.544
280  GTR+F+R4      20424.075    839 42526.150    45273.753    46897.407
Akaike Information Criterion:           GTR+F+R4
Corrected Akaike Information Criterion: SYM+I+G4
Bayesian Information Criterion:         GTR+F+R3
Best-fit model: GTR+F+R3 chosen according to BIC

All model information printed to all_seqs.fasta.model.gz
CPU time for ModelFinder: 174.735 seconds (0h:2m:54s)
Wall-clock time for ModelFinder: 174.934 seconds (0h:2m:54s)
Generating 1000 samples for ultrafast bootstrap (seed: 549364)...

NOTE: 29 MB RAM (0 GB) is required!
Estimate model parameters (epsilon = 0.100)
1. Initial log-likelihood: -22564.242
2. Current log-likelihood: -20589.339
3. Current log-likelihood: -20537.083
4. Current log-likelihood: -20517.246
5. Current log-likelihood: -20505.316
6. Current log-likelihood: -20497.642
7. Current log-likelihood: -20495.485
8. Current log-likelihood: -20493.037
9. Current log-likelihood: -20491.210
10. Current log-likelihood: -20489.155
11. Current log-likelihood: -20487.597
12. Current log-likelihood: -20485.574
13. Current log-likelihood: -20484.218
14. Current log-likelihood: -20482.478
15. Current log-likelihood: -20481.442
16. Current log-likelihood: -20479.945
17. Current log-likelihood: -20478.515
18. Current log-likelihood: -20477.191
19. Current log-likelihood: -20476.033
20. Current log-likelihood: -20474.978
21. Current log-likelihood: -20474.042
22. Current log-likelihood: -20473.180
23. Current log-likelihood: -20472.396
24. Current log-likelihood: -20471.830
25. Current log-likelihood: -20471.204
26. Current log-likelihood: -20470.613
27. Current log-likelihood: -20470.064
28. Current log-likelihood: -20469.622
29. Current log-likelihood: -20469.292
30. Current log-likelihood: -20468.985
31. Current log-likelihood: -20468.788
32. Current log-likelihood: -20468.503
33. Current log-likelihood: -20468.221
34. Current log-likelihood: -20468.025
35. Current log-likelihood: -20467.846
36. Current log-likelihood: -20467.669
Optimal log-likelihood: -20467.577
Rate parameters:  A-C: 1.37383  A-G: 6.97790  A-T: 0.73256  C-G: 0.21868  C-T: 9.82502  G-T: 1.00000
Base frequencies:  A: 0.295  C: 0.206  G: 0.238  T: 0.261
Site proportion and rates:  (0.624,0.128) (0.159,1.551) (0.217,3.101)
Parameters optimization took 36 rounds (16.349 sec)
Computing ML distances based on estimated model parameters... 0.940 sec
Computing BIONJ tree...
0.117 seconds
Log-likelihood of BIONJ tree: -20786.779
--------------------------------------------------------------------
|             INITIALIZING CANDIDATE TREE SET                      |
--------------------------------------------------------------------
Generating 98 parsimony trees... 4.169 second
Computing log-likelihood of 98 initial trees ... 7.766 seconds
Current best score: -20454.121

Do NNI search on 20 best initial trees
Estimate model parameters (epsilon = 0.100)
BETTER TREE FOUND at iteration 1: -20413.486
Estimate model parameters (epsilon = 0.100)
BETTER TREE FOUND at iteration 2: -20411.068
Iteration 10 / LogL: -20419.087 / Time: 0h:0m:55s
Iteration 20 / LogL: -20420.884 / Time: 0h:1m:9s
Finish initializing candidate tree set (20)
Current best tree score: -20411.068 / CPU time: 51.915
Number of iterations: 20
--------------------------------------------------------------------
|               OPTIMIZING CANDIDATE TREE SET                      |
--------------------------------------------------------------------
Iteration 30 / LogL: -20414.859 / Time: 0h:1m:25s (0h:3m:33s left)
Estimate model parameters (epsilon = 0.100)
BETTER TREE FOUND at iteration 37: -20409.784
Iteration 40 / LogL: -20553.615 / Time: 0h:1m:43s (0h:4m:16s left)
Iteration 50 / LogL: -20471.071 / Time: 0h:1m:58s (0h:3m:29s left)
Log-likelihood cutoff on original alignment: -20454.857
Estimate model parameters (epsilon = 0.100)
BETTER TREE FOUND at iteration 52: -20409.660
Iteration 60 / LogL: -20511.712 / Time: 0h:2m:13s (0h:3m:28s left)
Iteration 70 / LogL: -20436.546 / Time: 0h:2m:29s (0h:2m:58s left)
Iteration 80 / LogL: -20478.784 / Time: 0h:2m:46s (0h:2m:32s left)
Estimate model parameters (epsilon = 0.100)
BETTER TREE FOUND at iteration 87: -20409.560
Iteration 90 / LogL: -20413.129 / Time: 0h:3m:3s (0h:3m:20s left)
Estimate model parameters (epsilon = 0.100)
BETTER TREE FOUND at iteration 93: -20409.468
Estimate model parameters (epsilon = 0.100)
BETTER TREE FOUND at iteration 97: -20409.389
Iteration 100 / LogL: -20434.772 / Time: 0h:3m:20s (0h:3m:16s left)
Log-likelihood cutoff on original alignment: -20454.857
NOTE: Bootstrap correlation coefficient of split occurrence frequencies: 0.996
Estimate model parameters (epsilon = 0.100)
BETTER TREE FOUND at iteration 106: -20409.315
Iteration 110 / LogL: -20491.615 / Time: 0h:3m:38s (0h:3m:12s left)
BETTER TREE FOUND at iteration 111: -20409.312
Iteration 120 / LogL: -20409.336 / Time: 0h:3m:56s (0h:3m:0s left)
BETTER TREE FOUND at iteration 123: -20409.310
Iteration 130 / LogL: -20410.244 / Time: 0h:4m:14s (0h:3m:3s left)
Iteration 140 / LogL: -20414.455 / Time: 0h:4m:30s (0h:2m:41s left)
BETTER TREE FOUND at iteration 142: -20409.307
BETTER TREE FOUND at iteration 146: -20409.305
Iteration 150 / LogL: -20409.308 / Time: 0h:4m:48s (0h:3m:5s left)
Log-likelihood cutoff on original alignment: -20454.857
Iteration 160 / LogL: -20415.966 / Time: 0h:5m:4s (0h:2m:44s left)
Iteration 170 / LogL: -20413.600 / Time: 0h:5m:19s (0h:2m:23s left)
BETTER TREE FOUND at iteration 180: -20409.302
Iteration 180 / LogL: -20409.302 / Time: 0h:5m:37s (0h:3m:8s left)
Iteration 190 / LogL: -20467.955 / Time: 0h:5m:54s (0h:2m:48s left)
Iteration 200 / LogL: -20457.312 / Time: 0h:6m:8s (0h:2m:28s left)
Log-likelihood cutoff on original alignment: -20454.857
NOTE: Bootstrap correlation coefficient of split occurrence frequencies: 0.996
Iteration 210 / LogL: -20626.661 / Time: 0h:6m:27s (0h:2m:46s left)
Iteration 220 / LogL: -20410.245 / Time: 0h:6m:42s (0h:2m:27s left)
Iteration 230 / LogL: -20419.349 / Time: 0h:6m:57s (0h:2m:7s left)
BETTER TREE FOUND at iteration 239: -20409.299
Iteration 240 / LogL: -20413.779 / Time: 0h:7m:15s (0h:3m:0s left)
Iteration 250 / LogL: -20421.546 / Time: 0h:7m:33s (0h:2m:42s left)
Log-likelihood cutoff on original alignment: -20454.857
BETTER TREE FOUND at iteration 257: -20409.296
BETTER TREE FOUND at iteration 259: -20409.292
Iteration 260 / LogL: -20425.280 / Time: 0h:7m:51s (0h:3m:0s left)
BETTER TREE FOUND at iteration 268: -20409.291
Iteration 270 / LogL: -20605.842 / Time: 0h:8m:6s (0h:2m:57s left)
BETTER TREE FOUND at iteration 278: -20409.285
Iteration 280 / LogL: -20456.321 / Time: 0h:8m:23s (0h:2m:56s left)
Iteration 290 / LogL: -20562.946 / Time: 0h:8m:38s (0h:2m:38s left)
Iteration 300 / LogL: -20409.297 / Time: 0h:8m:56s (0h:2m:19s left)
Log-likelihood cutoff on original alignment: -20454.857
NOTE: Bootstrap correlation coefficient of split occurrence frequencies: 0.998
Iteration 310 / LogL: -20417.066 / Time: 0h:9m:14s (0h:2m:41s left)
Iteration 320 / LogL: -20450.432 / Time: 0h:9m:29s (0h:2m:22s left)
Iteration 330 / LogL: -20435.663 / Time: 0h:9m:46s (0h:2m:4s left)
Iteration 340 / LogL: -20412.532 / Time: 0h:10m:1s (0h:1m:46s left)
Iteration 350 / LogL: -20409.289 / Time: 0h:10m:19s (0h:1m:28s left)
Log-likelihood cutoff on original alignment: -20454.857
Iteration 360 / LogL: -20427.697 / Time: 0h:10m:37s (0h:1m:11s left)
BETTER TREE FOUND at iteration 370: -20409.284
Iteration 370 / LogL: -20409.284 / Time: 0h:10m:55s (0h:2m:57s left)
Iteration 380 / LogL: -20893.049 / Time: 0h:11m:12s (0h:2m:39s left)
Iteration 390 / LogL: -20415.643 / Time: 0h:11m:30s (0h:2m:22s left)
BETTER TREE FOUND at iteration 395: -20409.283
Iteration 400 / LogL: -20437.461 / Time: 0h:11m:48s (0h:2m:48s left)
Log-likelihood cutoff on original alignment: -20454.857
NOTE: Bootstrap correlation coefficient of split occurrence frequencies: 0.999
Iteration 410 / LogL: -20733.333 / Time: 0h:12m:5s (0h:2m:39s left)
Iteration 420 / LogL: -20414.071 / Time: 0h:12m:24s (0h:2m:22s left)
BETTER TREE FOUND at iteration 429: -20409.281
Iteration 430 / LogL: -20489.245 / Time: 0h:12m:41s (0h:2m:55s left)
Iteration 440 / LogL: -20409.673 / Time: 0h:12m:59s (0h:2m:38s left)
Iteration 450 / LogL: -20413.122 / Time: 0h:13m:17s (0h:2m:20s left)
Log-likelihood cutoff on original alignment: -20454.857
Iteration 460 / LogL: -20414.493 / Time: 0h:13m:37s (0h:2m:2s left)
Iteration 470 / LogL: -20409.495 / Time: 0h:13m:58s (0h:1m:45s left)
Iteration 480 / LogL: -20489.275 / Time: 0h:14m:16s (0h:1m:27s left)
Iteration 490 / LogL: -20486.890 / Time: 0h:14m:31s (0h:1m:9s left)
Iteration 500 / LogL: -20412.555 / Time: 0h:14m:49s (0h:0m:51s left)
Log-likelihood cutoff on original alignment: -20455.143
NOTE: Bootstrap correlation coefficient of split occurrence frequencies: 0.998
Iteration 510 / LogL: -20432.798 / Time: 0h:15m:7s (0h:2m:40s left)
Iteration 520 / LogL: -20420.350 / Time: 0h:15m:25s (0h:2m:22s left)
Iteration 530 / LogL: -20409.283 / Time: 0h:15m:42s (0h:2m:4s left)
TREE SEARCH COMPLETED AFTER 530 ITERATIONS / Time: 0h:15m:42s

--------------------------------------------------------------------
|                    FINALIZING TREE SEARCH                        |
--------------------------------------------------------------------
Performs final model parameters optimization
Estimate model parameters (epsilon = 0.010)
1. Initial log-likelihood: -20409.281
2. Current log-likelihood: -20409.246
3. Current log-likelihood: -20409.196
4. Current log-likelihood: -20409.146
5. Current log-likelihood: -20409.102
6. Current log-likelihood: -20409.068
7. Current log-likelihood: -20409.039
8. Current log-likelihood: -20409.019
9. Current log-likelihood: -20408.992
10. Current log-likelihood: -20408.974
11. Current log-likelihood: -20408.957
12. Current log-likelihood: -20408.942
13. Current log-likelihood: -20408.927
14. Current log-likelihood: -20408.913
15. Current log-likelihood: -20408.901
16. Current log-likelihood: -20408.890
17. Current log-likelihood: -20408.880
Optimal log-likelihood: -20408.866
Rate parameters:  A-C: 1.34794  A-G: 6.72429  A-T: 0.70548  C-G: 0.20476  C-T: 10.15542  G-T: 1.00000
Base frequencies:  A: 0.295  C: 0.206  G: 0.238  T: 0.261
Site proportion and rates:  (0.599,0.067) (0.256,1.616) (0.144,3.785)
Parameters optimization took 17 rounds (5.425 sec)
BEST SCORE FOUND : -20408.866
Ancestral state probabilities printed to all_seqs.fasta.state
Creating bootstrap support values...
Split supports printed to NEXUS file all_seqs.fasta.splits.nex
Total tree length: 2.942

Total number of iterations: 530
CPU time used for tree search: 920.693 sec (0h:15m:20s)
Wall-clock time used for tree search: 924.933 sec (0h:15m:24s)
Total CPU time used: 944.763 sec (0h:15m:44s)
Total wall-clock time used: 950.003 sec (0h:15m:50s)

Computing bootstrap consensus tree...
Reading input file all_seqs.fasta.splits.nex...
414 taxa and 4949 splits.
Consensus tree written to all_seqs.fasta.contree
Reading input trees file all_seqs.fasta.contree
Log-likelihood of consensus tree: -20408.849

Analysis results written to: 
  IQ-TREE report:                all_seqs.fasta.iqtree
  Maximum-likelihood tree:       all_seqs.fasta.treefile
  Likelihood distances:          all_seqs.fasta.mldist
  Ancestral state:               all_seqs.fasta.state

Ultrafast bootstrap approximation results written to:
  Split support values:          all_seqs.fasta.splits.nex
  Consensus tree:                all_seqs.fasta.contree
  Screen log file:               all_seqs.fasta.log

Date and Time: Mon Mar 23 16:48:09 2026
