IQ-TREE multicore version 1.6.12 for Mac OS X 64-bit built Aug 15 2019
Developed by Bui Quang Minh, Nguyen Lam Tung, Olga Chernomor,
Heiko Schmidt, Dominik Schrempf, Michael Woodhams.

Host:    Rowans-MacBook-Pro.local (SSE4.2, 18 GB RAM)
Command: iqtree -s all_outgroups_aligned.fasta -asr -o NC_009527.1_eblv1,NC_003243.1_ABLV,Gannoruwa_bat_lyssavirus_NC_031988.1 -bb 1000 -redo
Seed:    102017 (Using SPRNG - Scalable Parallel Random Number Generator)
Time:    Tue Apr 14 09:42:46 2026
Kernel:  SSE2 - 1 threads (11 CPU cores detected)

HINT: Use -nt option to specify number of threads because your CPU has 11 cores!
HINT: -nt AUTO will automatically determine the best number of threads to use.

Reading alignment file all_outgroups_aligned.fasta ... Fasta format detected
Alignment most likely contains DNA/RNA sequences
Alignment has 416 sequences with 1427 columns, 693 distinct patterns
568 parsimony-informative, 138 singleton sites, 721 constant sites
                                      Gap/Ambiguity  Composition  p-value
   1  AY352488                                5.19%    passed     64.52%
   2  AY352501                                5.19%    passed     76.82%
   3  JN258588                                5.19%    passed     74.75%
   4  JN258592                                5.19%    passed     65.83%
   5  JX987747                                5.19%    passed     65.92%
   6  KU198460                                5.19%    passed     67.04%
   7  KU198462                                5.19%    passed     72.24%
   8  KU198464                                5.19%    passed     65.92%
   9  KU198466                                5.19%    passed     84.79%
  10  KU198467                                5.19%    passed     74.25%
  11  KU198472                                5.19%    passed     81.93%
  12  KU198476                                5.19%    passed     77.84%
  13  KU198477                                5.19%    passed     83.87%
  14  KU198478                                5.19%    passed     84.80%
  15  KX036361                                5.19%    passed     80.16%
  16  KX036362                                5.19%    passed     78.65%
  17  KX036364                                5.19%    passed     81.35%
  18  KX036365                                5.19%    passed     86.22%
  19  KX036366                                5.19%    passed     82.99%
  20  KX954123                                5.19%    passed     69.52%
  21  LT598537                                5.19%    passed     77.72%
  22  LT598538                                5.19%    passed     82.65%
  23  LT598539                                5.19%    passed     75.77%
  24  LT598540                                5.19%    passed     76.44%
  25  LT598541                                5.19%    passed     82.97%
  26  LT598543                                5.19%    passed     84.80%
  27  LT909550                                5.19%    passed     65.92%
  28  MG458313                                5.19%    passed     67.92%
  29  MN233885                                5.19%    passed     75.17%
  30  MN233886                                5.19%    passed     78.39%
  31  MN233892                                5.19%    passed     79.34%
  32  MN233896                                5.19%    passed     80.57%
  33  MN233900                                5.19%    passed     78.19%
  34  MN233948                                5.19%    passed     81.73%
  35  MN233949                                5.19%    passed     73.45%
  36  MN233950                                5.19%    passed     75.17%
  37  MN233952                                5.19%    passed     76.91%
  38  MN233953                                5.19%    passed     76.82%
  39  MN233955                                5.19%    passed     78.65%
  40  MN233956                                5.19%    passed     86.22%
  41  MN233958                                5.19%    passed     76.91%
  42  MN233960                                5.19%    passed     78.49%
  43  MN233963                                5.19%    passed     74.25%
  44  MN233967                                5.19%    passed     75.97%
  45  MN233968                                5.19%    passed     78.65%
  46  MN233969                                5.19%    passed     75.17%
  47  MN233973                                5.19%    passed     83.87%
  48  MN233974                                5.19%    passed     78.49%
  49  MN233975                                5.19%    passed     77.81%
  50  MN233977                                5.19%    passed     76.92%
  51  MN233978                                5.19%    passed     83.71%
  52  MN233982                                5.19%    passed     75.48%
  53  MN233985                                5.19%    passed     74.25%
  54  MN233988                                5.19%    passed     76.44%
  55  MN233991                                5.19%    passed     87.90%
  56  MN233992                                5.19%    passed     81.87%
  57  MN233998                                5.19%    passed     81.12%
  58  MN234000                                5.19%    passed     80.08%
  59  MN234002                                5.19%    passed     81.12%
  60  MN234004                                5.19%    passed     80.08%
  61  MN234008                                5.19%    passed     81.12%
  62  MN234016                                5.19%    passed     82.99%
  63  MN234017                                5.19%    passed     75.17%
  64  MN234018                                5.19%    passed     74.87%
  65  MN234023                                5.19%    passed     79.34%
  66  MN234043                                5.19%    passed     83.87%
  67  MN234046                                5.19%    passed     85.07%
  68  MN234055                                5.19%    passed     77.81%
  69  MN384717                                5.19%    passed     77.72%
  70  DQ666289                                5.19%    passed     92.02%
  71  DQ666290                                5.19%    passed     84.51%
  72  DQ866105                                5.19%    passed     93.75%
  73  DQ866106                                5.19%    passed     81.41%
  74  DQ866108                                5.19%    passed     82.10%
  75  DQ866109                                5.19%    passed     80.31%
  76  DQ866110                                5.19%    passed     92.56%
  77  DQ866112                                5.19%    passed     86.94%
  78  DQ866116                                5.19%    passed     93.91%
  79  DQ866119                                5.19%    passed     88.81%
  80  EU086182                                5.19%    passed     84.90%
  81  EU086183                                5.19%    passed     80.31%
  82  EU828653                                5.19%    passed     84.59%
  83  FJ561726                                5.19%    passed     93.83%
  84  FJ561727                                5.19%    passed     92.31%
  85  FJ561728                                5.19%    passed     94.02%
  86  FJ866829                                5.19%    passed     89.35%
  87  FJ866830                                5.19%    passed     93.90%
  88  FJ866831                                5.19%    passed     91.81%
  89  GQ472468                                5.19%    passed     85.45%
  90  GQ472470                                5.19%    passed     77.15%
  91  GQ472473                                5.19%    passed     81.02%
  92  GQ472477                                5.19%    passed     85.73%
  93  GU358653                                5.19%    passed     79.02%
  94  HM486355                                5.19%    passed     99.87%
  95  HM486356                                5.19%    passed     99.96%
  96  HM486368                                5.19%    passed     89.41%
  97  HM486369                                5.19%    passed     99.69%
  98  HM486374                                5.19%    passed     99.88%
  99  HM486379                                5.19%    passed     99.83%
 100  HM486381                                5.19%    passed     94.09%
 101  JF819605                                5.19%    passed     98.44%
 102  JF819615                                5.19%    passed     99.69%
 103  JN974823                                5.19%    passed     95.66%
 104  JN974824                                5.19%    passed     93.28%
 105  JN974828                                5.19%    passed     82.12%
 106  JN974829                                5.19%    passed     82.12%
 107  JN974838                                5.19%    passed     94.24%
 108  JN974842                                5.19%    passed     91.17%
 109  JN974845                                5.19%    passed     95.41%
 110  JN974870                                5.19%    passed     99.70%
 111  JN974871                                5.19%    passed     98.72%
 112  JN974872                                5.19%    passed     99.77%
 113  JN974873                                5.19%    passed     99.20%
 114  JQ970480                                5.19%    passed     95.66%
 115  KT221107                                5.19%    passed     96.56%
 116  KT894558                                5.19%    passed     91.67%
 117  KT894572                                5.19%    passed     93.55%
 118  KT894573                                5.19%    passed     98.02%
 119  KT894577                                5.19%    passed     79.54%
 120  KT894578                                5.19%    passed     76.04%
 121  KX148264                                5.19%    passed     79.02%
 122  KY451767                                5.19%    passed     93.73%
 123  MG201879                                5.19%    passed     82.54%
 124  MG201880                                5.19%    passed     81.02%
 125  MG201884                                5.19%    passed     82.12%
 126  MG201919                                5.19%    passed     80.56%
 127  MG201921                                5.19%    passed     78.23%
 128  MN784132                                5.19%    passed     94.95%
 129  FJ598135                                5.19%    passed     95.30%
 130  FJ712195                                5.19%    passed     97.82%
 131  FJ712196                                5.19%    passed     92.87%
 132  FJ719751                                5.19%    passed     97.29%
 133  FJ719753                                5.19%    passed     95.52%
 134  FJ719755                                5.19%    passed     91.49%
 135  GU647092                                5.19%    passed     94.68%
 136  HQ118114                                5.19%    passed     94.83%
 137  JN974877                                5.19%    passed     95.94%
 138  JQ950446                                5.19%    passed     84.90%
 139  JQ950448                                5.19%    passed     90.52%
 140  KF726852                                5.19%    passed     83.66%
 141  KP319185                                5.19%    passed     93.53%
 142  KP319186                                5.19%    passed     97.29%
 143  KP319187                                5.19%    passed     94.44%
 144  KP319188                                5.19%    passed     96.28%
 145  KP319191                                5.19%    passed     93.05%
 146  KP319193                                5.19%    passed     93.29%
 147  KP319194                                5.19%    passed     90.02%
 148  KP319195                                5.19%    passed     87.65%
 149  KP319199                                5.19%    passed     97.87%
 150  KP319201                                5.19%    passed     98.27%
 151  KP319203                                5.19%    passed     83.50%
 152  KP319204                                5.19%    passed     86.76%
 153  KP319205                                5.19%    passed     92.66%
 154  KP319206                                5.19%    passed     98.53%
 155  KP319207                                5.19%    passed     98.92%
 156  MT068612                                5.19%    passed     98.13%
 157  MT068615                                5.19%    passed     90.20%
 158  AY854505                                5.19%    passed     82.50%
 159  AY854525                                5.19%    passed     85.19%
 160  AY854531                                5.19%    passed     96.82%
 161  AY854544                                5.19%    passed     98.50%
 162  AY854546                                5.19%    passed     98.92%
 163  AY854558                                5.19%    passed     92.45%
 164  AY854567                                5.19%    passed     97.62%
 165  AY854573                                5.19%    passed     99.49%
 166  AY854576                                5.19%    passed     92.40%
 167  AB284509                                5.19%    passed     96.58%
 168  AB284511                                5.19%    passed     96.75%
 169  AB284512                                5.19%    passed     98.32%
 170  AB284513                                5.19%    passed     95.93%
 171  AB284514                                5.19%    passed     98.32%
 172  EU853582                                5.19%    passed     98.75%
 173  EU853584                                5.19%    passed     91.33%
 174  EU853586                                5.19%    passed     89.90%
 175  EU853587                                5.19%    passed     97.11%
 176  EU853590                                5.19%    passed     95.98%
 177  HM179504                                5.19%    passed     81.94%
 178  HM179505                                5.19%    passed     84.43%
 179  HM179506                                5.19%    passed     91.48%
 180  KF155002                                5.19%    passed     95.21%
 181  KR534217                                5.19%    passed     91.94%
 182  KR534218                                5.19%    passed     91.94%
 183  KR534219                                5.19%    passed     97.59%
 184  KR534228                                5.19%    passed     98.63%
 185  KR534229                                5.19%    passed     94.45%
 186  KR534230                                5.19%    passed     99.02%
 187  KR534233                                5.19%    passed     92.91%
 188  KR534238                                5.19%    passed     97.96%
 189  KR534244                                5.19%    passed     92.82%
 190  KR534250                                5.19%    passed     87.99%
 191  KR534251                                5.19%    passed     98.41%
 192  KR534252                                5.19%    passed     97.45%
 193  KR534253                                5.19%    passed     93.82%
 194  KR906735                                5.19%    passed     96.75%
 195  KR906736                                5.19%    passed     96.73%
 196  KR906739                                5.19%    passed     96.98%
 197  KR906741                                5.19%    passed     97.65%
 198  KR906742                                5.19%    passed     96.21%
 199  KR906744                                5.19%    passed     97.19%
 200  KR906745                                5.19%    passed     96.06%
 201  KR906746                                5.19%    passed     90.76%
 202  KR906747                                5.19%    passed     91.54%
 203  KR906748                                5.19%    passed     85.44%
 204  KR906749                                5.19%    passed     96.51%
 205  KR906751                                5.19%    passed     87.88%
 206  KR906756                                5.19%    passed     92.45%
 207  KR906757                                5.19%    passed     87.88%
 208  KR906759                                5.19%    passed     98.51%
 209  KR906762                                5.19%    passed     96.28%
 210  KR906763                                5.19%    passed     94.93%
 211  KR906765                                5.19%    passed     96.58%
 212  KR906766                                5.19%    passed     95.18%
 213  KR906767                                5.19%    passed     96.06%
 214  KR906770                                5.19%    passed     99.45%
 215  KR906773                                5.19%    passed     91.94%
 216  KR906780                                5.19%    passed     91.94%
 217  KR906784                                5.19%    passed     99.74%
 218  KR906790                                5.19%    passed     98.83%
 219  KR906792                                5.19%    passed     81.65%
 220  KT336432                                5.19%    passed     91.94%
 221  KT336433                                5.19%    passed     93.27%
 222  KT336434                                5.19%    passed     70.37%
 223  KT336435                                5.19%    passed     85.71%
 224  KT336436                                5.19%    passed     93.25%
 225  KT336437                                5.19%    passed     90.30%
 226  KX148203                                5.19%    passed     89.72%
 227  KX148204                                5.19%    passed     94.69%
 228  KX148206                                5.19%    passed     98.21%
 229  KX148208                                5.19%    passed     99.93%
 230  KY210224                                5.19%    passed     85.00%
 231  KY210243                                5.19%    passed     93.43%
 232  KY210247                                5.19%    passed     93.43%
 233  KY210249                                5.19%    passed     90.60%
 234  KY210253                                5.19%    passed     97.05%
 235  KY210263                                5.19%    passed     99.22%
 236  KY210264                                5.19%    passed     99.61%
 237  KY210279                                5.19%    passed     99.74%
 238  KY210287                                5.19%    passed     90.80%
 239  KY210304                                5.19%    passed     99.45%
 240  KY563717                                5.19%    passed     69.33%
 241  LC029890                                5.19%    passed     98.75%
 242  MN726804                                5.19%    passed     96.28%
 243  MN726826                                5.19%    passed     96.14%
 244  MN726827                                5.19%    passed     95.53%
 245  MT454631                                5.19%    passed     89.69%
 246  MT454635                                5.19%    passed     94.64%
 247  MT454637                                5.19%    passed     87.05%
 248  MT454641                                5.19%    passed     93.82%
 249  MT454643                                5.19%    passed     97.00%
 250  MT454644                                5.19%    passed     88.68%
 251  MT454645                                5.19%    passed     97.64%
 252  OK317992                                5.19%    passed     99.29%
 253  OK317993                                5.19%    passed     94.99%
 254  OK317995                                5.19%    passed     97.48%
 255  OK317996                                5.19%    passed     97.48%
 256  OK317998                                5.19%    passed     97.91%
 257  OK317999                                5.19%    passed     98.77%
 258  OP375406                                5.19%    passed     94.39%
 259  OP375407                                5.19%    passed     97.56%
 260  OP375410                                5.19%    passed     92.23%
 261  OP375413                                5.19%    passed     94.39%
 262  OP375414                                5.19%    passed     92.73%
 263  OP375415                                5.19%    passed     93.82%
 264  OP375418                                5.19%    passed     94.39%
 265  OP375421                                5.19%    passed     92.82%
 266  OP375423                                5.19%    passed     95.33%
 267  OR045939                                5.19%    passed     89.34%
 268  OR045949                                5.19%    passed     88.18%
 269  OR270973                                5.19%    passed     89.02%
 270  OR270979                                5.19%    passed     92.49%
 271  OR270997                                5.19%    passed     91.33%
 272  OR270998                                5.19%    passed     92.74%
 273  OR270999                                5.19%    passed     91.68%
 274  OR271001                                5.19%    passed     91.33%
 275  OR271003                                5.19%    passed     92.74%
 276  PV855388                                5.19%    passed     85.09%
 277  PV855390                                5.19%    passed     86.04%
 278  PV855392                                5.19%    passed     86.96%
 279  PV855393                                5.19%    passed     87.30%
 280  PV855394                                5.19%    passed     85.09%
 281  PV855397                                5.19%    passed     86.96%
 282  PV855415                                5.19%    passed     88.54%
 283  EU345002                                5.19%    passed     97.44%
 284  EU345003                                5.19%    passed     99.00%
 285  EU345004                                5.19%    passed     94.98%
 286  JQ685938                                5.19%    passed     99.05%
 287  JQ685968                                5.19%    passed     96.88%
 288  MW055084                                5.19%    passed     97.95%
 289  MW055085                                5.19%    passed     96.68%
 290  MW055086                                5.19%    passed     98.49%
 291  MW055087                                5.19%    passed     98.69%
 292  AB519642                                5.19%    passed     92.78%
 293  AF070449                                5.19%    passed     91.92%
 294  AF351847                                5.19%    passed     94.98%
 295  AF351852                                5.19%    passed     87.10%
 296  AY854587                                5.19%    passed     87.20%
 297  AY854592                                5.19%    passed     99.19%
 298  AY854594                                5.19%    passed     99.55%
 299  AY877433                                5.19%    passed     95.59%
 300  AY877434                                5.19%    passed     93.68%
 301  AY877435                                5.19%    passed     94.37%
 302  GU592648                                5.19%    passed     86.65%
 303  KF656696                                5.19%    passed     97.62%
 304  KF864234                                5.19%    passed     94.19%
 305  KF864322                                5.19%    passed     94.21%
 306  KF864397                                5.19%    passed     83.91%
 307  KM594040                                5.19%    passed     91.99%
 308  KM594041                                5.19%    passed     73.45%
 309  KM594042                                5.19%    passed     97.49%
 310  KP202393                                5.19%    passed     91.79%
 311  KT023101                                5.19%    passed     66.30%
 312  MN968374                                5.19%    passed     99.84%
 313  MN968375                                5.19%    passed     99.54%
 314  MN968377                                5.19%    passed     99.76%
 315  MN968386                                5.19%    passed     99.38%
 316  MT891038                                5.19%    passed     90.02%
 317  MW249020                                5.19%    passed     98.43%
 318  MW579786                                5.19%    passed     79.19%
 319  MW579820                                5.19%    passed     82.05%
 320  MW579824                                5.19%    passed     94.00%
 321  MW579833                                5.19%    passed     77.95%
 322  PQ379829                                5.19%    passed     98.56%
 323  PQ379831                                5.19%    passed     73.41%
 324  PQ379832                                5.19%    passed     99.28%
 325  PQ379834                                5.19%    passed     99.64%
 326  PQ379836                                5.19%    passed     99.55%
 327  PQ379849                                5.19%    passed     94.81%
 328  PQ510120                                5.19%    passed     92.53%
 329  PQ603086                                5.19%    passed     99.37%
 330  PQ671599                                5.19%    passed     73.22%
 331  PQ671601                                5.19%    passed     54.24%
 332  AF351849                                5.19%    passed     72.69%
 333  AF394876                                5.19%    passed     84.72%
 334  GU644760                                5.19%    passed     68.24%
 335  GU644761                                5.19%    passed     78.50%
 336  GU644762                                5.19%    passed     72.68%
 337  GU644763                                5.19%    passed     74.54%
 338  GU644764                                5.19%    passed     68.24%
 339  GU644765                                5.19%    passed     63.00%
 340  GU644766                                5.19%    passed     65.22%
 341  GU644767                                5.19%    passed     67.16%
 342  GU644768                                5.19%    passed     67.35%
 343  GU644769                                5.19%    passed     57.77%
 344  GU644770                                5.19%    passed     76.24%
 345  GU644771                                5.19%    passed     81.25%
 346  GU644772                                5.19%    passed     69.98%
 347  GU644773                                5.19%    passed     67.16%
 348  GU644774                                5.19%    passed     67.35%
 349  GU644775                                5.19%    passed     64.03%
 350  GU644776                                5.19%    passed     62.10%
 351  GU644777                                5.19%    passed     72.25%
 352  GU644778                                5.19%    passed     72.25%
 353  GU644779                                5.19%    passed     67.35%
 354  GU644780                                5.19%    passed     78.50%
 355  GU644781                                5.19%    passed     73.77%
 356  GU644782                                5.19%    passed     81.25%
 357  GU644784                                5.19%    passed     72.68%
 358  GU644785                                5.19%    passed     64.84%
 359  GU644786                                5.19%    passed     79.38%
 360  GU644787                                5.19%    passed     70.57%
 361  GU644788                                5.19%    passed     74.54%
 362  JQ685905                                5.19%    passed     75.52%
 363  AF351828                                5.19%    passed     93.73%
 364  AF351831                                5.19%    passed     92.60%
 365  AF351832                                5.19%    passed     88.82%
 366  AF351833                                5.19%    passed     92.08%
 367  AF351855                                5.19%    passed     83.57%
 368  AF351861                                5.19%    passed     98.49%
 369  AF351862                                5.19%    passed     91.60%
 370  AY039227                                5.19%    passed     87.78%
 371  AY039228                                5.19%    passed     90.42%
 372  AY039229                                5.19%    passed     88.80%
 373  GU644652                                5.19%    passed     96.12%
 374  GU644654                                5.19%    passed     85.75%
 375  GU644655                                5.19%    passed     90.42%
 376  GU644656                                5.19%    passed     88.27%
 377  GU644657                                5.19%    passed     92.41%
 378  GU644658                                5.19%    passed     84.68%
 379  GU644659                                5.19%    passed     85.88%
 380  GU644660                                5.19%    passed     96.64%
 381  GU644661                                5.19%    passed     90.96%
 382  GU644662                                5.19%    passed     94.73%
 383  GU644663                                5.19%    passed     95.14%
 384  GU644664                                5.19%    passed     97.18%
 385  GU644665                                5.19%    passed     90.50%
 386  GU644666                                5.19%    passed     95.05%
 387  GU644667                                5.19%    passed     90.12%
 388  GU644668                                5.19%    passed     92.81%
 389  GU644669                                5.19%    passed     93.11%
 390  GU644670                                5.19%    passed     96.26%
 391  GU644671                                5.19%    passed     87.70%
 392  GU644676                                5.19%    passed     91.08%
 393  GU644677                                5.19%    passed     91.08%
 394  GU644684                                5.19%    passed     89.47%
 395  GU644689                                5.19%    passed     89.47%
 396  GU644690                                5.19%    passed     90.02%
 397  GU644695                                5.19%    passed     90.02%
 398  AF351845                                5.19%    passed     99.27%
 399  AF351846                                5.19%    passed     96.16%
 400  AF351858                                5.19%    passed     92.57%
 401  AF394883                                5.19%    passed     98.93%
 402  AF394884                                5.19%    passed     99.28%
 403  GU644712                                5.19%    passed     96.30%
 404  GU644713                                5.19%    passed     96.10%
 405  GU644714                                5.19%    passed     95.55%
 406  GU644715                                5.19%    passed     97.96%
 407  GU644716                                5.19%    passed     96.30%
 408  GU644717                                5.19%    passed     98.26%
 409  GU644718                                5.19%    passed     97.96%
 410  GU644719                                5.19%    passed     96.65%
 411  GU644720                                5.19%    passed     97.58%
 412  GU644721                                5.19%    passed     98.27%
 413  JQ685947                                5.19%    passed     98.26%
 414  Gannoruwa_bat_lyssavirus_NC_031988.1    5.19%    passed     93.47%
 415  NC_003243.1_ABLV                        5.19%    passed     87.21%
 416  NC_009527.1_eblv1                       0.00%    passed     71.38%
****  TOTAL                                   5.17%  0 sequences failed composition chi2 test (p-value<5%; df=3)

NOTE: Restoring information from model checkpoint file all_outgroups_aligned.fasta.model.gz

CHECKPOINT: Initial tree restored
NOTE: ModelFinder requires 96 MB RAM!
ModelFinder will test 286 DNA models (sample size: 1427) ...
 No. Model         -LnL         df  AIC          AICc         BIC
  1  JC            25828.918    829 53315.835    55620.928    57679.136
  2  JC+I          24222.796    830 50105.592    52420.122    54474.156
  3  JC+G4         23856.831    830 49373.663    51688.193    53742.226
  4  JC+I+G4       23844.676    831 49351.352    51675.359    53725.179
  5  JC+R2         23989.381    831 49640.762    51964.769    54014.589
  6  JC+R3         23853.748    833 49373.497    51716.572    53757.850
  7  JC+R4         23823.653    835 49317.305    51679.606    53712.185
  8  JC+R5         23820.156    837 49314.312    51695.996    53719.718
 14  F81+F         25851.164    832 53366.329    55699.850    57745.419
 15  F81+F+I       24243.905    833 50153.810    52496.886    54538.164
 16  F81+F+G4      23886.929    833 49439.859    51782.935    53824.212
 17  F81+F+I+G4    23872.312    834 49412.624    51765.293    53802.241
 18  F81+F+R2      23975.912    834 49619.824    51972.493    54009.441
 19  F81+F+R3      23853.054    836 49378.107    51750.080    53778.251
 20  F81+F+R4      23848.475    838 49372.950    51764.385    53783.620
 27  K2P           24215.828    830 50091.657    52406.187    54460.221
 28  K2P+I         22550.417    831 46762.834    49086.840    51136.661
 29  K2P+G4        22132.700    831 45927.400    48251.407    50301.227
 30  K2P+I+G4      22112.886    832 45889.773    48223.295    50268.863
 31  K2P+R2        22219.178    832 46102.355    48435.877    50481.445
 32  K2P+R3        22095.980    834 45859.961    48212.630    50249.578
 33  K2P+R4        22088.266    836 45848.531    48220.504    50248.675
 34  K2P+R5        22087.836    838 45851.672    48243.107    50262.342
 40  HKY+F         24230.859    833 50127.718    52470.794    54512.072
 41  HKY+F+I       22555.200    834 46778.399    49131.068    51168.016
 42  HKY+F+G4      22122.097    834 45912.194    48264.863    50301.811
 43  HKY+F+I+G4    22099.529    835 45869.057    48231.358    50263.937
 44  HKY+F+R2      22194.363    835 46058.727    48421.028    50453.607
 45  HKY+F+R3      22084.981    837 45843.962    48225.646    50249.368
 46  HKY+F+R4      22076.561    839 45831.122    48232.348    50247.055
 47  HKY+F+R5      22076.444    841 45834.888    48255.817    50261.348
 53  TNe           24176.097    831 50014.195    52338.202    54388.022
 54  TNe+I         22518.761    832 46701.521    49035.043    51080.612
 55  TNe+G4        22126.416    832 45916.832    48250.354    50295.922
 56  TNe+I+G4      22100.857    833 45867.714    48210.790    50252.067
 57  TNe+R2        22184.134    833 46034.267    48377.343    50418.621
 58  TNe+R3        22085.464    835 45840.927    48203.229    50235.808
 59  TNe+R4        22077.927    837 45829.854    48211.538    50235.261
 60  TNe+R5        22077.847    839 45833.694    48234.921    50249.628
 66  TN+F          24152.141    834 49972.282    52324.951    54361.899
 67  TN+F+I        22492.185    835 46654.370    49016.671    51049.250
 68  TN+F+G4       22101.706    835 45873.412    48235.713    50268.292
 69  TN+F+I+G4     22069.221    836 45810.441    48182.414    50210.585
 70  TN+F+R2       22156.099    836 45984.197    48356.170    50384.341
 71  TN+F+R3       22055.128    838 45786.256    48177.692    50196.927
 72  TN+F+R4       22047.967    840 45775.935    48186.993    50197.132
 79  K3P           24192.498    831 50046.996    52371.002    54420.823
 80  K3P+I         22521.430    832 46706.860    49040.382    51085.951
 81  K3P+G4        22101.383    832 45866.766    48200.288    50245.856
 82  K3P+I+G4      22081.458    833 45828.916    48171.992    50213.270
 83  K3P+R2        22144.511    833 45955.022    48298.098    50339.376
 84  K3P+R3        22064.150    835 45798.300    48160.601    50193.180
 85  K3P+R4        22056.340    837 45786.680    48168.364    50192.087
 86  K3P+R5        22056.271    839 45790.541    48191.768    50206.475
 92  K3Pu+F        24205.103    834 50078.206    52430.875    54467.823
 93  K3Pu+F+I      22523.594    835 46717.188    49079.489    51112.068
 94  K3Pu+F+G4     22088.311    835 45846.623    48208.924    50241.503
 95  K3Pu+F+I+G4   22064.939    836 45801.877    48173.850    50202.021
 96  K3Pu+F+R2     22133.703    836 45939.405    48311.378    50339.549
 97  K3Pu+F+R3     22050.089    838 45776.177    48167.613    50186.848
 98  K3Pu+F+R4     22041.743    840 45763.485    48174.543    50184.682
 99  K3Pu+F+R5     22041.688    842 45767.375    48198.218    50199.099
105  TPM2+F        24215.860    834 50099.720    52452.389    54489.337
106  TPM2+F+I      22542.871    835 46755.742    49118.043    51150.622
107  TPM2+F+G4     22110.396    835 45890.792    48253.093    50285.672
108  TPM2+F+I+G4   22088.771    836 45849.542    48221.515    50249.686
109  TPM2+F+R2     22151.394    836 45974.788    48346.761    50374.931
110  TPM2+F+R3     22072.740    838 45821.479    48212.915    50232.150
111  TPM2+F+R4     22064.058    840 45808.117    48219.175    50229.314
112  TPM2+F+R5     22063.680    842 45811.360    48242.203    50243.084
118  TPM2u+F       24215.628    834 50099.256    52451.925    54488.873
119  TPM2u+F+I     22542.641    835 46755.282    49117.584    51150.163
120  TPM2u+F+G4    22110.141    835 45890.282    48252.583    50285.162
121  TPM2u+F+I+G4  22088.541    836 45849.083    48221.055    50249.226
122  TPM2u+F+R2    22150.936    836 45973.873    48345.845    50374.016
123  TPM2u+F+R3    22072.433    838 45820.866    48212.302    50231.537
124  TPM2u+F+R4    22063.707    840 45807.414    48218.472    50228.610
125  TPM2u+F+R5    22063.638    842 45811.276    48242.119    50243.000
131  TPM3+F        24230.771    834 50129.541    52482.210    54519.158
132  TPM3+F+I      22554.861    835 46779.722    49142.023    51174.602
133  TPM3+F+G4     22122.074    835 45914.147    48276.449    50309.028
134  TPM3+F+I+G4   22099.550    836 45871.100    48243.072    50271.243
135  TPM3+F+R2     22165.046    836 46002.092    48374.065    50402.236
136  TPM3+F+R3     22083.948    838 45843.895    48235.331    50254.565
137  TPM3+F+R4     22075.473    840 45830.946    48242.004    50252.143
138  TPM3+F+R5     22075.421    842 45834.842    48265.685    50266.566
144  TPM3u+F       24230.792    834 50129.585    52482.254    54519.202
145  TPM3u+F+I     22554.879    835 46779.758    49142.059    51174.638
146  TPM3u+F+G4    22122.094    835 45914.188    48276.489    50309.068
147  TPM3u+F+I+G4  22099.571    836 45871.142    48243.115    50271.286
148  TPM3u+F+R2    22165.000    836 46001.999    48373.972    50402.143
149  TPM3u+F+R3    22083.937    838 45843.875    48235.310    50254.545
150  TPM3u+F+R4    22075.429    840 45830.859    48241.917    50252.055
151  TPM3u+F+R5    22075.379    842 45834.757    48265.600    50266.481
157  TIMe          24152.744    832 49969.488    52303.010    54348.579
158  TIMe+I        22489.696    833 46645.391    48988.467    51029.745
159  TIMe+G4       22095.086    833 45856.173    48199.249    50240.526
160  TIMe+I+G4     22069.602    834 45807.205    48159.873    50196.821
161  TIMe+R2       22134.181    834 45936.362    48289.031    50325.979
162  TIMe+R3       22053.767    836 45779.533    48151.506    50179.677
163  TIMe+R4       22046.074    838 45768.147    48159.583    50178.817
164  TIMe+R5       22046.048    840 45772.097    48183.155    50193.294
170  TIM+F         24125.888    835 49921.776    52284.078    54316.657
171  TIM+F+I       22460.142    836 46592.284    48964.257    50992.428
172  TIM+F+G4      22067.392    836 45806.785    48178.758    50206.928
173  TIM+F+I+G4    22034.466    837 45742.933    48124.617    50148.340
174  TIM+F+R2      22111.346    837 45896.692    48278.377    50302.099
175  TIM+F+R3      22020.634    839 45719.269    48120.495    50135.202
176  TIM+F+R4      22013.275    841 45708.550    48129.480    50135.011
177  TIM+F+R5      22013.272    843 45712.544    48153.339    50149.530
183  TIM2e         24151.901    832 49967.803    52301.325    54346.893
184  TIM2e+I       22498.278    833 46662.556    49005.631    51046.909
185  TIM2e+G4      22103.029    833 45872.057    48215.133    50256.411
186  TIM2e+I+G4    22078.406    834 45824.811    48177.480    50214.428
187  TIM2e+R2      22138.720    834 45945.439    48298.108    50335.056
188  TIM2e+R3      22062.056    836 45796.112    48168.085    50196.255
189  TIM2e+R4      22053.820    838 45783.639    48175.075    50194.309
190  TIM2e+R5      22053.772    840 45787.544    48198.602    50208.741
196  TIM2+F        24136.996    835 49943.992    52306.293    54338.872
197  TIM2+F+I      22479.470    836 46630.941    49002.914    51031.084
198  TIM2+F+G4     22088.974    836 45849.948    48221.921    50250.092
199  TIM2+F+I+G4   22057.482    837 45788.964    48170.648    50194.371
200  TIM2+F+R2     22130.049    837 45934.097    48315.781    50339.504
201  TIM2+F+R3     22042.932    839 45763.863    48165.090    50179.797
202  TIM2+F+R4     22035.205    841 45752.411    48173.341    50178.871
203  TIM2+F+R5     22035.199    843 45756.399    48197.195    50193.386
209  TIM3e         24173.561    832 50011.122    52344.644    54390.213
210  TIM3e+I       22515.848    833 46697.696    49040.771    51082.049
211  TIM3e+G4      22124.275    833 45914.550    48257.626    50298.904
212  TIM3e+I+G4    22098.989    834 45865.978    48218.647    50255.595
213  TIM3e+R2      22162.881    834 45993.762    48346.431    50383.379
214  TIM3e+R3      22082.650    836 45837.299    48209.272    50237.443
215  TIM3e+R4      22075.004    838 45826.009    48217.444    50236.679
216  TIM3e+R5      22074.972    840 45829.944    48241.002    50251.141
222  TIM3+F        24151.927    835 49973.855    52336.156    54368.735
223  TIM3+F+I      22491.704    836 46655.407    49027.380    51055.551
224  TIM3+F+G4     22101.570    836 45875.139    48247.112    50275.283
225  TIM3+F+I+G4   22069.064    837 45812.128    48193.813    50217.535
226  TIM3+F+R2     22144.448    837 45962.895    48344.580    50368.302
227  TIM3+F+R3     22054.574    839 45787.148    48188.374    50203.081
228  TIM3+F+R4     22047.211    841 45776.421    48197.351    50202.881
229  TIM3+F+R5     22047.186    843 45780.373    48221.169    50217.360
235  TVMe          24150.788    833 49967.576    52310.651    54351.929
236  TVMe+I        22482.507    834 46633.014    48985.683    51022.631
237  TVMe+G4       22063.058    834 45794.115    48146.784    50183.732
238  TVMe+I+G4     22044.796    835 45759.592    48121.893    50154.472
239  TVMe+R2       22097.140    835 45864.280    48226.582    50259.161
240  TVMe+R3       22026.947    837 45727.894    48109.578    50133.301
241  TVMe+R4       22018.073    839 45714.147    48115.373    50130.080
242  TVMe+R5       22017.968    841 45717.937    48138.867    50144.397
248  TVM+F         24176.992    836 50025.984    52397.957    54426.127
249  TVM+F+I       22496.140    837 46666.279    49047.964    51071.686
250  TVM+F+G4      22065.304    837 45804.609    48186.293    50210.016
251  TVM+F+I+G4    22043.593    838 45763.185    48154.621    50173.856
252  TVM+F+R2      22105.144    838 45886.287    48277.723    50296.958
253  TVM+F+R3      22027.938    840 45735.876    48146.934    50157.073
254  TVM+F+R4      22018.791    842 45721.583    48152.425    50153.306
255  TVM+F+R5      22018.753    844 45725.505    48176.295    50167.755
261  SYM           24111.190    834 49890.381    52243.050    54279.998
262  SYM+I         22450.556    835 46571.113    48933.414    50965.993
263  SYM+G4        22056.598    835 45783.196    48145.497    50178.076
264  SYM+I+G4      22032.691    836 45737.383    48109.356    50137.526
265  SYM+R2        22092.302    836 45856.604    48228.577    50256.747
266  SYM+R3        22016.849    838 45709.698    48101.133    50120.368
267  SYM+R4        22008.194    840 45696.389    48107.447    50117.586
268  SYM+R5        22008.189    842 45700.377    48131.220    50132.101
274  GTR+F         24098.065    837 49870.130    52251.814    54275.537
275  GTR+F+I       22432.630    838 46541.261    48932.696    50951.931
276  GTR+F+G4      22043.811    838 45763.622    48155.058    50174.293
277  GTR+F+I+G4    22012.401    839 45702.802    48104.028    50118.735
278  GTR+F+R2      22084.453    839 45846.906    48248.133    50262.840
279  GTR+F+R3      21998.649    841 45679.297    48100.227    50105.758
280  GTR+F+R4      21990.510    843 45667.020    48107.816    50104.007
281  GTR+F+R5      21990.506    845 45671.012    48131.838    50118.525
Akaike Information Criterion:           GTR+F+R4
Corrected Akaike Information Criterion: GTR+F+R3
Bayesian Information Criterion:         GTR+F+R4
Best-fit model: GTR+F+R4 chosen according to BIC

All model information printed to all_outgroups_aligned.fasta.model.gz
CPU time for ModelFinder: 0.211 seconds (0h:0m:0s)
Wall-clock time for ModelFinder: 0.222 seconds (0h:0m:0s)
Generating 1000 samples for ultrafast bootstrap (seed: 102017)...

NOTE: 40 MB RAM (0 GB) is required!
Estimate model parameters (epsilon = 0.100)
1. Initial log-likelihood: -24230.241
2. Current log-likelihood: -22265.662
3. Current log-likelihood: -22062.120
4. Current log-likelihood: -22044.668
5. Current log-likelihood: -22034.346
6. Current log-likelihood: -22026.972
7. Current log-likelihood: -22021.597
8. Current log-likelihood: -22017.561
9. Current log-likelihood: -22014.373
10. Current log-likelihood: -22011.853
11. Current log-likelihood: -22009.801
12. Current log-likelihood: -22008.119
13. Current log-likelihood: -22006.824
14. Current log-likelihood: -22005.723
15. Current log-likelihood: -22004.786
16. Current log-likelihood: -22003.974
17. Current log-likelihood: -22003.279
18. Current log-likelihood: -22002.674
19. Current log-likelihood: -22002.145
20. Current log-likelihood: -22001.680
21. Current log-likelihood: -22001.262
22. Current log-likelihood: -22001.026
Optimal log-likelihood: -22000.927
Rate parameters:  A-C: 1.34589  A-G: 6.38342  A-T: 0.72021  C-G: 0.22609  C-T: 9.64697  G-T: 1.00000
Base frequencies:  A: 0.295  C: 0.206  G: 0.238  T: 0.261
Site proportion and rates:  (0.596,0.076) (0.014,0.778) (0.240,1.600) (0.150,3.731)
Parameters optimization took 22 rounds (15.558 sec)
Computing ML distances based on estimated model parameters... 0.915 sec
Computing BIONJ tree...
0.079 seconds
Log-likelihood of BIONJ tree: -22325.226
--------------------------------------------------------------------
|             INITIALIZING CANDIDATE TREE SET                      |
--------------------------------------------------------------------
Generating 98 parsimony trees... 3.407 second
Computing log-likelihood of 98 initial trees ... 8.997 seconds
Current best score: -21983.090

Do NNI search on 20 best initial trees
Estimate model parameters (epsilon = 0.100)
BETTER TREE FOUND at iteration 1: -21974.287
Estimate model parameters (epsilon = 0.100)
BETTER TREE FOUND at iteration 2: -21971.289
Estimate model parameters (epsilon = 0.100)
BETTER TREE FOUND at iteration 9: -21966.169
Iteration 10 / LogL: -21974.478 / Time: 0h:1m:6s
Estimate model parameters (epsilon = 0.100)
BETTER TREE FOUND at iteration 17: -21965.681
Iteration 20 / LogL: -21979.924 / Time: 0h:1m:22s
Finish initializing candidate tree set (20)
Current best tree score: -21965.681 / CPU time: 66.158
Number of iterations: 20
--------------------------------------------------------------------
|               OPTIMIZING CANDIDATE TREE SET                      |
--------------------------------------------------------------------
Estimate model parameters (epsilon = 0.100)
BETTER TREE FOUND at iteration 27: -21965.384
Iteration 30 / LogL: -22056.787 / Time: 0h:1m:44s (0h:5m:48s left)
Iteration 40 / LogL: -21975.478 / Time: 0h:2m:5s (0h:4m:39s left)
Iteration 50 / LogL: -21965.615 / Time: 0h:2m:25s (0h:3m:48s left)
Log-likelihood cutoff on original alignment: -22002.641
Iteration 60 / LogL: -22027.189 / Time: 0h:2m:46s (0h:3m:8s left)
Estimate model parameters (epsilon = 0.100)
BETTER TREE FOUND at iteration 64: -21964.361
Estimate model parameters (epsilon = 0.100)
BETTER TREE FOUND at iteration 66: -21964.088
Estimate model parameters (epsilon = 0.100)
BETTER TREE FOUND at iteration 70: -21964.012
Iteration 70 / LogL: -21964.012 / Time: 0h:3m:7s (0h:4m:31s left)
Estimate model parameters (epsilon = 0.100)
BETTER TREE FOUND at iteration 79: -21962.026
Iteration 80 / LogL: -21980.149 / Time: 0h:3m:26s (0h:4m:19s left)
Iteration 90 / LogL: -22123.542 / Time: 0h:3m:47s (0h:3m:47s left)
Iteration 100 / LogL: -21968.739 / Time: 0h:4m:7s (0h:3m:17s left)
Log-likelihood cutoff on original alignment: -21998.372
NOTE: Bootstrap correlation coefficient of split occurrence frequencies: 0.995
Iteration 110 / LogL: -22004.656 / Time: 0h:4m:28s (0h:3m:42s left)
Iteration 120 / LogL: -21976.443 / Time: 0h:4m:49s (0h:3m:14s left)
Iteration 130 / LogL: -21964.742 / Time: 0h:5m:9s (0h:2m:47s left)
BETTER TREE FOUND at iteration 136: -21962.017
Iteration 140 / LogL: -21964.897 / Time: 0h:5m:33s (0h:3m:50s left)
Iteration 150 / LogL: -21967.039 / Time: 0h:5m:52s (0h:3m:23s left)
Log-likelihood cutoff on original alignment: -21998.879
BETTER TREE FOUND at iteration 158: -21962.015
Iteration 160 / LogL: -21999.120 / Time: 0h:6m:14s (0h:3m:50s left)
Iteration 170 / LogL: -22299.357 / Time: 0h:6m:36s (0h:3m:26s left)
Iteration 180 / LogL: -21962.115 / Time: 0h:6m:56s (0h:3m:1s left)
BETTER TREE FOUND at iteration 190: -21962.014
Iteration 190 / LogL: -21962.014 / Time: 0h:7m:15s (0h:3m:50s left)
Iteration 200 / LogL: -21973.101 / Time: 0h:7m:37s (0h:3m:26s left)
Log-likelihood cutoff on original alignment: -21999.313
NOTE: Bootstrap correlation coefficient of split occurrence frequencies: 0.996
Iteration 210 / LogL: -21962.017 / Time: 0h:7m:58s (0h:3m:26s left)
BETTER TREE FOUND at iteration 212: -21962.014
Iteration 220 / LogL: -21975.455 / Time: 0h:8m:20s (0h:3m:30s left)
Iteration 230 / LogL: -21968.629 / Time: 0h:8m:41s (0h:3m:6s left)
Iteration 240 / LogL: -21981.059 / Time: 0h:9m:0s (0h:2m:42s left)
Iteration 250 / LogL: -22017.950 / Time: 0h:9m:22s (0h:2m:19s left)
Log-likelihood cutoff on original alignment: -21999.550
Iteration 260 / LogL: -21990.903 / Time: 0h:9m:44s (0h:1m:57s left)
Iteration 270 / LogL: -21968.445 / Time: 0h:10m:7s (0h:1m:34s left)
Iteration 280 / LogL: -22013.853 / Time: 0h:10m:27s (0h:1m:12s left)
Iteration 290 / LogL: -21982.290 / Time: 0h:10m:49s (0h:0m:49s left)
Iteration 300 / LogL: -22007.475 / Time: 0h:11m:10s (0h:0m:26s left)
Log-likelihood cutoff on original alignment: -21999.858
NOTE: Bootstrap correlation coefficient of split occurrence frequencies: 0.998
Iteration 310 / LogL: -21962.853 / Time: 0h:11m:30s (0h:3m:21s left)
TREE SEARCH COMPLETED AFTER 313 ITERATIONS / Time: 0h:11m:36s

--------------------------------------------------------------------
|                    FINALIZING TREE SEARCH                        |
--------------------------------------------------------------------
Performs final model parameters optimization
Estimate model parameters (epsilon = 0.010)
1. Initial log-likelihood: -21962.014
2. Current log-likelihood: -21961.976
3. Current log-likelihood: -21961.926
4. Current log-likelihood: -21961.880
5. Current log-likelihood: -21961.838
6. Current log-likelihood: -21961.799
7. Current log-likelihood: -21961.760
8. Current log-likelihood: -21961.723
9. Current log-likelihood: -21961.689
10. Current log-likelihood: -21961.655
11. Current log-likelihood: -21961.625
12. Current log-likelihood: -21961.605
13. Current log-likelihood: -21961.586
14. Current log-likelihood: -21961.567
15. Current log-likelihood: -21961.549
16. Current log-likelihood: -21961.532
17. Current log-likelihood: -21961.515
18. Current log-likelihood: -21961.500
19. Current log-likelihood: -21961.485
20. Current log-likelihood: -21961.470
21. Current log-likelihood: -21961.456
22. Current log-likelihood: -21961.442
23. Current log-likelihood: -21961.429
24. Current log-likelihood: -21961.415
25. Current log-likelihood: -21961.402
26. Current log-likelihood: -21961.390
27. Current log-likelihood: -21961.380
Optimal log-likelihood: -21961.366
Rate parameters:  A-C: 1.36609  A-G: 6.39100  A-T: 0.70238  C-G: 0.22400  C-T: 9.77999  G-T: 1.00000
Base frequencies:  A: 0.295  C: 0.206  G: 0.238  T: 0.261
Site proportion and rates:  (0.558,0.052) (0.113,0.717) (0.240,2.100) (0.089,4.350)
Parameters optimization took 27 rounds (13.320 sec)
BEST SCORE FOUND : -21961.366
Ancestral state probabilities printed to all_outgroups_aligned.fasta.state
Creating bootstrap support values...
Split supports printed to NEXUS file all_outgroups_aligned.fasta.splits.nex
Total tree length: 3.609

Total number of iterations: 313
CPU time used for tree search: 678.102 sec (0h:11m:18s)
Wall-clock time used for tree search: 680.079 sec (0h:11m:20s)
Total CPU time used: 709.627 sec (0h:11m:49s)
Total wall-clock time used: 712.083 sec (0h:11m:52s)

Computing bootstrap consensus tree...
Reading input file all_outgroups_aligned.fasta.splits.nex...
416 taxa and 4711 splits.
Consensus tree written to all_outgroups_aligned.fasta.contree
Reading input trees file all_outgroups_aligned.fasta.contree
Log-likelihood of consensus tree: -21961.336

Analysis results written to: 
  IQ-TREE report:                all_outgroups_aligned.fasta.iqtree
  Maximum-likelihood tree:       all_outgroups_aligned.fasta.treefile
  Likelihood distances:          all_outgroups_aligned.fasta.mldist
  Ancestral state:               all_outgroups_aligned.fasta.state

Ultrafast bootstrap approximation results written to:
  Split support values:          all_outgroups_aligned.fasta.splits.nex
  Consensus tree:                all_outgroups_aligned.fasta.contree
  Screen log file:               all_outgroups_aligned.fasta.log

Date and Time: Tue Apr 14 09:54:39 2026
