IQ-TREE multicore version 1.6.12 for Mac OS X 64-bit built Aug 15 2019
Developed by Bui Quang Minh, Nguyen Lam Tung, Olga Chernomor,
Heiko Schmidt, Dominik Schrempf, Michael Woodhams.

Host:    Rowans-MacBook-Pro.local (SSE4.2, 18 GB RAM)
Command: iqtree -s all_outgroups_aligned.fasta -asr
Seed:    352095 (Using SPRNG - Scalable Parallel Random Number Generator)
Time:    Thu Apr  9 16:45:01 2026
Kernel:  SSE2 - 1 threads (11 CPU cores detected)

HINT: Use -nt option to specify number of threads because your CPU has 11 cores!
HINT: -nt AUTO will automatically determine the best number of threads to use.

Reading alignment file all_outgroups_aligned.fasta ... Fasta format detected
Alignment most likely contains DNA/RNA sequences
Alignment has 416 sequences with 1427 columns, 693 distinct patterns
568 parsimony-informative, 138 singleton sites, 721 constant sites
                                      Gap/Ambiguity  Composition  p-value
   1  AY352488                                5.19%    passed     64.52%
   2  AY352501                                5.19%    passed     76.82%
   3  JN258588                                5.19%    passed     74.75%
   4  JN258592                                5.19%    passed     65.83%
   5  JX987747                                5.19%    passed     65.92%
   6  KU198460                                5.19%    passed     67.04%
   7  KU198462                                5.19%    passed     72.24%
   8  KU198464                                5.19%    passed     65.92%
   9  KU198466                                5.19%    passed     84.79%
  10  KU198467                                5.19%    passed     74.25%
  11  KU198472                                5.19%    passed     81.93%
  12  KU198476                                5.19%    passed     77.84%
  13  KU198477                                5.19%    passed     83.87%
  14  KU198478                                5.19%    passed     84.80%
  15  KX036361                                5.19%    passed     80.16%
  16  KX036362                                5.19%    passed     78.65%
  17  KX036364                                5.19%    passed     81.35%
  18  KX036365                                5.19%    passed     86.22%
  19  KX036366                                5.19%    passed     82.99%
  20  KX954123                                5.19%    passed     69.52%
  21  LT598537                                5.19%    passed     77.72%
  22  LT598538                                5.19%    passed     82.65%
  23  LT598539                                5.19%    passed     75.77%
  24  LT598540                                5.19%    passed     76.44%
  25  LT598541                                5.19%    passed     82.97%
  26  LT598543                                5.19%    passed     84.80%
  27  LT909550                                5.19%    passed     65.92%
  28  MG458313                                5.19%    passed     67.92%
  29  MN233885                                5.19%    passed     75.17%
  30  MN233886                                5.19%    passed     78.39%
  31  MN233892                                5.19%    passed     79.34%
  32  MN233896                                5.19%    passed     80.57%
  33  MN233900                                5.19%    passed     78.19%
  34  MN233948                                5.19%    passed     81.73%
  35  MN233949                                5.19%    passed     73.45%
  36  MN233950                                5.19%    passed     75.17%
  37  MN233952                                5.19%    passed     76.91%
  38  MN233953                                5.19%    passed     76.82%
  39  MN233955                                5.19%    passed     78.65%
  40  MN233956                                5.19%    passed     86.22%
  41  MN233958                                5.19%    passed     76.91%
  42  MN233960                                5.19%    passed     78.49%
  43  MN233963                                5.19%    passed     74.25%
  44  MN233967                                5.19%    passed     75.97%
  45  MN233968                                5.19%    passed     78.65%
  46  MN233969                                5.19%    passed     75.17%
  47  MN233973                                5.19%    passed     83.87%
  48  MN233974                                5.19%    passed     78.49%
  49  MN233975                                5.19%    passed     77.81%
  50  MN233977                                5.19%    passed     76.92%
  51  MN233978                                5.19%    passed     83.71%
  52  MN233982                                5.19%    passed     75.48%
  53  MN233985                                5.19%    passed     74.25%
  54  MN233988                                5.19%    passed     76.44%
  55  MN233991                                5.19%    passed     87.90%
  56  MN233992                                5.19%    passed     81.87%
  57  MN233998                                5.19%    passed     81.12%
  58  MN234000                                5.19%    passed     80.08%
  59  MN234002                                5.19%    passed     81.12%
  60  MN234004                                5.19%    passed     80.08%
  61  MN234008                                5.19%    passed     81.12%
  62  MN234016                                5.19%    passed     82.99%
  63  MN234017                                5.19%    passed     75.17%
  64  MN234018                                5.19%    passed     74.87%
  65  MN234023                                5.19%    passed     79.34%
  66  MN234043                                5.19%    passed     83.87%
  67  MN234046                                5.19%    passed     85.07%
  68  MN234055                                5.19%    passed     77.81%
  69  MN384717                                5.19%    passed     77.72%
  70  DQ666289                                5.19%    passed     92.02%
  71  DQ666290                                5.19%    passed     84.51%
  72  DQ866105                                5.19%    passed     93.75%
  73  DQ866106                                5.19%    passed     81.41%
  74  DQ866108                                5.19%    passed     82.10%
  75  DQ866109                                5.19%    passed     80.31%
  76  DQ866110                                5.19%    passed     92.56%
  77  DQ866112                                5.19%    passed     86.94%
  78  DQ866116                                5.19%    passed     93.91%
  79  DQ866119                                5.19%    passed     88.81%
  80  EU086182                                5.19%    passed     84.90%
  81  EU086183                                5.19%    passed     80.31%
  82  EU828653                                5.19%    passed     84.59%
  83  FJ561726                                5.19%    passed     93.83%
  84  FJ561727                                5.19%    passed     92.31%
  85  FJ561728                                5.19%    passed     94.02%
  86  FJ866829                                5.19%    passed     89.35%
  87  FJ866830                                5.19%    passed     93.90%
  88  FJ866831                                5.19%    passed     91.81%
  89  GQ472468                                5.19%    passed     85.45%
  90  GQ472470                                5.19%    passed     77.15%
  91  GQ472473                                5.19%    passed     81.02%
  92  GQ472477                                5.19%    passed     85.73%
  93  GU358653                                5.19%    passed     79.02%
  94  HM486355                                5.19%    passed     99.87%
  95  HM486356                                5.19%    passed     99.96%
  96  HM486368                                5.19%    passed     89.41%
  97  HM486369                                5.19%    passed     99.69%
  98  HM486374                                5.19%    passed     99.88%
  99  HM486379                                5.19%    passed     99.83%
 100  HM486381                                5.19%    passed     94.09%
 101  JF819605                                5.19%    passed     98.44%
 102  JF819615                                5.19%    passed     99.69%
 103  JN974823                                5.19%    passed     95.66%
 104  JN974824                                5.19%    passed     93.28%
 105  JN974828                                5.19%    passed     82.12%
 106  JN974829                                5.19%    passed     82.12%
 107  JN974838                                5.19%    passed     94.24%
 108  JN974842                                5.19%    passed     91.17%
 109  JN974845                                5.19%    passed     95.41%
 110  JN974870                                5.19%    passed     99.70%
 111  JN974871                                5.19%    passed     98.72%
 112  JN974872                                5.19%    passed     99.77%
 113  JN974873                                5.19%    passed     99.20%
 114  JQ970480                                5.19%    passed     95.66%
 115  KT221107                                5.19%    passed     96.56%
 116  KT894558                                5.19%    passed     91.67%
 117  KT894572                                5.19%    passed     93.55%
 118  KT894573                                5.19%    passed     98.02%
 119  KT894577                                5.19%    passed     79.54%
 120  KT894578                                5.19%    passed     76.04%
 121  KX148264                                5.19%    passed     79.02%
 122  KY451767                                5.19%    passed     93.73%
 123  MG201879                                5.19%    passed     82.54%
 124  MG201880                                5.19%    passed     81.02%
 125  MG201884                                5.19%    passed     82.12%
 126  MG201919                                5.19%    passed     80.56%
 127  MG201921                                5.19%    passed     78.23%
 128  MN784132                                5.19%    passed     94.95%
 129  FJ598135                                5.19%    passed     95.30%
 130  FJ712195                                5.19%    passed     97.82%
 131  FJ712196                                5.19%    passed     92.87%
 132  FJ719751                                5.19%    passed     97.29%
 133  FJ719753                                5.19%    passed     95.52%
 134  FJ719755                                5.19%    passed     91.49%
 135  GU647092                                5.19%    passed     94.68%
 136  HQ118114                                5.19%    passed     94.83%
 137  JN974877                                5.19%    passed     95.94%
 138  JQ950446                                5.19%    passed     84.90%
 139  JQ950448                                5.19%    passed     90.52%
 140  KF726852                                5.19%    passed     83.66%
 141  KP319185                                5.19%    passed     93.53%
 142  KP319186                                5.19%    passed     97.29%
 143  KP319187                                5.19%    passed     94.44%
 144  KP319188                                5.19%    passed     96.28%
 145  KP319191                                5.19%    passed     93.05%
 146  KP319193                                5.19%    passed     93.29%
 147  KP319194                                5.19%    passed     90.02%
 148  KP319195                                5.19%    passed     87.65%
 149  KP319199                                5.19%    passed     97.87%
 150  KP319201                                5.19%    passed     98.27%
 151  KP319203                                5.19%    passed     83.50%
 152  KP319204                                5.19%    passed     86.76%
 153  KP319205                                5.19%    passed     92.66%
 154  KP319206                                5.19%    passed     98.53%
 155  KP319207                                5.19%    passed     98.92%
 156  MT068612                                5.19%    passed     98.13%
 157  MT068615                                5.19%    passed     90.20%
 158  AY854505                                5.19%    passed     82.50%
 159  AY854525                                5.19%    passed     85.19%
 160  AY854531                                5.19%    passed     96.82%
 161  AY854544                                5.19%    passed     98.50%
 162  AY854546                                5.19%    passed     98.92%
 163  AY854558                                5.19%    passed     92.45%
 164  AY854567                                5.19%    passed     97.62%
 165  AY854573                                5.19%    passed     99.49%
 166  AY854576                                5.19%    passed     92.40%
 167  AB284509                                5.19%    passed     96.58%
 168  AB284511                                5.19%    passed     96.75%
 169  AB284512                                5.19%    passed     98.32%
 170  AB284513                                5.19%    passed     95.93%
 171  AB284514                                5.19%    passed     98.32%
 172  EU853582                                5.19%    passed     98.75%
 173  EU853584                                5.19%    passed     91.33%
 174  EU853586                                5.19%    passed     89.90%
 175  EU853587                                5.19%    passed     97.11%
 176  EU853590                                5.19%    passed     95.98%
 177  HM179504                                5.19%    passed     81.94%
 178  HM179505                                5.19%    passed     84.43%
 179  HM179506                                5.19%    passed     91.48%
 180  KF155002                                5.19%    passed     95.21%
 181  KR534217                                5.19%    passed     91.94%
 182  KR534218                                5.19%    passed     91.94%
 183  KR534219                                5.19%    passed     97.59%
 184  KR534228                                5.19%    passed     98.63%
 185  KR534229                                5.19%    passed     94.45%
 186  KR534230                                5.19%    passed     99.02%
 187  KR534233                                5.19%    passed     92.91%
 188  KR534238                                5.19%    passed     97.96%
 189  KR534244                                5.19%    passed     92.82%
 190  KR534250                                5.19%    passed     87.99%
 191  KR534251                                5.19%    passed     98.41%
 192  KR534252                                5.19%    passed     97.45%
 193  KR534253                                5.19%    passed     93.82%
 194  KR906735                                5.19%    passed     96.75%
 195  KR906736                                5.19%    passed     96.73%
 196  KR906739                                5.19%    passed     96.98%
 197  KR906741                                5.19%    passed     97.65%
 198  KR906742                                5.19%    passed     96.21%
 199  KR906744                                5.19%    passed     97.19%
 200  KR906745                                5.19%    passed     96.06%
 201  KR906746                                5.19%    passed     90.76%
 202  KR906747                                5.19%    passed     91.54%
 203  KR906748                                5.19%    passed     85.44%
 204  KR906749                                5.19%    passed     96.51%
 205  KR906751                                5.19%    passed     87.88%
 206  KR906756                                5.19%    passed     92.45%
 207  KR906757                                5.19%    passed     87.88%
 208  KR906759                                5.19%    passed     98.51%
 209  KR906762                                5.19%    passed     96.28%
 210  KR906763                                5.19%    passed     94.93%
 211  KR906765                                5.19%    passed     96.58%
 212  KR906766                                5.19%    passed     95.18%
 213  KR906767                                5.19%    passed     96.06%
 214  KR906770                                5.19%    passed     99.45%
 215  KR906773                                5.19%    passed     91.94%
 216  KR906780                                5.19%    passed     91.94%
 217  KR906784                                5.19%    passed     99.74%
 218  KR906790                                5.19%    passed     98.83%
 219  KR906792                                5.19%    passed     81.65%
 220  KT336432                                5.19%    passed     91.94%
 221  KT336433                                5.19%    passed     93.27%
 222  KT336434                                5.19%    passed     70.37%
 223  KT336435                                5.19%    passed     85.71%
 224  KT336436                                5.19%    passed     93.25%
 225  KT336437                                5.19%    passed     90.30%
 226  KX148203                                5.19%    passed     89.72%
 227  KX148204                                5.19%    passed     94.69%
 228  KX148206                                5.19%    passed     98.21%
 229  KX148208                                5.19%    passed     99.93%
 230  KY210224                                5.19%    passed     85.00%
 231  KY210243                                5.19%    passed     93.43%
 232  KY210247                                5.19%    passed     93.43%
 233  KY210249                                5.19%    passed     90.60%
 234  KY210253                                5.19%    passed     97.05%
 235  KY210263                                5.19%    passed     99.22%
 236  KY210264                                5.19%    passed     99.61%
 237  KY210279                                5.19%    passed     99.74%
 238  KY210287                                5.19%    passed     90.80%
 239  KY210304                                5.19%    passed     99.45%
 240  KY563717                                5.19%    passed     69.33%
 241  LC029890                                5.19%    passed     98.75%
 242  MN726804                                5.19%    passed     96.28%
 243  MN726826                                5.19%    passed     96.14%
 244  MN726827                                5.19%    passed     95.53%
 245  MT454631                                5.19%    passed     89.69%
 246  MT454635                                5.19%    passed     94.64%
 247  MT454637                                5.19%    passed     87.05%
 248  MT454641                                5.19%    passed     93.82%
 249  MT454643                                5.19%    passed     97.00%
 250  MT454644                                5.19%    passed     88.68%
 251  MT454645                                5.19%    passed     97.64%
 252  OK317992                                5.19%    passed     99.29%
 253  OK317993                                5.19%    passed     94.99%
 254  OK317995                                5.19%    passed     97.48%
 255  OK317996                                5.19%    passed     97.48%
 256  OK317998                                5.19%    passed     97.91%
 257  OK317999                                5.19%    passed     98.77%
 258  OP375406                                5.19%    passed     94.39%
 259  OP375407                                5.19%    passed     97.56%
 260  OP375410                                5.19%    passed     92.23%
 261  OP375413                                5.19%    passed     94.39%
 262  OP375414                                5.19%    passed     92.73%
 263  OP375415                                5.19%    passed     93.82%
 264  OP375418                                5.19%    passed     94.39%
 265  OP375421                                5.19%    passed     92.82%
 266  OP375423                                5.19%    passed     95.33%
 267  OR045939                                5.19%    passed     89.34%
 268  OR045949                                5.19%    passed     88.18%
 269  OR270973                                5.19%    passed     89.02%
 270  OR270979                                5.19%    passed     92.49%
 271  OR270997                                5.19%    passed     91.33%
 272  OR270998                                5.19%    passed     92.74%
 273  OR270999                                5.19%    passed     91.68%
 274  OR271001                                5.19%    passed     91.33%
 275  OR271003                                5.19%    passed     92.74%
 276  PV855388                                5.19%    passed     85.09%
 277  PV855390                                5.19%    passed     86.04%
 278  PV855392                                5.19%    passed     86.96%
 279  PV855393                                5.19%    passed     87.30%
 280  PV855394                                5.19%    passed     85.09%
 281  PV855397                                5.19%    passed     86.96%
 282  PV855415                                5.19%    passed     88.54%
 283  EU345002                                5.19%    passed     97.44%
 284  EU345003                                5.19%    passed     99.00%
 285  EU345004                                5.19%    passed     94.98%
 286  JQ685938                                5.19%    passed     99.05%
 287  JQ685968                                5.19%    passed     96.88%
 288  MW055084                                5.19%    passed     97.95%
 289  MW055085                                5.19%    passed     96.68%
 290  MW055086                                5.19%    passed     98.49%
 291  MW055087                                5.19%    passed     98.69%
 292  AB519642                                5.19%    passed     92.78%
 293  AF070449                                5.19%    passed     91.92%
 294  AF351847                                5.19%    passed     94.98%
 295  AF351852                                5.19%    passed     87.10%
 296  AY854587                                5.19%    passed     87.20%
 297  AY854592                                5.19%    passed     99.19%
 298  AY854594                                5.19%    passed     99.55%
 299  AY877433                                5.19%    passed     95.59%
 300  AY877434                                5.19%    passed     93.68%
 301  AY877435                                5.19%    passed     94.37%
 302  GU592648                                5.19%    passed     86.65%
 303  KF656696                                5.19%    passed     97.62%
 304  KF864234                                5.19%    passed     94.19%
 305  KF864322                                5.19%    passed     94.21%
 306  KF864397                                5.19%    passed     83.91%
 307  KM594040                                5.19%    passed     91.99%
 308  KM594041                                5.19%    passed     73.45%
 309  KM594042                                5.19%    passed     97.49%
 310  KP202393                                5.19%    passed     91.79%
 311  KT023101                                5.19%    passed     66.30%
 312  MN968374                                5.19%    passed     99.84%
 313  MN968375                                5.19%    passed     99.54%
 314  MN968377                                5.19%    passed     99.76%
 315  MN968386                                5.19%    passed     99.38%
 316  MT891038                                5.19%    passed     90.02%
 317  MW249020                                5.19%    passed     98.43%
 318  MW579786                                5.19%    passed     79.19%
 319  MW579820                                5.19%    passed     82.05%
 320  MW579824                                5.19%    passed     94.00%
 321  MW579833                                5.19%    passed     77.95%
 322  PQ379829                                5.19%    passed     98.56%
 323  PQ379831                                5.19%    passed     73.41%
 324  PQ379832                                5.19%    passed     99.28%
 325  PQ379834                                5.19%    passed     99.64%
 326  PQ379836                                5.19%    passed     99.55%
 327  PQ379849                                5.19%    passed     94.81%
 328  PQ510120                                5.19%    passed     92.53%
 329  PQ603086                                5.19%    passed     99.37%
 330  PQ671599                                5.19%    passed     73.22%
 331  PQ671601                                5.19%    passed     54.24%
 332  AF351849                                5.19%    passed     72.69%
 333  AF394876                                5.19%    passed     84.72%
 334  GU644760                                5.19%    passed     68.24%
 335  GU644761                                5.19%    passed     78.50%
 336  GU644762                                5.19%    passed     72.68%
 337  GU644763                                5.19%    passed     74.54%
 338  GU644764                                5.19%    passed     68.24%
 339  GU644765                                5.19%    passed     63.00%
 340  GU644766                                5.19%    passed     65.22%
 341  GU644767                                5.19%    passed     67.16%
 342  GU644768                                5.19%    passed     67.35%
 343  GU644769                                5.19%    passed     57.77%
 344  GU644770                                5.19%    passed     76.24%
 345  GU644771                                5.19%    passed     81.25%
 346  GU644772                                5.19%    passed     69.98%
 347  GU644773                                5.19%    passed     67.16%
 348  GU644774                                5.19%    passed     67.35%
 349  GU644775                                5.19%    passed     64.03%
 350  GU644776                                5.19%    passed     62.10%
 351  GU644777                                5.19%    passed     72.25%
 352  GU644778                                5.19%    passed     72.25%
 353  GU644779                                5.19%    passed     67.35%
 354  GU644780                                5.19%    passed     78.50%
 355  GU644781                                5.19%    passed     73.77%
 356  GU644782                                5.19%    passed     81.25%
 357  GU644784                                5.19%    passed     72.68%
 358  GU644785                                5.19%    passed     64.84%
 359  GU644786                                5.19%    passed     79.38%
 360  GU644787                                5.19%    passed     70.57%
 361  GU644788                                5.19%    passed     74.54%
 362  JQ685905                                5.19%    passed     75.52%
 363  AF351828                                5.19%    passed     93.73%
 364  AF351831                                5.19%    passed     92.60%
 365  AF351832                                5.19%    passed     88.82%
 366  AF351833                                5.19%    passed     92.08%
 367  AF351855                                5.19%    passed     83.57%
 368  AF351861                                5.19%    passed     98.49%
 369  AF351862                                5.19%    passed     91.60%
 370  AY039227                                5.19%    passed     87.78%
 371  AY039228                                5.19%    passed     90.42%
 372  AY039229                                5.19%    passed     88.80%
 373  GU644652                                5.19%    passed     96.12%
 374  GU644654                                5.19%    passed     85.75%
 375  GU644655                                5.19%    passed     90.42%
 376  GU644656                                5.19%    passed     88.27%
 377  GU644657                                5.19%    passed     92.41%
 378  GU644658                                5.19%    passed     84.68%
 379  GU644659                                5.19%    passed     85.88%
 380  GU644660                                5.19%    passed     96.64%
 381  GU644661                                5.19%    passed     90.96%
 382  GU644662                                5.19%    passed     94.73%
 383  GU644663                                5.19%    passed     95.14%
 384  GU644664                                5.19%    passed     97.18%
 385  GU644665                                5.19%    passed     90.50%
 386  GU644666                                5.19%    passed     95.05%
 387  GU644667                                5.19%    passed     90.12%
 388  GU644668                                5.19%    passed     92.81%
 389  GU644669                                5.19%    passed     93.11%
 390  GU644670                                5.19%    passed     96.26%
 391  GU644671                                5.19%    passed     87.70%
 392  GU644676                                5.19%    passed     91.08%
 393  GU644677                                5.19%    passed     91.08%
 394  GU644684                                5.19%    passed     89.47%
 395  GU644689                                5.19%    passed     89.47%
 396  GU644690                                5.19%    passed     90.02%
 397  GU644695                                5.19%    passed     90.02%
 398  AF351845                                5.19%    passed     99.27%
 399  AF351846                                5.19%    passed     96.16%
 400  AF351858                                5.19%    passed     92.57%
 401  AF394883                                5.19%    passed     98.93%
 402  AF394884                                5.19%    passed     99.28%
 403  GU644712                                5.19%    passed     96.30%
 404  GU644713                                5.19%    passed     96.10%
 405  GU644714                                5.19%    passed     95.55%
 406  GU644715                                5.19%    passed     97.96%
 407  GU644716                                5.19%    passed     96.30%
 408  GU644717                                5.19%    passed     98.26%
 409  GU644718                                5.19%    passed     97.96%
 410  GU644719                                5.19%    passed     96.65%
 411  GU644720                                5.19%    passed     97.58%
 412  GU644721                                5.19%    passed     98.27%
 413  JQ685947                                5.19%    passed     98.26%
 414  Gannoruwa_bat_lyssavirus_NC_031988.1    5.19%    passed     93.47%
 415  NC_003243.1_ABLV                        5.19%    passed     87.21%
 416  NC_009527.1_eblv1                       0.00%    passed     71.38%
****  TOTAL                                   5.17%  0 sequences failed composition chi2 test (p-value<5%; df=3)


Create initial parsimony tree by phylogenetic likelihood library (PLL)... 0.036 seconds
NOTE: ModelFinder requires 94 MB RAM!
ModelFinder will test 286 DNA models (sample size: 1427) ...
 No. Model         -LnL         df  AIC          AICc         BIC
  1  JC            25792.538    829 53243.076    55548.168    57606.376
  2  JC+I          24192.203    830 50044.407    52358.937    54412.970
  3  JC+G4         23838.646    830 49337.292    51651.822    53705.855
  4  JC+I+G4       23826.604    831 49315.209    51639.216    53689.036
  5  JC+R2         23969.169    831 49600.338    51924.345    53974.165
  6  JC+R3         23836.897    833 49339.793    51682.869    53724.147
  7  JC+R4         23803.129    835 49276.258    51638.559    53671.138
  8  JC+R5         23802.815    837 49279.631    51661.315    53685.038
 14  F81+F         25813.841    832 53291.683    55625.205    57670.773
 15  F81+F+I       24212.973    833 50091.947    52435.023    54476.300
 16  F81+F+G4      23868.347    833 49402.695    51745.771    53787.048
 17  F81+F+I+G4    23853.228    834 49374.456    51727.125    53764.073
 18  F81+F+R2      23955.775    834 49579.550    51932.219    53969.167
 19  F81+F+R3      23835.704    836 49343.408    51715.381    53743.552
 20  F81+F+R4      23829.915    838 49335.829    51727.265    53746.500
 27  K2P           24188.431    830 50036.862    52351.393    54405.426
 28  K2P+I         22530.134    831 46722.268    49046.275    51096.095
 29  K2P+G4        22127.342    831 45916.685    48240.691    50290.512
 30  K2P+I+G4      22108.492    832 45880.985    48214.507    50260.075
 31  K2P+R2        22211.112    832 46086.225    48419.747    50465.315
 32  K2P+R3        22093.607    834 45855.213    48207.882    50244.830
 33  K2P+R4        22084.562    836 45841.125    48213.098    50241.268
 34  K2P+R5        22084.142    838 45844.284    48235.720    50254.955
 40  HKY+F         24202.778    833 50071.556    52414.632    54455.910
 41  HKY+F+I       22534.578    834 46737.155    49089.824    51126.772
 42  HKY+F+G4      22116.603    834 45901.205    48253.874    50290.822
 43  HKY+F+I+G4    22094.461    835 45858.922    48221.223    50253.802
 44  HKY+F+R2      22187.320    835 46044.640    48406.941    50439.520
 45  HKY+F+R3      22081.880    837 45837.761    48219.445    50243.168
 46  HKY+F+R4      22072.405    839 45822.810    48224.037    50238.744
 47  HKY+F+R5      22072.395    841 45826.789    48247.719    50253.249
 53  TNe           24150.188    831 49962.376    52286.383    54336.203
 54  TNe+I         22499.408    832 46662.817    48996.338    51041.907
 55  TNe+G4        22121.140    832 45906.280    48239.802    50285.370
 56  TNe+I+G4      22096.304    833 45858.608    48201.684    50242.961
 57  TNe+R2        22176.764    833 46019.528    48362.604    50403.882
 58  TNe+R3        22082.506    835 45835.012    48197.313    50229.892
 59  TNe+R4        22074.184    837 45822.369    48204.053    50227.775
 60  TNe+R5        22074.178    839 45826.357    48227.583    50242.290
 66  TN+F          24126.322    834 49920.643    52273.312    54310.260
 67  TN+F+I        22473.107    835 46616.215    48978.516    51011.095
 68  TN+F+G4       22097.053    835 45864.105    48226.407    50258.986
 69  TN+F+I+G4     22064.117    836 45800.235    48172.207    50200.378
 70  TN+F+R2       22148.780    836 45969.560    48341.533    50369.704
 71  TN+F+R3       22051.035    838 45778.070    48169.506    50188.740
 72  TN+F+R4       22043.720    840 45767.440    48178.498    50188.637
 73  TN+F+R5       22043.645    842 45771.290    48202.132    50203.013
 79  K3P           24164.018    831 49990.036    52314.043    54363.863
 80  K3P+I         22500.678    832 46665.356    48998.878    51044.447
 81  K3P+G4        22095.972    832 45855.943    48189.465    50235.034
 82  K3P+I+G4      22077.145    833 45820.291    48163.367    50204.644
 83  K3P+R2        22137.439    833 45940.878    48283.954    50325.232
 84  K3P+R3        22061.808    835 45793.615    48155.916    50188.495
 85  K3P+R4        22052.584    837 45779.168    48160.852    50184.574
 86  K3P+R5        22052.499    839 45782.998    48184.225    50198.932
 92  K3Pu+F        24175.642    834 50019.284    52371.953    54408.900
 93  K3Pu+F+I      22502.326    835 46674.652    49036.953    51069.532
 94  K3Pu+F+G4     22082.799    835 45835.598    48197.899    50230.478
 95  K3Pu+F+I+G4   22059.930    836 45791.860    48163.833    50192.004
 96  K3Pu+F+R2     22127.118    836 45926.235    48298.208    50326.379
 97  K3Pu+F+R3     22046.931    838 45769.863    48161.298    50180.533
 98  K3Pu+F+R4     22037.530    840 45755.060    48166.118    50176.256
 99  K3Pu+F+R5     22037.524    842 45759.047    48189.890    50190.771
105  TPM2+F        24185.935    834 50039.869    52392.538    54429.486
106  TPM2+F+I      22521.190    835 46712.380    49074.681    51107.260
107  TPM2+F+G4     22104.175    835 45878.349    48240.651    50273.230
108  TPM2+F+I+G4   22083.336    836 45838.672    48210.645    50238.816
109  TPM2+F+R2     22144.235    836 45960.469    48332.442    50360.613
110  TPM2+F+R3     22068.974    838 45813.948    48205.383    50224.618
111  TPM2+F+R4     22058.955    840 45797.910    48208.968    50219.107
112  TPM2+F+R5     22058.882    842 45801.764    48232.607    50233.488
118  TPM2u+F       24185.693    834 50039.387    52392.056    54429.004
119  TPM2u+F+I     22520.948    835 46711.895    49074.196    51106.775
120  TPM2u+F+G4    22103.901    835 45877.802    48240.103    50272.682
121  TPM2u+F+I+G4  22083.093    836 45838.185    48210.158    50238.329
122  TPM2u+F+R2    22143.777    836 45959.554    48331.527    50359.698
123  TPM2u+F+R3    22068.976    838 45813.953    48205.388    50224.623
124  TPM2u+F+R4    22058.853    840 45797.706    48208.764    50218.903
125  TPM2u+F+R5    22058.835    842 45801.669    48232.512    50233.393
131  TPM3+F        24202.821    834 50073.643    52426.312    54463.260
132  TPM3+F+I      22534.487    835 46738.973    49101.274    51133.853
133  TPM3+F+G4     22116.644    835 45903.287    48265.588    50298.167
134  TPM3+F+I+G4   22094.481    836 45860.962    48232.935    50261.106
135  TPM3+F+R2     22159.042    836 45990.085    48362.058    50390.228
136  TPM3+F+R3     22080.798    838 45837.595    48229.030    50248.265
137  TPM3+F+R4     22071.156    840 45822.312    48233.370    50243.509
138  TPM3+F+R5     22071.142    842 45826.284    48257.127    50258.008
144  TPM3u+F       24202.838    834 50073.675    52426.344    54463.292
145  TPM3u+F+I     22534.507    835 46739.014    49101.315    51133.894
146  TPM3u+F+G4    22116.667    835 45903.334    48265.635    50298.214
147  TPM3u+F+I+G4  22094.505    836 45861.011    48232.983    50261.154
148  TPM3u+F+R2    22159.002    836 45990.004    48361.977    50390.148
149  TPM3u+F+R3    22080.786    838 45837.572    48229.008    50248.242
150  TPM3u+F+R4    22071.109    840 45822.219    48233.277    50243.415
151  TPM3u+F+R5    22071.097    842 45826.195    48257.037    50257.918
157  TIMe          24125.811    832 49915.621    52249.143    54294.711
158  TIMe+I        22469.974    833 46605.949    48949.025    50990.302
159  TIMe+G4       22089.799    833 45845.598    48188.674    50229.952
160  TIMe+I+G4     22065.220    834 45798.440    48151.109    50188.057
161  TIMe+R2       22127.626    834 45923.251    48275.920    50312.868
162  TIMe+R3       22050.861    836 45773.721    48145.694    50173.865
163  TIMe+R4       22042.202    838 45760.403    48151.839    50171.073
164  TIMe+R5       22042.163    840 45764.327    48175.385    50185.524
170  TIM+F         24098.798    835 49867.595    52229.896    54262.476
171  TIM+F+I       22440.586    836 46553.171    48925.144    50953.315
172  TIM+F+G4      22062.861    836 45797.721    48169.694    50197.865
173  TIM+F+I+G4    22029.572    837 45733.144    48114.828    50138.551
174  TIM+F+R2      22104.424    837 45882.848    48264.532    50288.255
175  TIM+F+R3      22016.608    839 45711.216    48112.442    50127.149
176  TIM+F+R4      22009.040    841 45700.081    48121.010    50126.541
177  TIM+F+R5      22008.997    843 45703.995    48144.791    50140.982
183  TIM2e         24123.390    832 49910.779    52244.301    54289.869
184  TIM2e+I       22477.448    833 46620.896    48963.972    51005.250
185  TIM2e+G4      22096.635    833 45859.269    48202.345    50243.623
186  TIM2e+I+G4    22073.325    834 45814.651    48167.320    50204.268
187  TIM2e+R2      22131.043    834 45930.086    48282.755    50319.703
188  TIM2e+R3      22058.687    836 45789.374    48161.347    50189.517
189  TIM2e+R4      22049.143    838 45774.286    48165.721    50184.956
190  TIM2e+R5      22049.140    840 45778.280    48189.338    50199.477
196  TIM2+F        24109.276    835 49888.551    52250.852    54283.431
197  TIM2+F+I      22459.269    836 46590.538    48962.511    50990.682
198  TIM2+F+G4     22083.460    836 45838.920    48210.893    50239.063
199  TIM2+F+I+G4   22051.979    837 45777.958    48159.643    50183.365
200  TIM2+F+R2     22122.445    837 45918.891    48300.575    50324.297
201  TIM2+F+R3     22038.528    839 45755.056    48156.282    50170.989
202  TIM2+F+R4     22030.437    841 45742.874    48163.804    50169.335
203  TIM2+F+R5     22030.425    843 45746.849    48187.645    50183.836
209  TIM3e         24148.505    832 49961.010    52294.531    54340.100
210  TIM3e+I       22497.186    833 46660.371    49003.447    51044.725
211  TIM3e+G4      22119.466    833 45904.932    48248.008    50289.286
212  TIM3e+I+G4    22094.840    834 45857.680    48210.349    50247.297
213  TIM3e+R2      22156.904    834 45981.809    48334.478    50371.426
214  TIM3e+R3      22079.944    836 45831.888    48203.860    50232.031
215  TIM3e+R4      22071.396    838 45818.792    48210.227    50229.462
216  TIM3e+R5      22071.376    840 45822.752    48233.810    50243.948
222  TIM3+F        24126.257    835 49922.515    52284.816    54317.395
223  TIM3+F+I      22472.894    836 46617.788    48989.761    51017.932
224  TIM3+F+G4     22096.980    836 45865.960    48237.933    50266.104
225  TIM3+F+I+G4   22063.976    837 45801.952    48183.637    50207.359
226  TIM3+F+R2     22137.763    837 45949.525    48331.209    50354.932
227  TIM3+F+R3     22050.397    839 45778.794    48180.021    50194.728
228  TIM3+F+R4     22042.872    841 45767.745    48188.675    50194.205
229  TIM3+F+R5     22042.862    843 45771.724    48212.520    50208.711
235  TVMe          24121.331    833 49908.663    52251.739    54293.016
236  TVMe+I        22462.147    834 46592.293    48944.962    50981.910
237  TVMe+G4       22058.106    834 45784.212    48136.881    50173.829
238  TVMe+I+G4     22041.280    835 45752.560    48114.861    50147.440
239  TVMe+R2       22090.865    835 45851.731    48214.032    50246.611
240  TVMe+R3       22025.506    837 45725.013    48106.697    50130.420
241  TVMe+R4       22014.542    839 45707.084    48108.311    50123.018
242  TVMe+R5       22014.490    841 45710.980    48131.910    50137.440
248  TVM+F         24146.622    836 49965.243    52337.216    54365.387
249  TVM+F+I       22475.188    837 46624.375    49006.059    51029.782
250  TVM+F+G4      22059.992    837 45793.985    48175.669    50199.392
251  TVM+F+I+G4    22039.135    838 45754.270    48145.705    50164.940
252  TVM+F+R2      22098.910    838 45873.821    48265.256    50284.491
253  TVM+F+R3      22025.479    840 45730.959    48142.017    50152.155
254  TVM+F+R4      22014.718    842 45713.435    48144.278    50145.159
255  TVM+F+R5      22014.704    844 45717.408    48168.198    50159.658
261  SYM           24083.200    834 49834.400    52187.069    54224.016
262  SYM+I         22431.112    835 46532.225    48894.526    50927.105
263  SYM+G4        22051.578    835 45773.155    48135.457    50168.036
264  SYM+I+G4      22029.040    836 45730.081    48102.054    50130.225
265  SYM+R2        22085.974    836 45843.949    48215.921    50244.092
266  SYM+R3        22014.941    838 45705.881    48097.317    50116.551
267  SYM+R4        22004.783    840 45689.566    48100.624    50110.762
268  SYM+R5        22004.772    842 45693.545    48124.387    50125.268
274  GTR+F         24070.000    837 49813.999    52195.684    54219.406
275  GTR+F+I       22413.320    838 46502.640    48894.075    50913.310
276  GTR+F+G4      22039.284    838 45754.569    48146.004    50165.239
277  GTR+F+I+G4    22007.961    839 45693.921    48095.148    50109.855
278  GTR+F+R2      22077.769    839 45833.537    48234.764    50249.471
279  GTR+F+R3      21995.386    841 45672.772    48093.701    50099.232
280  GTR+F+R4      21986.330    843 45658.659    48099.455    50095.646
281  GTR+F+R5      21986.309    845 45662.617    48123.444    50110.131
Akaike Information Criterion:           GTR+F+R4
Corrected Akaike Information Criterion: GTR+F+R3
Bayesian Information Criterion:         GTR+F+R4
Best-fit model: GTR+F+R4 chosen according to BIC

All model information printed to all_outgroups_aligned.fasta.model.gz
CPU time for ModelFinder: 226.172 seconds (0h:3m:46s)
Wall-clock time for ModelFinder: 226.677 seconds (0h:3m:46s)

NOTE: 37 MB RAM (0 GB) is required!
Estimate model parameters (epsilon = 0.100)
1. Initial log-likelihood: -24205.049
2. Current log-likelihood: -22285.564
3. Current log-likelihood: -22059.258
4. Current log-likelihood: -22041.266
5. Current log-likelihood: -22031.133
6. Current log-likelihood: -22023.767
7. Current log-likelihood: -22018.333
8. Current log-likelihood: -22014.217
9. Current log-likelihood: -22010.983
10. Current log-likelihood: -22008.400
11. Current log-likelihood: -22006.290
12. Current log-likelihood: -22004.568
13. Current log-likelihood: -22003.233
14. Current log-likelihood: -22002.087
15. Current log-likelihood: -22001.109
16. Current log-likelihood: -22000.263
17. Current log-likelihood: -21999.524
18. Current log-likelihood: -21998.875
19. Current log-likelihood: -21998.289
20. Current log-likelihood: -21997.772
21. Current log-likelihood: -21997.308
22. Current log-likelihood: -21996.889
23. Current log-likelihood: -21996.505
24. Current log-likelihood: -21996.149
25. Current log-likelihood: -21995.878
26. Current log-likelihood: -21995.616
27. Current log-likelihood: -21995.407
28. Current log-likelihood: -21995.266
29. Current log-likelihood: -21995.156
Optimal log-likelihood: -21995.059
Rate parameters:  A-C: 1.36913  A-G: 6.39278  A-T: 0.72472  C-G: 0.24152  C-T: 9.70705  G-T: 1.00000
Base frequencies:  A: 0.295  C: 0.206  G: 0.238  T: 0.261
Site proportion and rates:  (0.587,0.072) (0.032,0.700) (0.240,1.680) (0.141,3.777)
Parameters optimization took 29 rounds (20.146 sec)
Computing ML distances based on estimated model parameters... 0.920 sec
Computing BIONJ tree...
0.080 seconds
Log-likelihood of BIONJ tree: -22323.132
--------------------------------------------------------------------
|             INITIALIZING CANDIDATE TREE SET                      |
--------------------------------------------------------------------
Generating 98 parsimony trees... 3.408 second
Computing log-likelihood of 98 initial trees ... 8.863 seconds
Current best score: -21977.996

Do NNI search on 20 best initial trees
Estimate model parameters (epsilon = 0.100)
BETTER TREE FOUND at iteration 1: -21964.787
Estimate model parameters (epsilon = 0.100)
BETTER TREE FOUND at iteration 3: -21962.858
Iteration 10 / LogL: -21974.407 / Time: 0h:0m:55s
Iteration 20 / LogL: -21975.792 / Time: 0h:1m:3s
Finish initializing candidate tree set (20)
Current best tree score: -21962.858 / CPU time: 42.370
Number of iterations: 20
--------------------------------------------------------------------
|               OPTIMIZING CANDIDATE TREE SET                      |
--------------------------------------------------------------------
Iteration 30 / LogL: -21969.548 / Time: 0h:1m:19s (0h:3m:19s left)
Iteration 40 / LogL: -21966.068 / Time: 0h:1m:34s (0h:2m:33s left)
Iteration 50 / LogL: -21968.954 / Time: 0h:1m:50s (0h:1m:59s left)
Iteration 60 / LogL: -21979.916 / Time: 0h:2m:8s (0h:1m:33s left)
Iteration 70 / LogL: -21969.038 / Time: 0h:2m:24s (0h:1m:8s left)
Iteration 80 / LogL: -22015.234 / Time: 0h:2m:39s (0h:0m:46s left)
Iteration 90 / LogL: -21962.901 / Time: 0h:2m:56s (0h:0m:25s left)
Iteration 100 / LogL: -21963.351 / Time: 0h:3m:12s (0h:0m:5s left)
TREE SEARCH COMPLETED AFTER 104 ITERATIONS / Time: 0h:3m:19s

--------------------------------------------------------------------
|                    FINALIZING TREE SEARCH                        |
--------------------------------------------------------------------
Performs final model parameters optimization
Estimate model parameters (epsilon = 0.010)
1. Initial log-likelihood: -21962.858
2. Current log-likelihood: -21962.790
3. Current log-likelihood: -21962.695
4. Current log-likelihood: -21962.606
5. Current log-likelihood: -21962.523
6. Current log-likelihood: -21962.445
7. Current log-likelihood: -21962.372
8. Current log-likelihood: -21962.303
9. Current log-likelihood: -21962.238
10. Current log-likelihood: -21962.178
11. Current log-likelihood: -21962.124
12. Current log-likelihood: -21962.073
13. Current log-likelihood: -21962.024
14. Current log-likelihood: -21961.979
15. Current log-likelihood: -21961.934
16. Current log-likelihood: -21961.892
17. Current log-likelihood: -21961.851
18. Current log-likelihood: -21961.814
19. Current log-likelihood: -21961.781
20. Current log-likelihood: -21961.759
21. Current log-likelihood: -21961.729
22. Current log-likelihood: -21961.698
23. Current log-likelihood: -21961.679
24. Current log-likelihood: -21961.660
25. Current log-likelihood: -21961.635
26. Current log-likelihood: -21961.619
27. Current log-likelihood: -21961.603
28. Current log-likelihood: -21961.587
29. Current log-likelihood: -21961.571
30. Current log-likelihood: -21961.556
31. Current log-likelihood: -21961.541
32. Current log-likelihood: -21961.526
33. Current log-likelihood: -21961.512
34. Current log-likelihood: -21961.498
35. Current log-likelihood: -21961.485
36. Current log-likelihood: -21961.472
37. Current log-likelihood: -21961.461
Optimal log-likelihood: -21961.446
Rate parameters:  A-C: 1.36254  A-G: 6.37402  A-T: 0.70063  C-G: 0.22361  C-T: 9.75487  G-T: 1.00000
Base frequencies:  A: 0.295  C: 0.206  G: 0.238  T: 0.261
Site proportion and rates:  (0.559,0.052) (0.113,0.720) (0.240,2.101) (0.089,4.350)
Parameters optimization took 37 rounds (19.079 sec)
BEST SCORE FOUND : -21961.446
Ancestral state probabilities printed to all_outgroups_aligned.fasta.state
Total tree length: 3.608

Total number of iterations: 104
CPU time used for tree search: 177.583 sec (0h:2m:57s)
Wall-clock time used for tree search: 177.899 sec (0h:2m:57s)
Total CPU time used: 218.784 sec (0h:3m:38s)
Total wall-clock time used: 219.660 sec (0h:3m:39s)

Analysis results written to: 
  IQ-TREE report:                all_outgroups_aligned.fasta.iqtree
  Maximum-likelihood tree:       all_outgroups_aligned.fasta.treefile
  Likelihood distances:          all_outgroups_aligned.fasta.mldist
  Ancestral state:               all_outgroups_aligned.fasta.state
  Screen log file:               all_outgroups_aligned.fasta.log

Date and Time: Thu Apr  9 16:52:27 2026
